
****** Vitis HLS - High-Level Synthesis from C, C++ and OpenCL v2024.2 (64-bit)
  **** SW Build 5238294 on Nov  8 2024
  **** IP Build 5239520 on Sun Nov 10 16:12:51 MST 2024
  **** SharedData Build 5239561 on Fri Nov 08 14:39:27 MST 2024
  **** Start of session at: Sat Mar 14 17:51:13 2026
    ** Copyright 1986-2022 Xilinx, Inc. All Rights Reserved.
    ** Copyright 2022-2024 Advanced Micro Devices, Inc. All Rights Reserved.

source G:/PostGraduateFile/Xilinx/Vitis/2024.2/scripts/vitis_hls/hls.tcl -notrace
INFO: [HLS 200-10] For user 'Lenovo' on host 'laptop-lc5o154v' (Windows NT_amd64 version 10.0) on Sat Mar 14 17:51:14 +0800 2026
INFO: [HLS 200-10] In directory 'G:/3DSLED/icocnn/hls_src/HLS/layer1'
WARNING: [HLS 200-2053] The vitis_hls executable is deprecated. Consider using vitis-run --mode hls --tcl
Sourcing Tcl script 'run_hls.tcl'
=== Vitis HLS Terminal Flow ===
Project  : layer1_hls_prj
Solution : sol1
Top      : conv_ico_layer1
Part     : xc7k325tffg900-2
Clock(ns): 5.0
Mode     : quick
Removing existing project: layer1_hls_prj
INFO: [HLS 200-1510] Running: open_project layer1_hls_prj 
INFO: [HLS 200-10] Creating and opening project 'G:/3DSLED/icocnn/hls_src/HLS/layer1/layer1_hls_prj'.
INFO: [HLS 200-1510] Running: set_top conv_ico_layer1 
INFO: [HLS 200-1510] Running: add_files ico_conv_layer1.cpp 
INFO: [HLS 200-10] Adding design file 'ico_conv_layer1.cpp' to the project
INFO: [HLS 200-1510] Running: add_files ico_conv_layer1.hpp 
INFO: [HLS 200-10] Adding design file 'ico_conv_layer1.hpp' to the project
INFO: [HLS 200-1510] Running: add_files ../common/utils.hpp 
INFO: [HLS 200-10] Adding design file '../common/utils.hpp' to the project
INFO: [HLS 200-1510] Running: add_files -tb test_ico_conv_layer1.cpp 
INFO: [HLS 200-10] Adding test bench file 'test_ico_conv_layer1.cpp' to the project
INFO: [HLS 200-1510] Running: open_solution -reset sol1 
INFO: [HLS 200-10] Creating and opening solution 'G:/3DSLED/icocnn/hls_src/HLS/layer1/layer1_hls_prj/sol1'.
INFO: [HLS 200-10] Cleaning up the solution database.
INFO: [HLS 200-1505] Using default flow_target 'vivado'
Resolution: For help on HLS 200-1505 see docs.xilinx.com/access/sources/dita/topic?Doc_Version=2024.2%20English&url=ug1448-hls-guidance&resourceid=200-1505.html
INFO: [HLS 200-1510] Running: set_part xc7k325tffg900-2 
INFO: [HLS 200-1611] Setting target device to 'xc7k325t-ffg900-2'
INFO: [HLS 200-1510] Running: create_clock -period 5.0 -name default 
INFO: [SYN 201-201] Setting up clock 'default' with a period of 5ns.
INFO: [HLS 200-1510] Running: csim_design -clean 
INFO: [SIM 211-2] *************** CSIM start ***************
INFO: [SIM 211-4] CSIM will launch CLANG as the compiler.
INFO: [HLS 200-2036] Building debug C Simulation binaries
   Compiling ../../../../test_ico_conv_layer1.cpp in debug mode
   Compiling ../../../../ico_conv_layer1.cpp in debug mode
   Generating csim.exe
=== IcoConv Layer 1 C Verification ===
Data dir: ../../../../../../../hls_testdata/layer1/
Running conv_ico_layer1...
Layer1 Output: size=1597440, min=-4.67269, max=3.79097, mean=-0.250838
Max Error: 1.23978e-05
RMSE: 1.00145e-06
PASS
INFO: [SIM 211-1] CSim done with 0 errors.
INFO: [SIM 211-3] *************** CSIM finish ***************
INFO: [HLS 200-2161] Finished Command csim_design Elapsed time: 00:00:42; Allocated memory: 0.566 MB.
INFO: [HLS 200-1510] Running: csynth_design 
INFO: [HLS 200-111] Finished File checks and directory preparation: CPU user time: 1 seconds. CPU system time: 0 seconds. Elapsed time: 0.128 seconds; current allocated memory: 618.406 MB.
INFO: [HLS 200-10] Analyzing design file 'ico_conv_layer1.cpp' ... 
INFO: [HLS 200-111] Finished Source Code Analysis and Preprocessing: CPU user time: 0 seconds. CPU system time: 0 seconds. Elapsed time: 2.165 seconds; current allocated memory: 621.566 MB.
INFO: [HLS 200-777] Using interface defaults for 'Vivado' flow target.
INFO: [HLS 200-1995] There were 927 instructions in the design after the 'Compile/Link' phase of compilation. See the Design Size Report for more details: G:/3DSLED/icocnn/hls_src/HLS/layer1/layer1_hls_prj/sol1/syn/report/csynth_design_size.rpt
INFO: [HLS 200-1995] There were 581 instructions in the design after the 'Unroll/Inline (step 1)' phase of compilation. See the Design Size Report for more details: G:/3DSLED/icocnn/hls_src/HLS/layer1/layer1_hls_prj/sol1/syn/report/csynth_design_size.rpt
INFO: [HLS 200-1995] There were 437 instructions in the design after the 'Unroll/Inline (step 2)' phase of compilation. See the Design Size Report for more details: G:/3DSLED/icocnn/hls_src/HLS/layer1/layer1_hls_prj/sol1/syn/report/csynth_design_size.rpt
INFO: [HLS 200-1995] There were 401 instructions in the design after the 'Unroll/Inline (step 3)' phase of compilation. See the Design Size Report for more details: G:/3DSLED/icocnn/hls_src/HLS/layer1/layer1_hls_prj/sol1/syn/report/csynth_design_size.rpt
INFO: [HLS 200-1995] There were 401 instructions in the design after the 'Unroll/Inline (step 4)' phase of compilation. See the Design Size Report for more details: G:/3DSLED/icocnn/hls_src/HLS/layer1/layer1_hls_prj/sol1/syn/report/csynth_design_size.rpt
INFO: [HLS 200-1995] There were 514 instructions in the design after the 'Array/Struct (step 1)' phase of compilation. See the Design Size Report for more details: G:/3DSLED/icocnn/hls_src/HLS/layer1/layer1_hls_prj/sol1/syn/report/csynth_design_size.rpt
INFO: [HLS 200-1995] There were 512 instructions in the design after the 'Array/Struct (step 2)' phase of compilation. See the Design Size Report for more details: G:/3DSLED/icocnn/hls_src/HLS/layer1/layer1_hls_prj/sol1/syn/report/csynth_design_size.rpt
INFO: [HLS 200-1995] There were 512 instructions in the design after the 'Array/Struct (step 3)' phase of compilation. See the Design Size Report for more details: G:/3DSLED/icocnn/hls_src/HLS/layer1/layer1_hls_prj/sol1/syn/report/csynth_design_size.rpt
INFO: [HLS 200-1995] There were 512 instructions in the design after the 'Array/Struct (step 4)' phase of compilation. See the Design Size Report for more details: G:/3DSLED/icocnn/hls_src/HLS/layer1/layer1_hls_prj/sol1/syn/report/csynth_design_size.rpt
INFO: [HLS 200-1995] There were 524 instructions in the design after the 'Array/Struct (step 5)' phase of compilation. See the Design Size Report for more details: G:/3DSLED/icocnn/hls_src/HLS/layer1/layer1_hls_prj/sol1/syn/report/csynth_design_size.rpt
INFO: [HLS 200-1995] There were 524 instructions in the design after the 'Performance (step 1)' phase of compilation. See the Design Size Report for more details: G:/3DSLED/icocnn/hls_src/HLS/layer1/layer1_hls_prj/sol1/syn/report/csynth_design_size.rpt
INFO: [HLS 200-1995] There were 813 instructions in the design after the 'Performance (step 2)' phase of compilation. See the Design Size Report for more details: G:/3DSLED/icocnn/hls_src/HLS/layer1/layer1_hls_prj/sol1/syn/report/csynth_design_size.rpt
INFO: [HLS 200-1995] There were 813 instructions in the design after the 'Performance (step 3)' phase of compilation. See the Design Size Report for more details: G:/3DSLED/icocnn/hls_src/HLS/layer1/layer1_hls_prj/sol1/syn/report/csynth_design_size.rpt
INFO: [HLS 200-1995] There were 813 instructions in the design after the 'Performance (step 4)' phase of compilation. See the Design Size Report for more details: G:/3DSLED/icocnn/hls_src/HLS/layer1/layer1_hls_prj/sol1/syn/report/csynth_design_size.rpt
INFO: [HLS 200-1995] There were 958 instructions in the design after the 'HW Transforms (step 1)' phase of compilation. See the Design Size Report for more details: G:/3DSLED/icocnn/hls_src/HLS/layer1/layer1_hls_prj/sol1/syn/report/csynth_design_size.rpt
INFO: [HLS 200-1995] There were 1,069 instructions in the design after the 'HW Transforms (step 2)' phase of compilation. See the Design Size Report for more details: G:/3DSLED/icocnn/hls_src/HLS/layer1/layer1_hls_prj/sol1/syn/report/csynth_design_size.rpt
INFO: [HLS 214-178] Inlining function 'expanded_weight_at(float const (*) [32][6][7], int const (*) [6][32][6][9][4], int, int, int, int, int, int)' into 'conv_ico_layer1(float (*) [32][6][5][4][8], float const (*) [32][6][7], float const*, int const (*) [6][32][6][9][4], int const (*) [5][6][10], float (*) [32][6][5][4][8])' (ico_conv_layer1.cpp:236:0)
INFO: [HLS 214-248] Applying array_partition to 'psum': Complete partitioning on dimension 1. (ico_conv_layer1.cpp:249:20)
INFO: [HLS 214-248] Applying array_partition to 'weight': Cyclic partitioning with factor 2 on dimension 1. (ico_conv_layer1.cpp:236:0)
INFO: [HLS 214-248] Applying array_partition to 'bias': Cyclic partitioning with factor 2 on dimension 1. (ico_conv_layer1.cpp:236:0)
INFO: [HLS 214-376] automatically set the pipeline for Loop< VITIS_LOOP_122_9> at ico_conv_layer1.cpp:122:39 
INFO: [HLS 214-376] automatically set the pipeline for Loop< VITIS_LOOP_111_5> at ico_conv_layer1.cpp:111:31 
INFO: [HLS 214-376] automatically set the pipeline for Loop< VITIS_LOOP_89_2> at ico_conv_layer1.cpp:89:26 
INFO: [HLS 214-376] automatically set the pipeline for Loop< VITIS_LOOP_144_11> at ico_conv_layer1.cpp:144:32 
INFO: [HLS 214-376] automatically set the pipeline for Loop< VITIS_LOOP_317_27> at ico_conv_layer1.cpp:317:32 
INFO: [HLS 214-376] automatically set the pipeline for Loop< VITIS_LOOP_309_25> at ico_conv_layer1.cpp:309:36 
INFO: [HLS 214-376] automatically set the pipeline for Loop< VITIS_LOOP_298_22> at ico_conv_layer1.cpp:298:48 
INFO: [HLS 214-376] automatically set the pipeline for Loop< VITIS_LOOP_276_17> at ico_conv_layer1.cpp:276:68 
INFO: [HLS 214-376] automatically set the pipeline for Loop< VITIS_LOOP_256_7> at ico_conv_layer1.cpp:256:47 
INFO: [HLS 214-291] Loop 'VITIS_LOOP_321_28' is marked as complete unroll implied by the pipeline pragma (ico_conv_layer1.cpp:321:36)
INFO: [HLS 214-291] Loop 'VITIS_LOOP_335_29' is marked as complete unroll implied by the pipeline pragma (ico_conv_layer1.cpp:335:36)
INFO: [HLS 214-291] Loop 'VITIS_LOOP_93_3' is marked as complete unroll implied by the pipeline pragma (ico_conv_layer1.cpp:93:30)
INFO: [HLS 214-186] Unrolling loop 'VITIS_LOOP_321_28' (ico_conv_layer1.cpp:321:36) in function 'conv_ico_layer1' completely with a factor of 6 (ico_conv_layer1.cpp:236:0)
INFO: [HLS 214-186] Unrolling loop 'VITIS_LOOP_335_29' (ico_conv_layer1.cpp:335:36) in function 'conv_ico_layer1' completely with a factor of 6 (ico_conv_layer1.cpp:236:0)
INFO: [HLS 214-186] Unrolling loop 'VITIS_LOOP_93_3' (ico_conv_layer1.cpp:93:30) in function 'pad_ico' completely with a factor of 6 (ico_conv_layer1.cpp:81:0)
INFO: [HLS 214-437] Automatically disabling loop flattening for loop 'VITIS_LOOP_264_8'. (ico_conv_layer1.cpp:264:31)
INFO: [HLS 200-111] Finished Compiling Optimization and Transform: CPU user time: 0 seconds. CPU system time: 1 seconds. Elapsed time: 8.153 seconds; current allocated memory: 623.191 MB.
INFO: [HLS 200-111] Finished Checking Pragmas: CPU user time: 0 seconds. CPU system time: 0 seconds. Elapsed time: 0.005 seconds; current allocated memory: 623.191 MB.
INFO: [HLS 200-10] Starting code transformations ...
INFO: [HLS 200-111] Finished Standard Transforms: CPU user time: 0 seconds. CPU system time: 0 seconds. Elapsed time: 0.125 seconds; current allocated memory: 628.449 MB.
INFO: [HLS 200-10] Checking synthesizability ...
INFO: [HLS 200-111] Finished Checking Synthesizability: CPU user time: 0 seconds. CPU system time: 0 seconds. Elapsed time: 0.111 seconds; current allocated memory: 631.867 MB.
INFO: [XFORM 203-401] Performing if-conversion on hyperblock from (ico_conv_layer1.cpp:122:48) to (ico_conv_layer1.cpp:122:39) in function 'pad_ico'... converting 5 basic blocks.
INFO: [XFORM 203-401] Performing if-conversion on hyperblock from (ico_conv_layer1.cpp:276:77) to (ico_conv_layer1.cpp:276:68) in function 'conv_ico_layer1'... converting 3 basic blocks.
INFO: [HLS 200-111] Finished Loop, function and other optimizations: CPU user time: 1 seconds. CPU system time: 0 seconds. Elapsed time: 0.438 seconds; current allocated memory: 655.426 MB.
INFO: [HLS 200-2061] Successfully converted nested loops 'VITIS_LOOP_110_4'(ico_conv_layer1.cpp:110:27) and 'VITIS_LOOP_111_5'(ico_conv_layer1.cpp:111:31) in function 'pad_ico' into perfectly nested loops.
INFO: [HLS 200-2061] Successfully converted nested loops 'VITIS_LOOP_121_8'(ico_conv_layer1.cpp:121:35) and 'VITIS_LOOP_122_9'(ico_conv_layer1.cpp:122:39) in function 'pad_ico' into perfectly nested loops.
INFO: [HLS 200-2061] Successfully converted nested loops 'VITIS_LOOP_120_7'(ico_conv_layer1.cpp:120:31) and 'VITIS_LOOP_121_8'(ico_conv_layer1.cpp:121:35) in function 'pad_ico' into perfectly nested loops.
INFO: [HLS 200-2061] Successfully converted nested loops 'VITIS_LOOP_119_6'(ico_conv_layer1.cpp:119:27) and 'VITIS_LOOP_120_7'(ico_conv_layer1.cpp:120:31) in function 'pad_ico' into perfectly nested loops.
INFO: [HLS 200-2061] Successfully converted nested loops 'VITIS_LOOP_143_10'(ico_conv_layer1.cpp:143:28) and 'VITIS_LOOP_144_11'(ico_conv_layer1.cpp:144:32) in function 'pad_ico' into perfectly nested loops.
INFO: [HLS 200-2061] Successfully converted nested loops 'VITIS_LOOP_255_6'(ico_conv_layer1.cpp:255:43) and 'VITIS_LOOP_256_7'(ico_conv_layer1.cpp:256:47) in function 'conv_ico_layer1' into perfectly nested loops.
INFO: [HLS 200-2061] Successfully converted nested loops 'VITIS_LOOP_254_5'(ico_conv_layer1.cpp:254:39) and 'VITIS_LOOP_255_6'(ico_conv_layer1.cpp:255:43) in function 'conv_ico_layer1' into perfectly nested loops.
INFO: [HLS 200-2061] Successfully converted nested loops 'VITIS_LOOP_253_4'(ico_conv_layer1.cpp:253:35) and 'VITIS_LOOP_254_5'(ico_conv_layer1.cpp:254:39) in function 'conv_ico_layer1' into perfectly nested loops.
INFO: [HLS 200-2061] Successfully converted nested loops 'VITIS_LOOP_252_3'(ico_conv_layer1.cpp:252:20) and 'VITIS_LOOP_253_4'(ico_conv_layer1.cpp:253:35) in function 'conv_ico_layer1' into perfectly nested loops.
INFO: [HLS 200-2061] Successfully converted nested loops 'VITIS_LOOP_275_16'(ico_conv_layer1.cpp:275:64) and 'VITIS_LOOP_276_17'(ico_conv_layer1.cpp:276:68) in function 'conv_ico_layer1' into perfectly nested loops.
INFO: [HLS 200-2061] Successfully converted nested loops 'VITIS_LOOP_274_15'(ico_conv_layer1.cpp:274:60) and 'VITIS_LOOP_275_16'(ico_conv_layer1.cpp:275:64) in function 'conv_ico_layer1' into perfectly nested loops.
INFO: [HLS 200-2061] Successfully converted nested loops 'VITIS_LOOP_272_14'(ico_conv_layer1.cpp:272:56) and 'VITIS_LOOP_274_15'(ico_conv_layer1.cpp:274:60) in function 'conv_ico_layer1' into perfectly nested loops.
INFO: [HLS 200-2061] Successfully converted nested loops 'VITIS_LOOP_297_21'(ico_conv_layer1.cpp:297:44) and 'VITIS_LOOP_298_22'(ico_conv_layer1.cpp:298:48) in function 'conv_ico_layer1' into perfectly nested loops.
INFO: [HLS 200-2061] Successfully converted nested loops 'VITIS_LOOP_296_20'(ico_conv_layer1.cpp:296:40) and 'VITIS_LOOP_297_21'(ico_conv_layer1.cpp:297:44) in function 'conv_ico_layer1' into perfectly nested loops.
INFO: [HLS 200-2061] Successfully converted nested loops 'VITIS_LOOP_295_19'(ico_conv_layer1.cpp:295:36) and 'VITIS_LOOP_296_20'(ico_conv_layer1.cpp:296:40) in function 'conv_ico_layer1' into perfectly nested loops.
INFO: [HLS 200-2061] Successfully converted nested loops 'VITIS_LOOP_293_18'(ico_conv_layer1.cpp:293:32) and 'VITIS_LOOP_295_19'(ico_conv_layer1.cpp:295:36) in function 'conv_ico_layer1' into perfectly nested loops.
INFO: [HLS 200-2061] Successfully converted nested loops 'VITIS_LOOP_308_24'(ico_conv_layer1.cpp:308:32) and 'VITIS_LOOP_309_25'(ico_conv_layer1.cpp:309:36) in function 'conv_ico_layer1' into perfectly nested loops.
INFO: [HLS 200-2061] Successfully converted nested loops 'VITIS_LOOP_307_23'(ico_conv_layer1.cpp:307:28) and 'VITIS_LOOP_308_24'(ico_conv_layer1.cpp:308:32) in function 'conv_ico_layer1' into perfectly nested loops.
INFO: [HLS 200-2061] Successfully converted nested loops 'VITIS_LOOP_316_26'(ico_conv_layer1.cpp:316:28) and 'VITIS_LOOP_317_27'(ico_conv_layer1.cpp:317:32) in function 'conv_ico_layer1' into perfectly nested loops.
INFO: [XFORM 203-541] Flattening a loop nest 'VITIS_LOOP_110_4' (ico_conv_layer1.cpp:110:27) in function 'pad_ico'.
INFO: [XFORM 203-541] Flattening a loop nest 'VITIS_LOOP_121_8' (ico_conv_layer1.cpp:121:35) in function 'pad_ico'.
INFO: [XFORM 203-541] Flattening a loop nest 'VITIS_LOOP_120_7' (ico_conv_layer1.cpp:120:31) in function 'pad_ico'.
INFO: [XFORM 203-541] Flattening a loop nest 'VITIS_LOOP_119_6' (ico_conv_layer1.cpp:119:27) in function 'pad_ico'.
INFO: [XFORM 203-541] Flattening a loop nest 'VITIS_LOOP_143_10' (ico_conv_layer1.cpp:143:28) in function 'pad_ico'.
INFO: [XFORM 203-541] Flattening a loop nest 'VITIS_LOOP_255_6' (ico_conv_layer1.cpp:255:43) in function 'conv_ico_layer1'.
INFO: [XFORM 203-541] Flattening a loop nest 'VITIS_LOOP_254_5' (ico_conv_layer1.cpp:254:39) in function 'conv_ico_layer1'.
INFO: [XFORM 203-541] Flattening a loop nest 'VITIS_LOOP_253_4' (ico_conv_layer1.cpp:253:35) in function 'conv_ico_layer1'.
INFO: [XFORM 203-541] Flattening a loop nest 'VITIS_LOOP_252_3' (ico_conv_layer1.cpp:252:20) in function 'conv_ico_layer1'.
INFO: [XFORM 203-541] Flattening a loop nest 'VITIS_LOOP_275_16' (ico_conv_layer1.cpp:275:64) in function 'conv_ico_layer1'.
INFO: [XFORM 203-541] Flattening a loop nest 'VITIS_LOOP_274_15' (ico_conv_layer1.cpp:274:60) in function 'conv_ico_layer1'.
INFO: [XFORM 203-541] Flattening a loop nest 'VITIS_LOOP_272_14' (ico_conv_layer1.cpp:272:56) in function 'conv_ico_layer1'.
WARNING: [HLS 200-960] Cannot flatten loop 'VITIS_LOOP_270_13' (ico_conv_layer1.cpp:270:52) in function 'conv_ico_layer1' the outer loop is not a perfect loop because there is nontrivial logic before entering the inner loop.
Resolution: For help on HLS 200-960 see docs.xilinx.com/access/sources/dita/topic?Doc_Version=2024.2%20English&url=ug1448-hls-guidance&resourceid=200-960.html
INFO: [XFORM 203-541] Flattening a loop nest 'VITIS_LOOP_297_21' (ico_conv_layer1.cpp:297:44) in function 'conv_ico_layer1'.
INFO: [XFORM 203-541] Flattening a loop nest 'VITIS_LOOP_296_20' (ico_conv_layer1.cpp:296:40) in function 'conv_ico_layer1'.
INFO: [XFORM 203-541] Flattening a loop nest 'VITIS_LOOP_295_19' (ico_conv_layer1.cpp:295:36) in function 'conv_ico_layer1'.
INFO: [XFORM 203-541] Flattening a loop nest 'VITIS_LOOP_293_18' (ico_conv_layer1.cpp:293:32) in function 'conv_ico_layer1'.
INFO: [XFORM 203-541] Flattening a loop nest 'VITIS_LOOP_308_24' (ico_conv_layer1.cpp:308:32) in function 'conv_ico_layer1'.
INFO: [XFORM 203-541] Flattening a loop nest 'VITIS_LOOP_307_23' (ico_conv_layer1.cpp:307:28) in function 'conv_ico_layer1'.
INFO: [XFORM 203-541] Flattening a loop nest 'VITIS_LOOP_316_26' (ico_conv_layer1.cpp:316:28) in function 'conv_ico_layer1'.
INFO: [HLS 200-111] Finished Architecture Synthesis: CPU user time: 1 seconds. CPU system time: 0 seconds. Elapsed time: 0.74 seconds; current allocated memory: 739.996 MB.
INFO: [HLS 200-10] Starting hardware synthesis ...
INFO: [HLS 200-10] Synthesizing 'conv_ico_layer1' ...
INFO: [HLS 200-10] ----------------------------------------------------------------
INFO: [HLS 200-42] -- Implementing module 'pad_ico_Pipeline_VITIS_LOOP_89_2' 
INFO: [HLS 200-10] ----------------------------------------------------------------
INFO: [SCHED 204-11] Starting scheduling ...
INFO: [SCHED 204-61] Pipelining loop 'VITIS_LOOP_89_2'.
WARNING: [HLS 200-885] The II Violation in module 'pad_ico_Pipeline_VITIS_LOOP_89_2' (loop 'VITIS_LOOP_89_2'): Unable to schedule 'load' operation 32 bit ('input_r_load_5', ico_conv_layer1.cpp:100) on array 'input_r' due to limited memory ports (II = 1). Please consider using a memory core with more ports or partitioning the array 'input_r'.
Resolution: For help on HLS 200-885 see docs.xilinx.com/access/sources/dita/topic?Doc_Version=2024.2%20English&url=ug1448-hls-guidance&resourceid=200-885.html
WARNING: [HLS 200-885] The II Violation in module 'pad_ico_Pipeline_VITIS_LOOP_89_2' (loop 'VITIS_LOOP_89_2'): Unable to schedule 'load' operation 32 bit ('input_r_load_6', ico_conv_layer1.cpp:101) on array 'input_r' due to limited memory ports (II = 2). Please consider using a memory core with more ports or partitioning the array 'input_r'.
Resolution: For help on HLS 200-885 see docs.xilinx.com/access/sources/dita/topic?Doc_Version=2024.2%20English&url=ug1448-hls-guidance&resourceid=200-885.html
WARNING: [HLS 200-885] The II Violation in module 'pad_ico_Pipeline_VITIS_LOOP_89_2' (loop 'VITIS_LOOP_89_2'): Unable to schedule 'load' operation 32 bit ('input_r_load_7', ico_conv_layer1.cpp:102) on array 'input_r' due to limited memory ports (II = 3). Please consider using a memory core with more ports or partitioning the array 'input_r'.
Resolution: For help on HLS 200-885 see docs.xilinx.com/access/sources/dita/topic?Doc_Version=2024.2%20English&url=ug1448-hls-guidance&resourceid=200-885.html
WARNING: [HLS 200-885] The II Violation in module 'pad_ico_Pipeline_VITIS_LOOP_89_2' (loop 'VITIS_LOOP_89_2'): Unable to schedule 'load' operation 32 bit ('input_r_load_8', ico_conv_layer1.cpp:103) on array 'input_r' due to limited memory ports (II = 4). Please consider using a memory core with more ports or partitioning the array 'input_r'.
Resolution: For help on HLS 200-885 see docs.xilinx.com/access/sources/dita/topic?Doc_Version=2024.2%20English&url=ug1448-hls-guidance&resourceid=200-885.html
WARNING: [HLS 200-885] The II Violation in module 'pad_ico_Pipeline_VITIS_LOOP_89_2' (loop 'VITIS_LOOP_89_2'): Unable to schedule 'load' operation 32 bit ('input_r_load_38', ico_conv_layer1.cpp:103) on array 'input_r' due to limited memory ports (II = 19). Please consider using a memory core with more ports or partitioning the array 'input_r'.
Resolution: For help on HLS 200-885 see docs.xilinx.com/access/sources/dita/topic?Doc_Version=2024.2%20English&url=ug1448-hls-guidance&resourceid=200-885.html
WARNING: [HLS 200-885] The II Violation in module 'pad_ico_Pipeline_VITIS_LOOP_89_2' (loop 'VITIS_LOOP_89_2'): Unable to schedule 'load' operation 32 bit ('input_r_load_56', ico_conv_layer1.cpp:101) on array 'input_r' due to limited memory ports (II = 27). Please consider using a memory core with more ports or partitioning the array 'input_r'.
Resolution: For help on HLS 200-885 see docs.xilinx.com/access/sources/dita/topic?Doc_Version=2024.2%20English&url=ug1448-hls-guidance&resourceid=200-885.html
WARNING: [HLS 200-885] The II Violation in module 'pad_ico_Pipeline_VITIS_LOOP_89_2' (loop 'VITIS_LOOP_89_2'): Unable to schedule 'load' operation 32 bit ('input_r_load_58', ico_conv_layer1.cpp:103) on array 'input_r' due to limited memory ports (II = 29). Please consider using a memory core with more ports or partitioning the array 'input_r'.
Resolution: For help on HLS 200-885 see docs.xilinx.com/access/sources/dita/topic?Doc_Version=2024.2%20English&url=ug1448-hls-guidance&resourceid=200-885.html
INFO: [HLS 200-1470] Pipelining result : Target II = NA, Final II = 30, Depth = 262, loop 'VITIS_LOOP_89_2'
INFO: [SCHED 204-11] Finished scheduling.
INFO: [HLS 200-111] Finished Scheduling: CPU user time: 0 seconds. CPU system time: 0 seconds. Elapsed time: 0.711 seconds; current allocated memory: 748.109 MB.
INFO: [BIND 205-100] Starting micro-architecture generation ...
INFO: [BIND 205-101] Performing variable lifetime analysis.
INFO: [BIND 205-101] Exploring resource sharing.
INFO: [BIND 205-101] Binding ...
INFO: [BIND 205-100] Finished micro-architecture generation.
INFO: [HLS 200-111] Finished Binding: CPU user time: 0 seconds. CPU system time: 0 seconds. Elapsed time: 0.218 seconds; current allocated memory: 750.270 MB.
INFO: [HLS 200-10] ----------------------------------------------------------------
INFO: [HLS 200-42] -- Implementing module 'pad_ico_Pipeline_VITIS_LOOP_110_4_VITIS_LOOP_111_5' 
INFO: [HLS 200-10] ----------------------------------------------------------------
INFO: [SCHED 204-11] Starting scheduling ...
INFO: [SCHED 204-61] Pipelining loop 'VITIS_LOOP_110_4_VITIS_LOOP_111_5'.
WARNING: [HLS 200-880] The II Violation in module 'pad_ico_Pipeline_VITIS_LOOP_110_4_VITIS_LOOP_111_5' (loop 'VITIS_LOOP_110_4_VITIS_LOOP_111_5'): Unable to enforce a carried dependence constraint (II = 1, distance = 1, offset = 1) between 'store' operation 0 bit ('smooth_south_pole_sum_1_write_ln87', ico_conv_layer1.cpp:87) of variable 'smooth_south_pole_sum', ico_conv_layer1.cpp:113 on local variable 'smooth_south_pole_sum', ico_conv_layer1.cpp:87 and 'fadd' operation 32 bit ('smooth_south_pole_sum', ico_conv_layer1.cpp:113).
Resolution: For help on HLS 200-880 see docs.xilinx.com/access/sources/dita/topic?Doc_Version=2024.2%20English&url=ug1448-hls-guidance&resourceid=200-880.html
WARNING: [HLS 200-880] The II Violation in module 'pad_ico_Pipeline_VITIS_LOOP_110_4_VITIS_LOOP_111_5' (loop 'VITIS_LOOP_110_4_VITIS_LOOP_111_5'): Unable to enforce a carried dependence constraint (II = 2, distance = 1, offset = 1) between 'store' operation 0 bit ('smooth_south_pole_sum_1_write_ln87', ico_conv_layer1.cpp:87) of variable 'smooth_south_pole_sum', ico_conv_layer1.cpp:113 on local variable 'smooth_south_pole_sum', ico_conv_layer1.cpp:87 and 'fadd' operation 32 bit ('smooth_south_pole_sum', ico_conv_layer1.cpp:113).
Resolution: For help on HLS 200-880 see docs.xilinx.com/access/sources/dita/topic?Doc_Version=2024.2%20English&url=ug1448-hls-guidance&resourceid=200-880.html
WARNING: [HLS 200-880] The II Violation in module 'pad_ico_Pipeline_VITIS_LOOP_110_4_VITIS_LOOP_111_5' (loop 'VITIS_LOOP_110_4_VITIS_LOOP_111_5'): Unable to enforce a carried dependence constraint (II = 3, distance = 1, offset = 1) between 'store' operation 0 bit ('smooth_south_pole_sum_1_write_ln87', ico_conv_layer1.cpp:87) of variable 'smooth_south_pole_sum', ico_conv_layer1.cpp:113 on local variable 'smooth_south_pole_sum', ico_conv_layer1.cpp:87 and 'fadd' operation 32 bit ('smooth_south_pole_sum', ico_conv_layer1.cpp:113).
Resolution: For help on HLS 200-880 see docs.xilinx.com/access/sources/dita/topic?Doc_Version=2024.2%20English&url=ug1448-hls-guidance&resourceid=200-880.html
WARNING: [HLS 200-880] The II Violation in module 'pad_ico_Pipeline_VITIS_LOOP_110_4_VITIS_LOOP_111_5' (loop 'VITIS_LOOP_110_4_VITIS_LOOP_111_5'): Unable to enforce a carried dependence constraint (II = 4, distance = 1, offset = 1) between 'store' operation 0 bit ('smooth_south_pole_sum_1_write_ln87', ico_conv_layer1.cpp:87) of variable 'smooth_south_pole_sum', ico_conv_layer1.cpp:113 on local variable 'smooth_south_pole_sum', ico_conv_layer1.cpp:87 and 'fadd' operation 32 bit ('smooth_south_pole_sum', ico_conv_layer1.cpp:113).
Resolution: For help on HLS 200-880 see docs.xilinx.com/access/sources/dita/topic?Doc_Version=2024.2%20English&url=ug1448-hls-guidance&resourceid=200-880.html
WARNING: [HLS 200-880] The II Violation in module 'pad_ico_Pipeline_VITIS_LOOP_110_4_VITIS_LOOP_111_5' (loop 'VITIS_LOOP_110_4_VITIS_LOOP_111_5'): Unable to enforce a carried dependence constraint (II = 7, distance = 1, offset = 1) between 'store' operation 0 bit ('smooth_south_pole_sum_1_write_ln87', ico_conv_layer1.cpp:87) of variable 'smooth_south_pole_sum', ico_conv_layer1.cpp:113 on local variable 'smooth_south_pole_sum', ico_conv_layer1.cpp:87 and 'fadd' operation 32 bit ('smooth_south_pole_sum', ico_conv_layer1.cpp:113).
Resolution: For help on HLS 200-880 see docs.xilinx.com/access/sources/dita/topic?Doc_Version=2024.2%20English&url=ug1448-hls-guidance&resourceid=200-880.html
WARNING: [HLS 200-880] The II Violation in module 'pad_ico_Pipeline_VITIS_LOOP_110_4_VITIS_LOOP_111_5' (loop 'VITIS_LOOP_110_4_VITIS_LOOP_111_5'): Unable to enforce a carried dependence constraint (II = 8, distance = 1, offset = 1) between 'store' operation 0 bit ('smooth_south_pole_sum_1_write_ln87', ico_conv_layer1.cpp:87) of variable 'smooth_south_pole_sum', ico_conv_layer1.cpp:113 on local variable 'smooth_south_pole_sum', ico_conv_layer1.cpp:87 and 'fadd' operation 32 bit ('smooth_south_pole_sum', ico_conv_layer1.cpp:113).
Resolution: For help on HLS 200-880 see docs.xilinx.com/access/sources/dita/topic?Doc_Version=2024.2%20English&url=ug1448-hls-guidance&resourceid=200-880.html
INFO: [HLS 200-1470] Pipelining result : Target II = NA, Final II = 9, Depth = 14, loop 'VITIS_LOOP_110_4_VITIS_LOOP_111_5'
INFO: [SCHED 204-11] Finished scheduling.
INFO: [HLS 200-111] Finished Scheduling: CPU user time: 0 seconds. CPU system time: 0 seconds. Elapsed time: 0.234 seconds; current allocated memory: 750.984 MB.
INFO: [BIND 205-100] Starting micro-architecture generation ...
INFO: [BIND 205-101] Performing variable lifetime analysis.
INFO: [BIND 205-101] Exploring resource sharing.
INFO: [BIND 205-101] Binding ...
INFO: [BIND 205-100] Finished micro-architecture generation.
INFO: [HLS 200-111] Finished Binding: CPU user time: 0 seconds. CPU system time: 0 seconds. Elapsed time: 0.049 seconds; current allocated memory: 751.078 MB.
INFO: [HLS 200-10] ----------------------------------------------------------------
INFO: [HLS 200-42] -- Implementing module 'pad_ico_Pipeline_VITIS_LOOP_119_6_VITIS_LOOP_120_7_VITIS_LOOP_121_8_VITIS_LOOP_1' 
INFO: [HLS 200-10] ----------------------------------------------------------------
INFO: [SCHED 204-11] Starting scheduling ...
INFO: [SCHED 204-61] Pipelining loop 'VITIS_LOOP_119_6_VITIS_LOOP_120_7_VITIS_LOOP_121_8_VITIS_LOOP_122_9'.
INFO: [HLS 200-1470] Pipelining result : Target II = NA, Final II = 1, Depth = 49, loop 'VITIS_LOOP_119_6_VITIS_LOOP_120_7_VITIS_LOOP_121_8_VITIS_LOOP_122_9'
INFO: [SCHED 204-11] Finished scheduling.
INFO: [HLS 200-111] Finished Scheduling: CPU user time: 0 seconds. CPU system time: 0 seconds. Elapsed time: 0.189 seconds; current allocated memory: 752.699 MB.
INFO: [BIND 205-100] Starting micro-architecture generation ...
INFO: [BIND 205-101] Performing variable lifetime analysis.
INFO: [BIND 205-101] Exploring resource sharing.
INFO: [BIND 205-101] Binding ...
INFO: [BIND 205-100] Finished micro-architecture generation.
INFO: [HLS 200-111] Finished Binding: CPU user time: 0 seconds. CPU system time: 0 seconds. Elapsed time: 0.083 seconds; current allocated memory: 752.984 MB.
INFO: [HLS 200-10] ----------------------------------------------------------------
INFO: [HLS 200-42] -- Implementing module 'pad_ico_Pipeline_VITIS_LOOP_143_10_VITIS_LOOP_144_11' 
INFO: [HLS 200-10] ----------------------------------------------------------------
INFO: [SCHED 204-11] Starting scheduling ...
INFO: [SCHED 204-61] Pipelining loop 'VITIS_LOOP_143_10_VITIS_LOOP_144_11'.
INFO: [HLS 200-1470] Pipelining result : Target II = NA, Final II = 1, Depth = 5, loop 'VITIS_LOOP_143_10_VITIS_LOOP_144_11'
INFO: [SCHED 204-11] Finished scheduling.
INFO: [HLS 200-111] Finished Scheduling: CPU user time: 0 seconds. CPU system time: 0 seconds. Elapsed time: 0.119 seconds; current allocated memory: 753.379 MB.
INFO: [BIND 205-100] Starting micro-architecture generation ...
INFO: [BIND 205-101] Performing variable lifetime analysis.
INFO: [BIND 205-101] Exploring resource sharing.
INFO: [BIND 205-101] Binding ...
INFO: [BIND 205-100] Finished micro-architecture generation.
INFO: [HLS 200-111] Finished Binding: CPU user time: 0 seconds. CPU system time: 0 seconds. Elapsed time: 0.053 seconds; current allocated memory: 753.445 MB.
INFO: [HLS 200-10] ----------------------------------------------------------------
INFO: [HLS 200-42] -- Implementing module 'pad_ico' 
INFO: [HLS 200-10] ----------------------------------------------------------------
INFO: [SCHED 204-11] Starting scheduling ...
INFO: [SCHED 204-11] Finished scheduling.
INFO: [HLS 200-111] Finished Scheduling: CPU user time: 0 seconds. CPU system time: 0 seconds. Elapsed time: 0.082 seconds; current allocated memory: 753.715 MB.
INFO: [BIND 205-100] Starting micro-architecture generation ...
INFO: [BIND 205-101] Performing variable lifetime analysis.
INFO: [BIND 205-101] Exploring resource sharing.
INFO: [BIND 205-101] Binding ...
INFO: [BIND 205-100] Finished micro-architecture generation.
INFO: [HLS 200-111] Finished Binding: CPU user time: 0 seconds. CPU system time: 0 seconds. Elapsed time: 0.058 seconds; current allocated memory: 754.137 MB.
INFO: [HLS 200-10] ----------------------------------------------------------------
INFO: [HLS 200-42] -- Implementing module 'conv_ico_layer1_Pipeline_VITIS_LOOP_252_3_VITIS_LOOP_253_4_VITIS_LOOP_254_5_VITI' 
INFO: [HLS 200-10] ----------------------------------------------------------------
INFO: [SCHED 204-11] Starting scheduling ...
INFO: [SCHED 204-61] Pipelining loop 'VITIS_LOOP_252_3_VITIS_LOOP_253_4_VITIS_LOOP_254_5_VITIS_LOOP_255_6_VITIS_LOOP_256_7'.
INFO: [HLS 200-1470] Pipelining result : Target II = NA, Final II = 1, Depth = 5, loop 'VITIS_LOOP_252_3_VITIS_LOOP_253_4_VITIS_LOOP_254_5_VITIS_LOOP_255_6_VITIS_LOOP_256_7'
INFO: [SCHED 204-11] Finished scheduling.
INFO: [HLS 200-111] Finished Scheduling: CPU user time: 0 seconds. CPU system time: 0 seconds. Elapsed time: 0.13 seconds; current allocated memory: 755.023 MB.
INFO: [BIND 205-100] Starting micro-architecture generation ...
INFO: [BIND 205-101] Performing variable lifetime analysis.
INFO: [BIND 205-101] Exploring resource sharing.
INFO: [BIND 205-101] Binding ...
INFO: [BIND 205-100] Finished micro-architecture generation.
INFO: [HLS 200-111] Finished Binding: CPU user time: 0 seconds. CPU system time: 0 seconds. Elapsed time: 0.068 seconds; current allocated memory: 755.332 MB.
INFO: [HLS 200-10] ----------------------------------------------------------------
INFO: [HLS 200-42] -- Implementing module 'conv_ico_layer1_Pipeline_VITIS_LOOP_272_14_VITIS_LOOP_274_15_VITIS_LOOP_275_16_V' 
INFO: [HLS 200-10] ----------------------------------------------------------------
INFO: [SCHED 204-11] Starting scheduling ...
INFO: [SCHED 204-61] Pipelining loop 'VITIS_LOOP_272_14_VITIS_LOOP_274_15_VITIS_LOOP_275_16_VITIS_LOOP_276_17'.
WARNING: [HLS 200-880] The II Violation in module 'conv_ico_layer1_Pipeline_VITIS_LOOP_272_14_VITIS_LOOP_274_15_VITIS_LOOP_275_16_V' (loop 'VITIS_LOOP_272_14_VITIS_LOOP_274_15_VITIS_LOOP_275_16_VITIS_LOOP_276_17'): Unable to enforce a carried dependence constraint (II = 1, distance = 1, offset = 1) between 'store' operation 0 bit ('sum_2_write_ln271', ico_conv_layer1.cpp:271) of variable 'sum_1', ico_conv_layer1.cpp:279 on local variable 'sum', ico_conv_layer1.cpp:271 and 'fadd' operation 32 bit ('sum_1', ico_conv_layer1.cpp:279).
Resolution: For help on HLS 200-880 see docs.xilinx.com/access/sources/dita/topic?Doc_Version=2024.2%20English&url=ug1448-hls-guidance&resourceid=200-880.html
WARNING: [HLS 200-880] The II Violation in module 'conv_ico_layer1_Pipeline_VITIS_LOOP_272_14_VITIS_LOOP_274_15_VITIS_LOOP_275_16_V' (loop 'VITIS_LOOP_272_14_VITIS_LOOP_274_15_VITIS_LOOP_275_16_VITIS_LOOP_276_17'): Unable to enforce a carried dependence constraint (II = 2, distance = 1, offset = 1) between 'store' operation 0 bit ('sum_2_write_ln271', ico_conv_layer1.cpp:271) of variable 'sum_1', ico_conv_layer1.cpp:279 on local variable 'sum', ico_conv_layer1.cpp:271 and 'fadd' operation 32 bit ('sum_1', ico_conv_layer1.cpp:279).
Resolution: For help on HLS 200-880 see docs.xilinx.com/access/sources/dita/topic?Doc_Version=2024.2%20English&url=ug1448-hls-guidance&resourceid=200-880.html
WARNING: [HLS 200-880] The II Violation in module 'conv_ico_layer1_Pipeline_VITIS_LOOP_272_14_VITIS_LOOP_274_15_VITIS_LOOP_275_16_V' (loop 'VITIS_LOOP_272_14_VITIS_LOOP_274_15_VITIS_LOOP_275_16_VITIS_LOOP_276_17'): Unable to enforce a carried dependence constraint (II = 3, distance = 1, offset = 1) between 'store' operation 0 bit ('sum_2_write_ln271', ico_conv_layer1.cpp:271) of variable 'sum_1', ico_conv_layer1.cpp:279 on local variable 'sum', ico_conv_layer1.cpp:271 and 'fadd' operation 32 bit ('sum_1', ico_conv_layer1.cpp:279).
Resolution: For help on HLS 200-880 see docs.xilinx.com/access/sources/dita/topic?Doc_Version=2024.2%20English&url=ug1448-hls-guidance&resourceid=200-880.html
WARNING: [HLS 200-880] The II Violation in module 'conv_ico_layer1_Pipeline_VITIS_LOOP_272_14_VITIS_LOOP_274_15_VITIS_LOOP_275_16_V' (loop 'VITIS_LOOP_272_14_VITIS_LOOP_274_15_VITIS_LOOP_275_16_VITIS_LOOP_276_17'): Unable to enforce a carried dependence constraint (II = 4, distance = 1, offset = 1) between 'store' operation 0 bit ('sum_2_write_ln271', ico_conv_layer1.cpp:271) of variable 'sum_1', ico_conv_layer1.cpp:279 on local variable 'sum', ico_conv_layer1.cpp:271 and 'fadd' operation 32 bit ('sum_1', ico_conv_layer1.cpp:279).
Resolution: For help on HLS 200-880 see docs.xilinx.com/access/sources/dita/topic?Doc_Version=2024.2%20English&url=ug1448-hls-guidance&resourceid=200-880.html
WARNING: [HLS 200-880] The II Violation in module 'conv_ico_layer1_Pipeline_VITIS_LOOP_272_14_VITIS_LOOP_274_15_VITIS_LOOP_275_16_V' (loop 'VITIS_LOOP_272_14_VITIS_LOOP_274_15_VITIS_LOOP_275_16_VITIS_LOOP_276_17'): Unable to enforce a carried dependence constraint (II = 7, distance = 1, offset = 1) between 'store' operation 0 bit ('sum_2_write_ln271', ico_conv_layer1.cpp:271) of variable 'sum_1', ico_conv_layer1.cpp:279 on local variable 'sum', ico_conv_layer1.cpp:271 and 'fadd' operation 32 bit ('sum_1', ico_conv_layer1.cpp:279).
Resolution: For help on HLS 200-880 see docs.xilinx.com/access/sources/dita/topic?Doc_Version=2024.2%20English&url=ug1448-hls-guidance&resourceid=200-880.html
WARNING: [HLS 200-880] The II Violation in module 'conv_ico_layer1_Pipeline_VITIS_LOOP_272_14_VITIS_LOOP_274_15_VITIS_LOOP_275_16_V' (loop 'VITIS_LOOP_272_14_VITIS_LOOP_274_15_VITIS_LOOP_275_16_VITIS_LOOP_276_17'): Unable to enforce a carried dependence constraint (II = 8, distance = 1, offset = 1) between 'store' operation 0 bit ('sum_2_write_ln271', ico_conv_layer1.cpp:271) of variable 'sum_1', ico_conv_layer1.cpp:279 on local variable 'sum', ico_conv_layer1.cpp:271 and 'fadd' operation 32 bit ('sum_1', ico_conv_layer1.cpp:279).
Resolution: For help on HLS 200-880 see docs.xilinx.com/access/sources/dita/topic?Doc_Version=2024.2%20English&url=ug1448-hls-guidance&resourceid=200-880.html
INFO: [HLS 200-1470] Pipelining result : Target II = NA, Final II = 9, Depth = 25, loop 'VITIS_LOOP_272_14_VITIS_LOOP_274_15_VITIS_LOOP_275_16_VITIS_LOOP_276_17'
INFO: [SCHED 204-11] Finished scheduling.
INFO: [HLS 200-111] Finished Scheduling: CPU user time: 0 seconds. CPU system time: 0 seconds. Elapsed time: 0.198 seconds; current allocated memory: 756.562 MB.
INFO: [BIND 205-100] Starting micro-architecture generation ...
INFO: [BIND 205-101] Performing variable lifetime analysis.
INFO: [BIND 205-101] Exploring resource sharing.
INFO: [BIND 205-101] Binding ...
INFO: [BIND 205-100] Finished micro-architecture generation.
INFO: [HLS 200-111] Finished Binding: CPU user time: 0 seconds. CPU system time: 0 seconds. Elapsed time: 0.083 seconds; current allocated memory: 757.102 MB.
INFO: [HLS 200-10] ----------------------------------------------------------------
INFO: [HLS 200-42] -- Implementing module 'conv_ico_layer1_Pipeline_VITIS_LOOP_293_18_VITIS_LOOP_295_19_VITIS_LOOP_296_20_V' 
INFO: [HLS 200-10] ----------------------------------------------------------------
INFO: [SCHED 204-11] Starting scheduling ...
INFO: [SCHED 204-61] Pipelining loop 'VITIS_LOOP_293_18_VITIS_LOOP_295_19_VITIS_LOOP_296_20_VITIS_LOOP_297_21_VITIS_LOOP_298_22'.
INFO: [HLS 200-1470] Pipelining result : Target II = NA, Final II = 1, Depth = 7, loop 'VITIS_LOOP_293_18_VITIS_LOOP_295_19_VITIS_LOOP_296_20_VITIS_LOOP_297_21_VITIS_LOOP_298_22'
INFO: [SCHED 204-11] Finished scheduling.
INFO: [HLS 200-111] Finished Scheduling: CPU user time: 1 seconds. CPU system time: 0 seconds. Elapsed time: 0.146 seconds; current allocated memory: 758.496 MB.
INFO: [BIND 205-100] Starting micro-architecture generation ...
INFO: [BIND 205-101] Performing variable lifetime analysis.
INFO: [BIND 205-101] Exploring resource sharing.
INFO: [BIND 205-101] Binding ...
INFO: [BIND 205-100] Finished micro-architecture generation.
INFO: [HLS 200-111] Finished Binding: CPU user time: 0 seconds. CPU system time: 0 seconds. Elapsed time: 0.071 seconds; current allocated memory: 758.676 MB.
INFO: [HLS 200-10] ----------------------------------------------------------------
INFO: [HLS 200-42] -- Implementing module 'conv_ico_layer1_Pipeline_VITIS_LOOP_307_23_VITIS_LOOP_308_24_VITIS_LOOP_309_25' 
INFO: [HLS 200-10] ----------------------------------------------------------------
INFO: [SCHED 204-11] Starting scheduling ...
INFO: [SCHED 204-61] Pipelining loop 'VITIS_LOOP_307_23_VITIS_LOOP_308_24_VITIS_LOOP_309_25'.
INFO: [HLS 200-1470] Pipelining result : Target II = NA, Final II = 1, Depth = 5, loop 'VITIS_LOOP_307_23_VITIS_LOOP_308_24_VITIS_LOOP_309_25'
INFO: [SCHED 204-11] Finished scheduling.
INFO: [HLS 200-111] Finished Scheduling: CPU user time: 0 seconds. CPU system time: 0 seconds. Elapsed time: 0.111 seconds; current allocated memory: 759.141 MB.
INFO: [BIND 205-100] Starting micro-architecture generation ...
INFO: [BIND 205-101] Performing variable lifetime analysis.
INFO: [BIND 205-101] Exploring resource sharing.
INFO: [BIND 205-101] Binding ...
INFO: [BIND 205-100] Finished micro-architecture generation.
INFO: [HLS 200-111] Finished Binding: CPU user time: 0 seconds. CPU system time: 0 seconds. Elapsed time: 0.058 seconds; current allocated memory: 759.371 MB.
INFO: [HLS 200-10] ----------------------------------------------------------------
INFO: [HLS 200-42] -- Implementing module 'conv_ico_layer1_Pipeline_VITIS_LOOP_316_26_VITIS_LOOP_317_27' 
INFO: [HLS 200-10] ----------------------------------------------------------------
INFO: [SCHED 204-11] Starting scheduling ...
INFO: [SCHED 204-61] Pipelining loop 'VITIS_LOOP_316_26_VITIS_LOOP_317_27'.
WARNING: [HLS 200-885] The II Violation in module 'conv_ico_layer1_Pipeline_VITIS_LOOP_316_26_VITIS_LOOP_317_27' (loop 'VITIS_LOOP_316_26_VITIS_LOOP_317_27'): Unable to schedule 'load' operation 32 bit ('output_r_load_5', ico_conv_layer1.cpp:327) on array 'output_r' due to limited memory ports (II = 1). Please consider using a memory core with more ports or partitioning the array 'output_r'.
Resolution: For help on HLS 200-885 see docs.xilinx.com/access/sources/dita/topic?Doc_Version=2024.2%20English&url=ug1448-hls-guidance&resourceid=200-885.html
WARNING: [HLS 200-885] The II Violation in module 'conv_ico_layer1_Pipeline_VITIS_LOOP_316_26_VITIS_LOOP_317_27' (loop 'VITIS_LOOP_316_26_VITIS_LOOP_317_27'): Unable to schedule 'load' operation 32 bit ('output_r_load_6', ico_conv_layer1.cpp:328) on array 'output_r' due to limited memory ports (II = 2). Please consider using a memory core with more ports or partitioning the array 'output_r'.
Resolution: For help on HLS 200-885 see docs.xilinx.com/access/sources/dita/topic?Doc_Version=2024.2%20English&url=ug1448-hls-guidance&resourceid=200-885.html
WARNING: [HLS 200-885] The II Violation in module 'conv_ico_layer1_Pipeline_VITIS_LOOP_316_26_VITIS_LOOP_317_27' (loop 'VITIS_LOOP_316_26_VITIS_LOOP_317_27'): Unable to schedule 'load' operation 32 bit ('output_r_load_7', ico_conv_layer1.cpp:329) on array 'output_r' due to limited memory ports (II = 3). Please consider using a memory core with more ports or partitioning the array 'output_r'.
Resolution: For help on HLS 200-885 see docs.xilinx.com/access/sources/dita/topic?Doc_Version=2024.2%20English&url=ug1448-hls-guidance&resourceid=200-885.html
WARNING: [HLS 200-885] The II Violation in module 'conv_ico_layer1_Pipeline_VITIS_LOOP_316_26_VITIS_LOOP_317_27' (loop 'VITIS_LOOP_316_26_VITIS_LOOP_317_27'): Unable to schedule 'load' operation 32 bit ('output_r_load_8', ico_conv_layer1.cpp:330) on array 'output_r' due to limited memory ports (II = 4). Please consider using a memory core with more ports or partitioning the array 'output_r'.
Resolution: For help on HLS 200-885 see docs.xilinx.com/access/sources/dita/topic?Doc_Version=2024.2%20English&url=ug1448-hls-guidance&resourceid=200-885.html
WARNING: [HLS 200-885] The II Violation in module 'conv_ico_layer1_Pipeline_VITIS_LOOP_316_26_VITIS_LOOP_317_27' (loop 'VITIS_LOOP_316_26_VITIS_LOOP_317_27'): Unable to schedule 'store' operation 0 bit ('output_r_addr_69_write_ln337', ico_conv_layer1.cpp:337) of variable 'bitcast_ln337', ico_conv_layer1.cpp:337 on array 'output_r' due to limited memory ports (II = 35). Please consider using a memory core with more ports or partitioning the array 'output_r'.
Resolution: For help on HLS 200-885 see docs.xilinx.com/access/sources/dita/topic?Doc_Version=2024.2%20English&url=ug1448-hls-guidance&resourceid=200-885.html
INFO: [HLS 200-1470] Pipelining result : Target II = NA, Final II = 36, Depth = 290, loop 'VITIS_LOOP_316_26_VITIS_LOOP_317_27'
INFO: [SCHED 204-11] Finished scheduling.
INFO: [HLS 200-111] Finished Scheduling: CPU user time: 0 seconds. CPU system time: 0 seconds. Elapsed time: 0.716 seconds; current allocated memory: 764.105 MB.
INFO: [BIND 205-100] Starting micro-architecture generation ...
INFO: [BIND 205-101] Performing variable lifetime analysis.
INFO: [BIND 205-101] Exploring resource sharing.
INFO: [BIND 205-101] Binding ...
INFO: [BIND 205-100] Finished micro-architecture generation.
INFO: [HLS 200-111] Finished Binding: CPU user time: 1 seconds. CPU system time: 0 seconds. Elapsed time: 0.227 seconds; current allocated memory: 765.598 MB.
INFO: [HLS 200-10] ----------------------------------------------------------------
INFO: [HLS 200-42] -- Implementing module 'conv_ico_layer1' 
INFO: [HLS 200-10] ----------------------------------------------------------------
INFO: [SCHED 204-11] Starting scheduling ...
INFO: [SCHED 204-11] Finished scheduling.
INFO: [HLS 200-111] Finished Scheduling: CPU user time: 0 seconds. CPU system time: 0 seconds. Elapsed time: 0.257 seconds; current allocated memory: 766.137 MB.
INFO: [BIND 205-100] Starting micro-architecture generation ...
INFO: [BIND 205-101] Performing variable lifetime analysis.
INFO: [BIND 205-101] Exploring resource sharing.
INFO: [BIND 205-101] Binding ...
INFO: [BIND 205-100] Finished micro-architecture generation.
INFO: [HLS 200-111] Finished Binding: CPU user time: 0 seconds. CPU system time: 0 seconds. Elapsed time: 0.087 seconds; current allocated memory: 766.504 MB.
INFO: [HLS 200-10] ----------------------------------------------------------------
INFO: [HLS 200-10] -- Generating RTL for module 'pad_ico_Pipeline_VITIS_LOOP_89_2' 
INFO: [HLS 200-10] ----------------------------------------------------------------
INFO: [HLS 200-1030] Apply Unified Pipeline Control on module 'pad_ico_Pipeline_VITIS_LOOP_89_2' pipeline 'VITIS_LOOP_89_2' pipeline type 'loop pipeline'
INFO: [RTGEN 206-100] Generating core module 'fadd_32ns_32ns_32_8_full_dsp_1': 2 instance(s).
INFO: [RTGEN 206-100] Generating core module 'fdiv_32ns_32ns_32_16_no_dsp_1': 1 instance(s).
INFO: [RTGEN 206-100] Finished creating RTL model for 'pad_ico_Pipeline_VITIS_LOOP_89_2'.
INFO: [HLS 200-111] Finished Creating RTL model: CPU user time: 0 seconds. CPU system time: 0 seconds. Elapsed time: 0.335 seconds; current allocated memory: 772.094 MB.
INFO: [HLS 200-10] ----------------------------------------------------------------
INFO: [HLS 200-10] -- Generating RTL for module 'pad_ico_Pipeline_VITIS_LOOP_110_4_VITIS_LOOP_111_5' 
INFO: [HLS 200-10] ----------------------------------------------------------------
INFO: [HLS 200-1030] Apply Unified Pipeline Control on module 'pad_ico_Pipeline_VITIS_LOOP_110_4_VITIS_LOOP_111_5' pipeline 'VITIS_LOOP_110_4_VITIS_LOOP_111_5' pipeline type 'loop pipeline'
INFO: [RTGEN 206-100] Generating core module 'fadd_32ns_32ns_32_8_full_dsp_1': 1 instance(s).
INFO: [RTGEN 206-100] Finished creating RTL model for 'pad_ico_Pipeline_VITIS_LOOP_110_4_VITIS_LOOP_111_5'.
INFO: [HLS 200-111] Finished Creating RTL model: CPU user time: 0 seconds. CPU system time: 1 seconds. Elapsed time: 1.065 seconds; current allocated memory: 780.445 MB.
INFO: [HLS 200-10] ----------------------------------------------------------------
INFO: [HLS 200-10] -- Generating RTL for module 'pad_ico_Pipeline_VITIS_LOOP_119_6_VITIS_LOOP_120_7_VITIS_LOOP_121_8_VITIS_LOOP_1' 
INFO: [HLS 200-10] ----------------------------------------------------------------
INFO: [HLS 200-1030] Apply Unified Pipeline Control on module 'pad_ico_Pipeline_VITIS_LOOP_119_6_VITIS_LOOP_120_7_VITIS_LOOP_121_8_VITIS_LOOP_1' pipeline 'VITIS_LOOP_119_6_VITIS_LOOP_120_7_VITIS_LOOP_121_8_VITIS_LOOP_122_9' pipeline type 'loop pipeline'
INFO: [RTGEN 206-100] Generating core module 'mul_32s_34ns_65_5_1': 1 instance(s).
INFO: [RTGEN 206-100] Generating core module 'sparsemux_7_2_32_1_1': 1 instance(s).
INFO: [RTGEN 206-100] Generating core module 'srem_32s_9ns_32_36_1': 1 instance(s).
INFO: [RTGEN 206-100] Finished creating RTL model for 'pad_ico_Pipeline_VITIS_LOOP_119_6_VITIS_LOOP_120_7_VITIS_LOOP_121_8_VITIS_LOOP_1'.
INFO: [HLS 200-111] Finished Creating RTL model: CPU user time: 1 seconds. CPU system time: 0 seconds. Elapsed time: 0.36 seconds; current allocated memory: 782.703 MB.
INFO: [HLS 200-10] ----------------------------------------------------------------
INFO: [HLS 200-10] -- Generating RTL for module 'pad_ico_Pipeline_VITIS_LOOP_143_10_VITIS_LOOP_144_11' 
INFO: [HLS 200-10] ----------------------------------------------------------------
INFO: [HLS 200-1030] Apply Unified Pipeline Control on module 'pad_ico_Pipeline_VITIS_LOOP_143_10_VITIS_LOOP_144_11' pipeline 'VITIS_LOOP_143_10_VITIS_LOOP_144_11' pipeline type 'loop pipeline'
INFO: [RTGEN 206-100] Finished creating RTL model for 'pad_ico_Pipeline_VITIS_LOOP_143_10_VITIS_LOOP_144_11'.
INFO: [HLS 200-111] Finished Creating RTL model: CPU user time: 0 seconds. CPU system time: 1 seconds. Elapsed time: 0.575 seconds; current allocated memory: 786.844 MB.
INFO: [HLS 200-10] ----------------------------------------------------------------
INFO: [HLS 200-10] -- Generating RTL for module 'pad_ico' 
INFO: [HLS 200-10] ----------------------------------------------------------------
WARNING: [RTGEN 206-101] Setting dangling out port 'pad_ico/grp_fu_825_p_opcode' to 0.
WARNING: [RTGEN 206-101] Setting dangling out port 'pad_ico/grp_fu_829_p_opcode' to 0.
INFO: [RTGEN 206-100] Generating core module 'fadd_32ns_32ns_32_8_full_dsp_1': 2 instance(s).
INFO: [RTGEN 206-100] Generating core module 'fdiv_32ns_32ns_32_16_no_dsp_1': 2 instance(s).
INFO: [RTGEN 206-100] Finished creating RTL model for 'pad_ico'.
INFO: [RTMG 210-278] Implementing memory 'conv_ico_layer1_pad_ico_north_vertex_RAM_AUTO_1R1W' using auto RAMs.
INFO: [HLS 200-111] Finished Creating RTL model: CPU user time: 0 seconds. CPU system time: 0 seconds. Elapsed time: 0.278 seconds; current allocated memory: 788.590 MB.
INFO: [HLS 200-10] ----------------------------------------------------------------
INFO: [HLS 200-10] -- Generating RTL for module 'conv_ico_layer1_Pipeline_VITIS_LOOP_252_3_VITIS_LOOP_253_4_VITIS_LOOP_254_5_VITI' 
INFO: [HLS 200-10] ----------------------------------------------------------------
INFO: [HLS 200-1030] Apply Unified Pipeline Control on module 'conv_ico_layer1_Pipeline_VITIS_LOOP_252_3_VITIS_LOOP_253_4_VITIS_LOOP_254_5_VITI' pipeline 'VITIS_LOOP_252_3_VITIS_LOOP_253_4_VITIS_LOOP_254_5_VITIS_LOOP_255_6_VITIS_LOOP_256_7' pipeline type 'loop pipeline'
INFO: [RTGEN 206-100] Finished creating RTL model for 'conv_ico_layer1_Pipeline_VITIS_LOOP_252_3_VITIS_LOOP_253_4_VITIS_LOOP_254_5_VITI'.
INFO: [HLS 200-111] Finished Creating RTL model: CPU user time: 0 seconds. CPU system time: 0 seconds. Elapsed time: 0.288 seconds; current allocated memory: 790.734 MB.
INFO: [HLS 200-10] ----------------------------------------------------------------
INFO: [HLS 200-10] -- Generating RTL for module 'conv_ico_layer1_Pipeline_VITIS_LOOP_272_14_VITIS_LOOP_274_15_VITIS_LOOP_275_16_V' 
INFO: [HLS 200-10] ----------------------------------------------------------------
INFO: [HLS 200-1030] Apply Unified Pipeline Control on module 'conv_ico_layer1_Pipeline_VITIS_LOOP_272_14_VITIS_LOOP_274_15_VITIS_LOOP_275_16_V' pipeline 'VITIS_LOOP_272_14_VITIS_LOOP_274_15_VITIS_LOOP_275_16_VITIS_LOOP_276_17' pipeline type 'loop pipeline'
INFO: [RTGEN 206-100] Generating core module 'fadd_32ns_32ns_32_8_full_dsp_1': 1 instance(s).
INFO: [RTGEN 206-100] Generating core module 'fmul_32ns_32ns_32_5_max_dsp_1': 1 instance(s).
INFO: [RTGEN 206-100] Finished creating RTL model for 'conv_ico_layer1_Pipeline_VITIS_LOOP_272_14_VITIS_LOOP_274_15_VITIS_LOOP_275_16_V'.
INFO: [HLS 200-111] Finished Creating RTL model: CPU user time: 1 seconds. CPU system time: 0 seconds. Elapsed time: 0.432 seconds; current allocated memory: 794.215 MB.
INFO: [HLS 200-10] ----------------------------------------------------------------
INFO: [HLS 200-10] -- Generating RTL for module 'conv_ico_layer1_Pipeline_VITIS_LOOP_293_18_VITIS_LOOP_295_19_VITIS_LOOP_296_20_V' 
INFO: [HLS 200-10] ----------------------------------------------------------------
INFO: [HLS 200-1030] Apply Unified Pipeline Control on module 'conv_ico_layer1_Pipeline_VITIS_LOOP_293_18_VITIS_LOOP_295_19_VITIS_LOOP_296_20_V' pipeline 'VITIS_LOOP_293_18_VITIS_LOOP_295_19_VITIS_LOOP_296_20_VITIS_LOOP_297_21_VITIS_LOOP_298_22' pipeline type 'loop pipeline'
INFO: [RTGEN 206-100] Generating core module 'sparsemux_9_2_32_1_1': 1 instance(s).
INFO: [RTGEN 206-100] Finished creating RTL model for 'conv_ico_layer1_Pipeline_VITIS_LOOP_293_18_VITIS_LOOP_295_19_VITIS_LOOP_296_20_V'.
INFO: [HLS 200-111] Finished Creating RTL model: CPU user time: 0 seconds. CPU system time: 0 seconds. Elapsed time: 0.502 seconds; current allocated memory: 797.793 MB.
INFO: [HLS 200-10] ----------------------------------------------------------------
INFO: [HLS 200-10] -- Generating RTL for module 'conv_ico_layer1_Pipeline_VITIS_LOOP_307_23_VITIS_LOOP_308_24_VITIS_LOOP_309_25' 
INFO: [HLS 200-10] ----------------------------------------------------------------
INFO: [HLS 200-1030] Apply Unified Pipeline Control on module 'conv_ico_layer1_Pipeline_VITIS_LOOP_307_23_VITIS_LOOP_308_24_VITIS_LOOP_309_25' pipeline 'VITIS_LOOP_307_23_VITIS_LOOP_308_24_VITIS_LOOP_309_25' pipeline type 'loop pipeline'
INFO: [RTGEN 206-100] Finished creating RTL model for 'conv_ico_layer1_Pipeline_VITIS_LOOP_307_23_VITIS_LOOP_308_24_VITIS_LOOP_309_25'.
INFO: [HLS 200-111] Finished Creating RTL model: CPU user time: 0 seconds. CPU system time: 0 seconds. Elapsed time: 0.402 seconds; current allocated memory: 800.570 MB.
INFO: [HLS 200-10] ----------------------------------------------------------------
INFO: [HLS 200-10] -- Generating RTL for module 'conv_ico_layer1_Pipeline_VITIS_LOOP_316_26_VITIS_LOOP_317_27' 
INFO: [HLS 200-10] ----------------------------------------------------------------
INFO: [HLS 200-1030] Apply Unified Pipeline Control on module 'conv_ico_layer1_Pipeline_VITIS_LOOP_316_26_VITIS_LOOP_317_27' pipeline 'VITIS_LOOP_316_26_VITIS_LOOP_317_27' pipeline type 'loop pipeline'
INFO: [RTGEN 206-100] Generating core module 'fadd_32ns_32ns_32_8_full_dsp_1': 2 instance(s).
INFO: [RTGEN 206-100] Generating core module 'fdiv_32ns_32ns_32_16_no_dsp_1': 1 instance(s).
INFO: [RTGEN 206-100] Generating core module 'urem_4ns_4ns_4_8_1': 1 instance(s).
INFO: [RTGEN 206-100] Finished creating RTL model for 'conv_ico_layer1_Pipeline_VITIS_LOOP_316_26_VITIS_LOOP_317_27'.
INFO: [HLS 200-111] Finished Creating RTL model: CPU user time: 0 seconds. CPU system time: 1 seconds. Elapsed time: 0.524 seconds; current allocated memory: 806.461 MB.
INFO: [HLS 200-10] ----------------------------------------------------------------
INFO: [HLS 200-10] -- Generating RTL for module 'conv_ico_layer1' 
INFO: [HLS 200-10] ----------------------------------------------------------------
INFO: [RTGEN 206-500] Setting interface mode on port 'conv_ico_layer1/input_r' to 'ap_memory'.
INFO: [RTGEN 206-500] Setting interface mode on port 'conv_ico_layer1/weight_0' to 'ap_memory'.
INFO: [RTGEN 206-500] Setting interface mode on port 'conv_ico_layer1/weight_1' to 'ap_memory'.
INFO: [RTGEN 206-500] Setting interface mode on port 'conv_ico_layer1/bias_0' to 'ap_memory'.
INFO: [RTGEN 206-500] Setting interface mode on port 'conv_ico_layer1/bias_1' to 'ap_memory'.
INFO: [RTGEN 206-500] Setting interface mode on port 'conv_ico_layer1/kernel_expansion_idx' to 'ap_memory'.
INFO: [RTGEN 206-500] Setting interface mode on port 'conv_ico_layer1/reorder_idx' to 'ap_memory'.
INFO: [RTGEN 206-500] Setting interface mode on port 'conv_ico_layer1/output_r' to 'ap_memory'.
INFO: [RTGEN 206-500] Setting interface mode on function 'conv_ico_layer1' to 'ap_ctrl_hs'.
INFO: [RTGEN 206-100] Generating core module 'fadd_32ns_32ns_32_8_full_dsp_1': 2 instance(s).
INFO: [RTGEN 206-100] Generating core module 'fdiv_32ns_32ns_32_16_no_dsp_1': 1 instance(s).
INFO: [RTGEN 206-100] Generating core module 'sparsemux_9_2_32_1_1': 1 instance(s).
INFO: [RTGEN 206-100] Finished creating RTL model for 'conv_ico_layer1'.
INFO: [RTMG 210-278] Implementing memory 'conv_ico_layer1_padded_frame_RAM_AUTO_1R1W' using auto RAMs.
INFO: [RTMG 210-278] Implementing memory 'conv_ico_layer1_psum_RAM_AUTO_1R1W' using auto RAMs.
INFO: [HLS 200-111] Finished Creating RTL model: CPU user time: 1 seconds. CPU system time: 0 seconds. Elapsed time: 1.37 seconds; current allocated memory: 815.520 MB.
INFO: [HLS 200-111] Finished Generating all RTL models: CPU user time: 1 seconds. CPU system time: 1 seconds. Elapsed time: 1.288 seconds; current allocated memory: 820.840 MB.
INFO: [HLS 200-111] Finished Updating report files: CPU user time: 0 seconds. CPU system time: 1 seconds. Elapsed time: 1.592 seconds; current allocated memory: 829.270 MB.
INFO: [VHDL 208-304] Generating VHDL RTL for conv_ico_layer1.
INFO: [VLOG 209-307] Generating Verilog RTL for conv_ico_layer1.
INFO: [HLS 200-790] **** Loop Constraint Status: All loop constraints were NOT satisfied.
INFO: [HLS 200-789] **** Estimated Fmax: 222.30 MHz
INFO: [HLS 200-2161] Finished Command csynth_design Elapsed time: 00:00:25; Allocated memory: 211.336 MB.
INFO: [HLS 200-112] Total CPU user time: 15 seconds. Total CPU system time: 8 seconds. Total elapsed time: 73.987 seconds; peak allocated memory: 829.523 MB.
