
****** Vitis HLS - High-Level Synthesis from C, C++ and OpenCL v2024.2 (64-bit)
  **** SW Build 5238294 on Nov  8 2024
  **** IP Build 5239520 on Sun Nov 10 16:12:51 MST 2024
  **** SharedData Build 5239561 on Fri Nov 08 14:39:27 MST 2024
  **** Start of session at: Sat Mar 21 13:42:13 2026
    ** Copyright 1986-2022 Xilinx, Inc. All Rights Reserved.
    ** Copyright 2022-2024 Advanced Micro Devices, Inc. All Rights Reserved.

source G:/PostGraduateFile/Xilinx/Vitis/2024.2/scripts/vitis_hls/hls.tcl -notrace
INFO: [HLS 200-10] For user 'Lenovo' on host 'laptop-lc5o154v' (Windows NT_amd64 version 10.0) on Sat Mar 21 13:42:14 +0800 2026
INFO: [HLS 200-10] In directory 'G:/3DSLED/icocnn/hls_src/HLS/layer2-5'
WARNING: [HLS 200-2053] The vitis_hls executable is deprecated. Consider using vitis-run --mode hls --tcl
Sourcing Tcl script 'run_hls.tcl'
=== Vitis HLS Terminal Flow ===
Project  : layer2_5_hls_prj
Solution : sol1
Top      : conv_ico_layer2_5
Part     : xc7k325tffg900-2
Clock(ns): 5.0
Mode     : quick
INFO: [HLS 200-1510] Running: open_project layer2_5_hls_prj 
INFO: [HLS 200-10] Creating and opening project 'G:/3DSLED/icocnn/hls_src/HLS/layer2-5/layer2_5_hls_prj'.
INFO: [HLS 200-1510] Running: set_top conv_ico_layer2_5 
INFO: [HLS 200-1510] Running: add_files ico_conv_layer2_5.cpp 
INFO: [HLS 200-10] Adding design file 'ico_conv_layer2_5.cpp' to the project
INFO: [HLS 200-1510] Running: add_files ico_conv_layer2_5.hpp 
INFO: [HLS 200-10] Adding design file 'ico_conv_layer2_5.hpp' to the project
INFO: [HLS 200-1510] Running: add_files ../common/utils.hpp 
INFO: [HLS 200-10] Adding design file '../common/utils.hpp' to the project
INFO: [HLS 200-1510] Running: add_files -tb test_ico_conv_layer2_5.cpp 
INFO: [HLS 200-10] Adding test bench file 'test_ico_conv_layer2_5.cpp' to the project
INFO: [HLS 200-1510] Running: open_solution -reset sol1 
INFO: [HLS 200-10] Creating and opening solution 'G:/3DSLED/icocnn/hls_src/HLS/layer2-5/layer2_5_hls_prj/sol1'.
INFO: [HLS 200-10] Cleaning up the solution database.
INFO: [HLS 200-1505] Using default flow_target 'vivado'
Resolution: For help on HLS 200-1505 see docs.xilinx.com/access/sources/dita/topic?Doc_Version=2024.2%20English&url=ug1448-hls-guidance&resourceid=200-1505.html
INFO: [HLS 200-1510] Running: set_part xc7k325tffg900-2 
INFO: [HLS 200-1611] Setting target device to 'xc7k325t-ffg900-2'
INFO: [HLS 200-1510] Running: create_clock -period 5.0 -name default 
INFO: [SYN 201-201] Setting up clock 'default' with a period of 5ns.
INFO: [HLS 200-1510] Running: csim_design -clean 
INFO: [SIM 211-2] *************** CSIM start ***************
INFO: [SIM 211-4] CSIM will launch CLANG as the compiler.
INFO: [HLS 200-2036] Building debug C Simulation binaries
   Compiling ../../../../test_ico_conv_layer2_5.cpp in debug mode
   Compiling ../../../../ico_conv_layer2_5.cpp in debug mode
   Generating csim.exe
=== IcoConv Layer2-5 C Verification ===
Selected layer: 2
Data dir: ../../../../../../../hls_testdata/layer2-5/layer2/
Running conv_ico_layer2_5...
Layer2-5 Output: size=399360, min=-4.62805, max=4.9266, mean=-0.209878
Max Error: 4.05312e-06
RMSE: 3.93617e-07
PASS
INFO: [SIM 211-1] CSim done with 0 errors.
INFO: [SIM 211-3] *************** CSIM finish ***************
INFO: [HLS 200-2161] Finished Command csim_design Elapsed time: 00:00:22; Allocated memory: 0.602 MB.
INFO: [HLS 200-1510] Running: csynth_design 
INFO: [HLS 200-111] Finished File checks and directory preparation: CPU user time: 0 seconds. CPU system time: 0 seconds. Elapsed time: 0.14 seconds; current allocated memory: 618.488 MB.
INFO: [HLS 200-10] Analyzing design file 'ico_conv_layer2_5.cpp' ... 
INFO: [HLS 200-111] Finished Source Code Analysis and Preprocessing: CPU user time: 1 seconds. CPU system time: 0 seconds. Elapsed time: 5.534 seconds; current allocated memory: 621.043 MB.
INFO: [HLS 200-777] Using interface defaults for 'Vivado' flow target.
INFO: [HLS 200-1995] There were 765 instructions in the design after the 'Compile/Link' phase of compilation. See the Design Size Report for more details: G:/3DSLED/icocnn/hls_src/HLS/layer2-5/layer2_5_hls_prj/sol1/syn/report/csynth_design_size.rpt
INFO: [HLS 200-1995] There were 483 instructions in the design after the 'Unroll/Inline (step 1)' phase of compilation. See the Design Size Report for more details: G:/3DSLED/icocnn/hls_src/HLS/layer2-5/layer2_5_hls_prj/sol1/syn/report/csynth_design_size.rpt
INFO: [HLS 200-1995] There were 345 instructions in the design after the 'Unroll/Inline (step 2)' phase of compilation. See the Design Size Report for more details: G:/3DSLED/icocnn/hls_src/HLS/layer2-5/layer2_5_hls_prj/sol1/syn/report/csynth_design_size.rpt
INFO: [HLS 200-1995] There were 321 instructions in the design after the 'Unroll/Inline (step 3)' phase of compilation. See the Design Size Report for more details: G:/3DSLED/icocnn/hls_src/HLS/layer2-5/layer2_5_hls_prj/sol1/syn/report/csynth_design_size.rpt
INFO: [HLS 200-1995] There were 321 instructions in the design after the 'Unroll/Inline (step 4)' phase of compilation. See the Design Size Report for more details: G:/3DSLED/icocnn/hls_src/HLS/layer2-5/layer2_5_hls_prj/sol1/syn/report/csynth_design_size.rpt
INFO: [HLS 200-1995] There were 334 instructions in the design after the 'Array/Struct (step 1)' phase of compilation. See the Design Size Report for more details: G:/3DSLED/icocnn/hls_src/HLS/layer2-5/layer2_5_hls_prj/sol1/syn/report/csynth_design_size.rpt
INFO: [HLS 200-1995] There were 331 instructions in the design after the 'Array/Struct (step 2)' phase of compilation. See the Design Size Report for more details: G:/3DSLED/icocnn/hls_src/HLS/layer2-5/layer2_5_hls_prj/sol1/syn/report/csynth_design_size.rpt
INFO: [HLS 200-1995] There were 331 instructions in the design after the 'Array/Struct (step 3)' phase of compilation. See the Design Size Report for more details: G:/3DSLED/icocnn/hls_src/HLS/layer2-5/layer2_5_hls_prj/sol1/syn/report/csynth_design_size.rpt
INFO: [HLS 200-1995] There were 331 instructions in the design after the 'Array/Struct (step 4)' phase of compilation. See the Design Size Report for more details: G:/3DSLED/icocnn/hls_src/HLS/layer2-5/layer2_5_hls_prj/sol1/syn/report/csynth_design_size.rpt
INFO: [HLS 200-1995] There were 343 instructions in the design after the 'Array/Struct (step 5)' phase of compilation. See the Design Size Report for more details: G:/3DSLED/icocnn/hls_src/HLS/layer2-5/layer2_5_hls_prj/sol1/syn/report/csynth_design_size.rpt
INFO: [HLS 200-1995] There were 343 instructions in the design after the 'Performance (step 1)' phase of compilation. See the Design Size Report for more details: G:/3DSLED/icocnn/hls_src/HLS/layer2-5/layer2_5_hls_prj/sol1/syn/report/csynth_design_size.rpt
INFO: [HLS 200-1995] There were 612 instructions in the design after the 'Performance (step 2)' phase of compilation. See the Design Size Report for more details: G:/3DSLED/icocnn/hls_src/HLS/layer2-5/layer2_5_hls_prj/sol1/syn/report/csynth_design_size.rpt
INFO: [HLS 200-1995] There were 612 instructions in the design after the 'Performance (step 3)' phase of compilation. See the Design Size Report for more details: G:/3DSLED/icocnn/hls_src/HLS/layer2-5/layer2_5_hls_prj/sol1/syn/report/csynth_design_size.rpt
INFO: [HLS 200-1995] There were 612 instructions in the design after the 'Performance (step 4)' phase of compilation. See the Design Size Report for more details: G:/3DSLED/icocnn/hls_src/HLS/layer2-5/layer2_5_hls_prj/sol1/syn/report/csynth_design_size.rpt
INFO: [HLS 200-1995] There were 745 instructions in the design after the 'HW Transforms (step 1)' phase of compilation. See the Design Size Report for more details: G:/3DSLED/icocnn/hls_src/HLS/layer2-5/layer2_5_hls_prj/sol1/syn/report/csynth_design_size.rpt
INFO: [HLS 200-1995] There were 829 instructions in the design after the 'HW Transforms (step 2)' phase of compilation. See the Design Size Report for more details: G:/3DSLED/icocnn/hls_src/HLS/layer2-5/layer2_5_hls_prj/sol1/syn/report/csynth_design_size.rpt
INFO: [HLS 214-178] Inlining function 'expanded_weight_at(float const (*) [32][6][7], int const (*) [6][32][6][9][4], int, int, int, int, int, int)' into 'conv_ico_layer2_5(float (*) [32][6][5][2][4], float const (*) [32][6][7], float const*, int const (*) [6][32][6][9][4], int const (*) [5][4][6], float (*) [32][6][5][2][4])' (ico_conv_layer2_5.cpp:169:0)
INFO: [HLS 214-248] Applying array_partition to 'weight': Cyclic partitioning with factor 2 on dimension 1. (ico_conv_layer2_5.cpp:169:0)
INFO: [HLS 214-248] Applying array_partition to 'bias': Cyclic partitioning with factor 2 on dimension 1. (ico_conv_layer2_5.cpp:169:0)
INFO: [HLS 214-376] automatically set the pipeline for Loop< VITIS_LOOP_110_9> at ico_conv_layer2_5.cpp:110:39 
INFO: [HLS 214-376] automatically set the pipeline for Loop< VITIS_LOOP_98_5> at ico_conv_layer2_5.cpp:98:30 
INFO: [HLS 214-376] automatically set the pipeline for Loop< VITIS_LOOP_76_2> at ico_conv_layer2_5.cpp:76:26 
INFO: [HLS 214-376] automatically set the pipeline for Loop< VITIS_LOOP_132_11> at ico_conv_layer2_5.cpp:132:32 
INFO: [HLS 214-376] automatically set the pipeline for Loop< VITIS_LOOP_213_15> at ico_conv_layer2_5.cpp:213:32 
INFO: [HLS 214-376] automatically set the pipeline for Loop< VITIS_LOOP_205_13> at ico_conv_layer2_5.cpp:205:36 
INFO: [HLS 214-376] automatically set the pipeline for Loop< VITIS_LOOP_187_10> at ico_conv_layer2_5.cpp:187:60 
INFO: [HLS 214-291] Loop 'VITIS_LOOP_217_16' is marked as complete unroll implied by the pipeline pragma (ico_conv_layer2_5.cpp:217:36)
INFO: [HLS 214-291] Loop 'VITIS_LOOP_231_17' is marked as complete unroll implied by the pipeline pragma (ico_conv_layer2_5.cpp:231:36)
INFO: [HLS 214-291] Loop 'VITIS_LOOP_80_3' is marked as complete unroll implied by the pipeline pragma (ico_conv_layer2_5.cpp:80:30)
INFO: [HLS 214-186] Unrolling loop 'VITIS_LOOP_217_16' (ico_conv_layer2_5.cpp:217:36) in function 'conv_ico_layer2_5' completely with a factor of 6 (ico_conv_layer2_5.cpp:169:0)
INFO: [HLS 214-186] Unrolling loop 'VITIS_LOOP_231_17' (ico_conv_layer2_5.cpp:231:36) in function 'conv_ico_layer2_5' completely with a factor of 6 (ico_conv_layer2_5.cpp:169:0)
INFO: [HLS 214-186] Unrolling loop 'VITIS_LOOP_80_3' (ico_conv_layer2_5.cpp:80:30) in function 'pad_ico' completely with a factor of 6 (ico_conv_layer2_5.cpp:68:0)
INFO: [HLS 200-111] Finished Compiling Optimization and Transform: CPU user time: 0 seconds. CPU system time: 0 seconds. Elapsed time: 11.548 seconds; current allocated memory: 622.820 MB.
INFO: [HLS 200-111] Finished Checking Pragmas: CPU user time: 0 seconds. CPU system time: 0 seconds. Elapsed time: 0.005 seconds; current allocated memory: 622.820 MB.
INFO: [HLS 200-10] Starting code transformations ...
INFO: [HLS 200-111] Finished Standard Transforms: CPU user time: 0 seconds. CPU system time: 0 seconds. Elapsed time: 0.124 seconds; current allocated memory: 628.230 MB.
INFO: [HLS 200-10] Checking synthesizability ...
INFO: [HLS 200-111] Finished Checking Synthesizability: CPU user time: 0 seconds. CPU system time: 0 seconds. Elapsed time: 0.127 seconds; current allocated memory: 631.539 MB.
INFO: [XFORM 203-401] Performing if-conversion on hyperblock from (ico_conv_layer2_5.cpp:110:48) to (ico_conv_layer2_5.cpp:110:39) in function 'pad_ico'... converting 5 basic blocks.
INFO: [XFORM 203-401] Performing if-conversion on hyperblock from (ico_conv_layer2_5.cpp:187:69) to (ico_conv_layer2_5.cpp:187:60) in function 'conv_ico_layer2_5'... converting 3 basic blocks.
INFO: [HLS 200-111] Finished Loop, function and other optimizations: CPU user time: 0 seconds. CPU system time: 0 seconds. Elapsed time: 0.405 seconds; current allocated memory: 654.074 MB.
INFO: [HLS 200-2061] Successfully converted nested loops 'VITIS_LOOP_97_4'(ico_conv_layer2_5.cpp:97:26) and 'VITIS_LOOP_98_5'(ico_conv_layer2_5.cpp:98:30) in function 'pad_ico' into perfectly nested loops.
INFO: [HLS 200-2061] Successfully converted nested loops 'VITIS_LOOP_109_8'(ico_conv_layer2_5.cpp:109:35) and 'VITIS_LOOP_110_9'(ico_conv_layer2_5.cpp:110:39) in function 'pad_ico' into perfectly nested loops.
INFO: [HLS 200-2061] Successfully converted nested loops 'VITIS_LOOP_108_7'(ico_conv_layer2_5.cpp:108:31) and 'VITIS_LOOP_109_8'(ico_conv_layer2_5.cpp:109:35) in function 'pad_ico' into perfectly nested loops.
INFO: [HLS 200-2061] Successfully converted nested loops 'VITIS_LOOP_107_6'(ico_conv_layer2_5.cpp:107:27) and 'VITIS_LOOP_108_7'(ico_conv_layer2_5.cpp:108:31) in function 'pad_ico' into perfectly nested loops.
INFO: [HLS 200-2061] Successfully converted nested loops 'VITIS_LOOP_131_10'(ico_conv_layer2_5.cpp:131:28) and 'VITIS_LOOP_132_11'(ico_conv_layer2_5.cpp:132:32) in function 'pad_ico' into perfectly nested loops.
INFO: [HLS 200-2061] Successfully converted nested loops 'VITIS_LOOP_186_9'(ico_conv_layer2_5.cpp:186:55) and 'VITIS_LOOP_187_10'(ico_conv_layer2_5.cpp:187:60) in function 'conv_ico_layer2_5' into perfectly nested loops.
INFO: [HLS 200-2061] Successfully converted nested loops 'VITIS_LOOP_185_8'(ico_conv_layer2_5.cpp:185:51) and 'VITIS_LOOP_186_9'(ico_conv_layer2_5.cpp:186:55) in function 'conv_ico_layer2_5' into perfectly nested loops.
INFO: [HLS 200-2061] Successfully converted nested loops 'VITIS_LOOP_184_7'(ico_conv_layer2_5.cpp:184:47) and 'VITIS_LOOP_185_8'(ico_conv_layer2_5.cpp:185:51) in function 'conv_ico_layer2_5' into perfectly nested loops.
INFO: [HLS 200-2061] Successfully converted nested loops 'VITIS_LOOP_182_6'(ico_conv_layer2_5.cpp:182:43) and 'VITIS_LOOP_184_7'(ico_conv_layer2_5.cpp:184:47) in function 'conv_ico_layer2_5' into perfectly nested loops.
INFO: [HLS 200-2061] Successfully converted nested loops 'VITIS_LOOP_181_5'(ico_conv_layer2_5.cpp:181:39) and 'VITIS_LOOP_182_6'(ico_conv_layer2_5.cpp:182:43) in function 'conv_ico_layer2_5' into perfectly nested loops.
INFO: [HLS 200-2061] Successfully converted nested loops 'VITIS_LOOP_180_4'(ico_conv_layer2_5.cpp:180:35) and 'VITIS_LOOP_181_5'(ico_conv_layer2_5.cpp:181:39) in function 'conv_ico_layer2_5' into perfectly nested loops.
INFO: [HLS 200-2061] Successfully converted nested loops 'VITIS_LOOP_179_3'(ico_conv_layer2_5.cpp:179:31) and 'VITIS_LOOP_180_4'(ico_conv_layer2_5.cpp:180:35) in function 'conv_ico_layer2_5' into perfectly nested loops.
INFO: [HLS 200-2061] Successfully converted nested loops 'VITIS_LOOP_178_2'(ico_conv_layer2_5.cpp:178:27) and 'VITIS_LOOP_179_3'(ico_conv_layer2_5.cpp:179:31) in function 'conv_ico_layer2_5' into perfectly nested loops.
INFO: [HLS 200-2061] Successfully converted nested loops 'VITIS_LOOP_204_12'(ico_conv_layer2_5.cpp:204:32) and 'VITIS_LOOP_205_13'(ico_conv_layer2_5.cpp:205:36) in function 'conv_ico_layer2_5' into perfectly nested loops.
INFO: [HLS 200-2061] Successfully converted nested loops 'VITIS_LOOP_203_11'(ico_conv_layer2_5.cpp:203:28) and 'VITIS_LOOP_204_12'(ico_conv_layer2_5.cpp:204:32) in function 'conv_ico_layer2_5' into perfectly nested loops.
INFO: [HLS 200-2061] Successfully converted nested loops 'VITIS_LOOP_212_14'(ico_conv_layer2_5.cpp:212:28) and 'VITIS_LOOP_213_15'(ico_conv_layer2_5.cpp:213:32) in function 'conv_ico_layer2_5' into perfectly nested loops.
INFO: [XFORM 203-541] Flattening a loop nest 'VITIS_LOOP_97_4' (ico_conv_layer2_5.cpp:97:26) in function 'pad_ico'.
INFO: [XFORM 203-541] Flattening a loop nest 'VITIS_LOOP_109_8' (ico_conv_layer2_5.cpp:109:35) in function 'pad_ico'.
INFO: [XFORM 203-541] Flattening a loop nest 'VITIS_LOOP_108_7' (ico_conv_layer2_5.cpp:108:31) in function 'pad_ico'.
INFO: [XFORM 203-541] Flattening a loop nest 'VITIS_LOOP_107_6' (ico_conv_layer2_5.cpp:107:27) in function 'pad_ico'.
INFO: [XFORM 203-541] Flattening a loop nest 'VITIS_LOOP_131_10' (ico_conv_layer2_5.cpp:131:28) in function 'pad_ico'.
INFO: [XFORM 203-541] Flattening a loop nest 'VITIS_LOOP_186_9' (ico_conv_layer2_5.cpp:186:55) in function 'conv_ico_layer2_5'.
INFO: [XFORM 203-541] Flattening a loop nest 'VITIS_LOOP_185_8' (ico_conv_layer2_5.cpp:185:51) in function 'conv_ico_layer2_5'.
INFO: [XFORM 203-541] Flattening a loop nest 'VITIS_LOOP_184_7' (ico_conv_layer2_5.cpp:184:47) in function 'conv_ico_layer2_5'.
INFO: [XFORM 203-541] Flattening a loop nest 'VITIS_LOOP_182_6' (ico_conv_layer2_5.cpp:182:43) in function 'conv_ico_layer2_5'.
INFO: [XFORM 203-541] Flattening a loop nest 'VITIS_LOOP_181_5' (ico_conv_layer2_5.cpp:181:39) in function 'conv_ico_layer2_5'.
INFO: [XFORM 203-541] Flattening a loop nest 'VITIS_LOOP_180_4' (ico_conv_layer2_5.cpp:180:35) in function 'conv_ico_layer2_5'.
INFO: [XFORM 203-541] Flattening a loop nest 'VITIS_LOOP_179_3' (ico_conv_layer2_5.cpp:179:31) in function 'conv_ico_layer2_5'.
INFO: [XFORM 203-541] Flattening a loop nest 'VITIS_LOOP_178_2' (ico_conv_layer2_5.cpp:178:27) in function 'conv_ico_layer2_5'.
INFO: [XFORM 203-541] Flattening a loop nest 'VITIS_LOOP_204_12' (ico_conv_layer2_5.cpp:204:32) in function 'conv_ico_layer2_5'.
INFO: [XFORM 203-541] Flattening a loop nest 'VITIS_LOOP_203_11' (ico_conv_layer2_5.cpp:203:28) in function 'conv_ico_layer2_5'.
INFO: [XFORM 203-541] Flattening a loop nest 'VITIS_LOOP_212_14' (ico_conv_layer2_5.cpp:212:28) in function 'conv_ico_layer2_5'.
INFO: [HLS 200-111] Finished Architecture Synthesis: CPU user time: 1 seconds. CPU system time: 0 seconds. Elapsed time: 0.914 seconds; current allocated memory: 721.203 MB.
INFO: [HLS 200-10] Starting hardware synthesis ...
INFO: [HLS 200-10] Synthesizing 'conv_ico_layer2_5' ...
INFO: [HLS 200-10] ----------------------------------------------------------------
INFO: [HLS 200-42] -- Implementing module 'pad_ico_Pipeline_VITIS_LOOP_76_2' 
INFO: [HLS 200-10] ----------------------------------------------------------------
INFO: [SCHED 204-11] Starting scheduling ...
INFO: [SCHED 204-61] Pipelining loop 'VITIS_LOOP_76_2'.
WARNING: [HLS 200-885] The II Violation in module 'pad_ico_Pipeline_VITIS_LOOP_76_2' (loop 'VITIS_LOOP_76_2'): Unable to schedule 'load' operation 32 bit ('input_r_load_5', ico_conv_layer2_5.cpp:87) on array 'input_r' due to limited memory ports (II = 1). Please consider using a memory core with more ports or partitioning the array 'input_r'.
Resolution: For help on HLS 200-885 see docs.xilinx.com/access/sources/dita/topic?Doc_Version=2024.2%20English&url=ug1448-hls-guidance&resourceid=200-885.html
WARNING: [HLS 200-885] The II Violation in module 'pad_ico_Pipeline_VITIS_LOOP_76_2' (loop 'VITIS_LOOP_76_2'): Unable to schedule 'load' operation 32 bit ('input_r_load_6', ico_conv_layer2_5.cpp:88) on array 'input_r' due to limited memory ports (II = 2). Please consider using a memory core with more ports or partitioning the array 'input_r'.
Resolution: For help on HLS 200-885 see docs.xilinx.com/access/sources/dita/topic?Doc_Version=2024.2%20English&url=ug1448-hls-guidance&resourceid=200-885.html
WARNING: [HLS 200-885] The II Violation in module 'pad_ico_Pipeline_VITIS_LOOP_76_2' (loop 'VITIS_LOOP_76_2'): Unable to schedule 'load' operation 32 bit ('input_r_load_7', ico_conv_layer2_5.cpp:89) on array 'input_r' due to limited memory ports (II = 3). Please consider using a memory core with more ports or partitioning the array 'input_r'.
Resolution: For help on HLS 200-885 see docs.xilinx.com/access/sources/dita/topic?Doc_Version=2024.2%20English&url=ug1448-hls-guidance&resourceid=200-885.html
WARNING: [HLS 200-885] The II Violation in module 'pad_ico_Pipeline_VITIS_LOOP_76_2' (loop 'VITIS_LOOP_76_2'): Unable to schedule 'load' operation 32 bit ('input_r_load_8', ico_conv_layer2_5.cpp:90) on array 'input_r' due to limited memory ports (II = 4). Please consider using a memory core with more ports or partitioning the array 'input_r'.
Resolution: For help on HLS 200-885 see docs.xilinx.com/access/sources/dita/topic?Doc_Version=2024.2%20English&url=ug1448-hls-guidance&resourceid=200-885.html
WARNING: [HLS 200-885] The II Violation in module 'pad_ico_Pipeline_VITIS_LOOP_76_2' (loop 'VITIS_LOOP_76_2'): Unable to schedule 'load' operation 32 bit ('input_r_load_41', ico_conv_layer2_5.cpp:87) on array 'input_r' due to limited memory ports (II = 19). Please consider using a memory core with more ports or partitioning the array 'input_r'.
Resolution: For help on HLS 200-885 see docs.xilinx.com/access/sources/dita/topic?Doc_Version=2024.2%20English&url=ug1448-hls-guidance&resourceid=200-885.html
WARNING: [HLS 200-885] The II Violation in module 'pad_ico_Pipeline_VITIS_LOOP_76_2' (loop 'VITIS_LOOP_76_2'): Unable to schedule 'load' operation 32 bit ('input_r_load_45', ico_conv_layer2_5.cpp:81) on array 'input_r' due to limited memory ports (II = 23). Please consider using a memory core with more ports or partitioning the array 'input_r'.
Resolution: For help on HLS 200-885 see docs.xilinx.com/access/sources/dita/topic?Doc_Version=2024.2%20English&url=ug1448-hls-guidance&resourceid=200-885.html
WARNING: [HLS 200-885] The II Violation in module 'pad_ico_Pipeline_VITIS_LOOP_76_2' (loop 'VITIS_LOOP_76_2'): Unable to schedule 'load' operation 32 bit ('input_r_load_47', ico_conv_layer2_5.cpp:83) on array 'input_r' due to limited memory ports (II = 25). Please consider using a memory core with more ports or partitioning the array 'input_r'.
Resolution: For help on HLS 200-885 see docs.xilinx.com/access/sources/dita/topic?Doc_Version=2024.2%20English&url=ug1448-hls-guidance&resourceid=200-885.html
WARNING: [HLS 200-885] The II Violation in module 'pad_ico_Pipeline_VITIS_LOOP_76_2' (loop 'VITIS_LOOP_76_2'): Unable to schedule 'load' operation 32 bit ('input_r_load_48', ico_conv_layer2_5.cpp:84) on array 'input_r' due to limited memory ports (II = 26). Please consider using a memory core with more ports or partitioning the array 'input_r'.
Resolution: For help on HLS 200-885 see docs.xilinx.com/access/sources/dita/topic?Doc_Version=2024.2%20English&url=ug1448-hls-guidance&resourceid=200-885.html
INFO: [HLS 200-1470] Pipelining result : Target II = NA, Final II = 27, Depth = 261, loop 'VITIS_LOOP_76_2'
INFO: [SCHED 204-11] Finished scheduling.
INFO: [HLS 200-111] Finished Scheduling: CPU user time: 1 seconds. CPU system time: 0 seconds. Elapsed time: 1.189 seconds; current allocated memory: 729.117 MB.
INFO: [BIND 205-100] Starting micro-architecture generation ...
INFO: [BIND 205-101] Performing variable lifetime analysis.
INFO: [BIND 205-101] Exploring resource sharing.
INFO: [BIND 205-101] Binding ...
INFO: [BIND 205-100] Finished micro-architecture generation.
INFO: [HLS 200-111] Finished Binding: CPU user time: 0 seconds. CPU system time: 0 seconds. Elapsed time: 0.319 seconds; current allocated memory: 731.223 MB.
INFO: [HLS 200-10] ----------------------------------------------------------------
INFO: [HLS 200-42] -- Implementing module 'pad_ico_Pipeline_VITIS_LOOP_97_4_VITIS_LOOP_98_5' 
INFO: [HLS 200-10] ----------------------------------------------------------------
INFO: [SCHED 204-11] Starting scheduling ...
INFO: [SCHED 204-61] Pipelining loop 'VITIS_LOOP_97_4_VITIS_LOOP_98_5'.
WARNING: [HLS 200-880] The II Violation in module 'pad_ico_Pipeline_VITIS_LOOP_97_4_VITIS_LOOP_98_5' (loop 'VITIS_LOOP_97_4_VITIS_LOOP_98_5'): Unable to enforce a carried dependence constraint (II = 1, distance = 1, offset = 1) between 'store' operation 0 bit ('smooth_south_pole_sum_1_write_ln74', ico_conv_layer2_5.cpp:74) of variable 'smooth_south_pole_sum', ico_conv_layer2_5.cpp:100 on local variable 'smooth_south_pole_sum', ico_conv_layer2_5.cpp:74 and 'fadd' operation 32 bit ('smooth_south_pole_sum', ico_conv_layer2_5.cpp:100).
Resolution: For help on HLS 200-880 see docs.xilinx.com/access/sources/dita/topic?Doc_Version=2024.2%20English&url=ug1448-hls-guidance&resourceid=200-880.html
WARNING: [HLS 200-880] The II Violation in module 'pad_ico_Pipeline_VITIS_LOOP_97_4_VITIS_LOOP_98_5' (loop 'VITIS_LOOP_97_4_VITIS_LOOP_98_5'): Unable to enforce a carried dependence constraint (II = 2, distance = 1, offset = 1) between 'store' operation 0 bit ('smooth_south_pole_sum_1_write_ln74', ico_conv_layer2_5.cpp:74) of variable 'smooth_south_pole_sum', ico_conv_layer2_5.cpp:100 on local variable 'smooth_south_pole_sum', ico_conv_layer2_5.cpp:74 and 'fadd' operation 32 bit ('smooth_south_pole_sum', ico_conv_layer2_5.cpp:100).
Resolution: For help on HLS 200-880 see docs.xilinx.com/access/sources/dita/topic?Doc_Version=2024.2%20English&url=ug1448-hls-guidance&resourceid=200-880.html
WARNING: [HLS 200-880] The II Violation in module 'pad_ico_Pipeline_VITIS_LOOP_97_4_VITIS_LOOP_98_5' (loop 'VITIS_LOOP_97_4_VITIS_LOOP_98_5'): Unable to enforce a carried dependence constraint (II = 3, distance = 1, offset = 1) between 'store' operation 0 bit ('smooth_south_pole_sum_1_write_ln74', ico_conv_layer2_5.cpp:74) of variable 'smooth_south_pole_sum', ico_conv_layer2_5.cpp:100 on local variable 'smooth_south_pole_sum', ico_conv_layer2_5.cpp:74 and 'fadd' operation 32 bit ('smooth_south_pole_sum', ico_conv_layer2_5.cpp:100).
Resolution: For help on HLS 200-880 see docs.xilinx.com/access/sources/dita/topic?Doc_Version=2024.2%20English&url=ug1448-hls-guidance&resourceid=200-880.html
WARNING: [HLS 200-880] The II Violation in module 'pad_ico_Pipeline_VITIS_LOOP_97_4_VITIS_LOOP_98_5' (loop 'VITIS_LOOP_97_4_VITIS_LOOP_98_5'): Unable to enforce a carried dependence constraint (II = 4, distance = 1, offset = 1) between 'store' operation 0 bit ('smooth_south_pole_sum_1_write_ln74', ico_conv_layer2_5.cpp:74) of variable 'smooth_south_pole_sum', ico_conv_layer2_5.cpp:100 on local variable 'smooth_south_pole_sum', ico_conv_layer2_5.cpp:74 and 'fadd' operation 32 bit ('smooth_south_pole_sum', ico_conv_layer2_5.cpp:100).
Resolution: For help on HLS 200-880 see docs.xilinx.com/access/sources/dita/topic?Doc_Version=2024.2%20English&url=ug1448-hls-guidance&resourceid=200-880.html
WARNING: [HLS 200-880] The II Violation in module 'pad_ico_Pipeline_VITIS_LOOP_97_4_VITIS_LOOP_98_5' (loop 'VITIS_LOOP_97_4_VITIS_LOOP_98_5'): Unable to enforce a carried dependence constraint (II = 7, distance = 1, offset = 1) between 'store' operation 0 bit ('smooth_south_pole_sum_1_write_ln74', ico_conv_layer2_5.cpp:74) of variable 'smooth_south_pole_sum', ico_conv_layer2_5.cpp:100 on local variable 'smooth_south_pole_sum', ico_conv_layer2_5.cpp:74 and 'fadd' operation 32 bit ('smooth_south_pole_sum', ico_conv_layer2_5.cpp:100).
Resolution: For help on HLS 200-880 see docs.xilinx.com/access/sources/dita/topic?Doc_Version=2024.2%20English&url=ug1448-hls-guidance&resourceid=200-880.html
WARNING: [HLS 200-880] The II Violation in module 'pad_ico_Pipeline_VITIS_LOOP_97_4_VITIS_LOOP_98_5' (loop 'VITIS_LOOP_97_4_VITIS_LOOP_98_5'): Unable to enforce a carried dependence constraint (II = 8, distance = 1, offset = 1) between 'store' operation 0 bit ('smooth_south_pole_sum_1_write_ln74', ico_conv_layer2_5.cpp:74) of variable 'smooth_south_pole_sum', ico_conv_layer2_5.cpp:100 on local variable 'smooth_south_pole_sum', ico_conv_layer2_5.cpp:74 and 'fadd' operation 32 bit ('smooth_south_pole_sum', ico_conv_layer2_5.cpp:100).
Resolution: For help on HLS 200-880 see docs.xilinx.com/access/sources/dita/topic?Doc_Version=2024.2%20English&url=ug1448-hls-guidance&resourceid=200-880.html
INFO: [HLS 200-1470] Pipelining result : Target II = NA, Final II = 9, Depth = 14, loop 'VITIS_LOOP_97_4_VITIS_LOOP_98_5'
INFO: [SCHED 204-11] Finished scheduling.
INFO: [HLS 200-111] Finished Scheduling: CPU user time: 1 seconds. CPU system time: 1 seconds. Elapsed time: 0.269 seconds; current allocated memory: 731.773 MB.
INFO: [BIND 205-100] Starting micro-architecture generation ...
INFO: [BIND 205-101] Performing variable lifetime analysis.
INFO: [BIND 205-101] Exploring resource sharing.
INFO: [BIND 205-101] Binding ...
INFO: [BIND 205-100] Finished micro-architecture generation.
INFO: [HLS 200-111] Finished Binding: CPU user time: 0 seconds. CPU system time: 0 seconds. Elapsed time: 0.06 seconds; current allocated memory: 732.059 MB.
INFO: [HLS 200-10] ----------------------------------------------------------------
INFO: [HLS 200-42] -- Implementing module 'pad_ico_Pipeline_VITIS_LOOP_107_6_VITIS_LOOP_108_7_VITIS_LOOP_109_8_VITIS_LOOP_1' 
INFO: [HLS 200-10] ----------------------------------------------------------------
INFO: [SCHED 204-11] Starting scheduling ...
INFO: [SCHED 204-61] Pipelining loop 'VITIS_LOOP_107_6_VITIS_LOOP_108_7_VITIS_LOOP_109_8_VITIS_LOOP_110_9'.
INFO: [HLS 200-1470] Pipelining result : Target II = NA, Final II = 1, Depth = 47, loop 'VITIS_LOOP_107_6_VITIS_LOOP_108_7_VITIS_LOOP_109_8_VITIS_LOOP_110_9'
INFO: [SCHED 204-11] Finished scheduling.
INFO: [HLS 200-111] Finished Scheduling: CPU user time: 0 seconds. CPU system time: 0 seconds. Elapsed time: 0.268 seconds; current allocated memory: 733.961 MB.
INFO: [BIND 205-100] Starting micro-architecture generation ...
INFO: [BIND 205-101] Performing variable lifetime analysis.
INFO: [BIND 205-101] Exploring resource sharing.
INFO: [BIND 205-101] Binding ...
INFO: [BIND 205-100] Finished micro-architecture generation.
INFO: [HLS 200-111] Finished Binding: CPU user time: 0 seconds. CPU system time: 0 seconds. Elapsed time: 0.118 seconds; current allocated memory: 734.117 MB.
INFO: [HLS 200-10] ----------------------------------------------------------------
INFO: [HLS 200-42] -- Implementing module 'pad_ico_Pipeline_VITIS_LOOP_131_10_VITIS_LOOP_132_11' 
INFO: [HLS 200-10] ----------------------------------------------------------------
INFO: [SCHED 204-11] Starting scheduling ...
INFO: [SCHED 204-61] Pipelining loop 'VITIS_LOOP_131_10_VITIS_LOOP_132_11'.
INFO: [HLS 200-1470] Pipelining result : Target II = NA, Final II = 1, Depth = 5, loop 'VITIS_LOOP_131_10_VITIS_LOOP_132_11'
INFO: [SCHED 204-11] Finished scheduling.
INFO: [HLS 200-111] Finished Scheduling: CPU user time: 0 seconds. CPU system time: 0 seconds. Elapsed time: 0.144 seconds; current allocated memory: 734.488 MB.
INFO: [BIND 205-100] Starting micro-architecture generation ...
INFO: [BIND 205-101] Performing variable lifetime analysis.
INFO: [BIND 205-101] Exploring resource sharing.
INFO: [BIND 205-101] Binding ...
INFO: [BIND 205-100] Finished micro-architecture generation.
INFO: [HLS 200-111] Finished Binding: CPU user time: 0 seconds. CPU system time: 0 seconds. Elapsed time: 0.084 seconds; current allocated memory: 734.590 MB.
INFO: [HLS 200-10] ----------------------------------------------------------------
INFO: [HLS 200-42] -- Implementing module 'pad_ico' 
INFO: [HLS 200-10] ----------------------------------------------------------------
INFO: [SCHED 204-11] Starting scheduling ...
INFO: [SCHED 204-11] Finished scheduling.
INFO: [HLS 200-111] Finished Scheduling: CPU user time: 0 seconds. CPU system time: 0 seconds. Elapsed time: 0.1 seconds; current allocated memory: 734.914 MB.
INFO: [BIND 205-100] Starting micro-architecture generation ...
INFO: [BIND 205-101] Performing variable lifetime analysis.
INFO: [BIND 205-101] Exploring resource sharing.
INFO: [BIND 205-101] Binding ...
INFO: [BIND 205-100] Finished micro-architecture generation.
INFO: [HLS 200-111] Finished Binding: CPU user time: 0 seconds. CPU system time: 0 seconds. Elapsed time: 0.079 seconds; current allocated memory: 735.398 MB.
INFO: [HLS 200-10] ----------------------------------------------------------------
INFO: [HLS 200-42] -- Implementing module 'conv_ico_layer2_5_Pipeline_VITIS_LOOP_178_2_VITIS_LOOP_179_3_VITIS_LOOP_180_4_VI' 
INFO: [HLS 200-10] ----------------------------------------------------------------
INFO: [SCHED 204-11] Starting scheduling ...
INFO: [SCHED 204-61] Pipelining loop 'VITIS_LOOP_178_2_VITIS_LOOP_179_3_VITIS_LOOP_180_4_VITIS_LOOP_181_5_VITIS_LOOP_182_6_VITIS_LOOP_184_7_VITIS_LOOP_185_8_VITIS_LOOP_186_9_VITIS_LOOP_187_10'.
WARNING: [HLS 200-880] The II Violation in module 'conv_ico_layer2_5_Pipeline_VITIS_LOOP_178_2_VITIS_LOOP_179_3_VITIS_LOOP_180_4_VI' (loop 'VITIS_LOOP_178_2_VITIS_LOOP_179_3_VITIS_LOOP_180_4_VITIS_LOOP_181_5_VITIS_LOOP_182_6_VITIS_LOOP_184_7_VITIS_LOOP_185_8_VITIS_LOOP_186_9_VITIS_LOOP_187_10'): Unable to enforce a carried dependence constraint (II = 1, distance = 1, offset = 1) between 'store' operation 0 bit ('sum_2_write_ln183', ico_conv_layer2_5.cpp:183) of variable 'sum', ico_conv_layer2_5.cpp:190 on local variable 'sum', ico_conv_layer2_5.cpp:183 and 'fadd' operation 32 bit ('sum', ico_conv_layer2_5.cpp:190).
Resolution: For help on HLS 200-880 see docs.xilinx.com/access/sources/dita/topic?Doc_Version=2024.2%20English&url=ug1448-hls-guidance&resourceid=200-880.html
WARNING: [HLS 200-880] The II Violation in module 'conv_ico_layer2_5_Pipeline_VITIS_LOOP_178_2_VITIS_LOOP_179_3_VITIS_LOOP_180_4_VI' (loop 'VITIS_LOOP_178_2_VITIS_LOOP_179_3_VITIS_LOOP_180_4_VITIS_LOOP_181_5_VITIS_LOOP_182_6_VITIS_LOOP_184_7_VITIS_LOOP_185_8_VITIS_LOOP_186_9_VITIS_LOOP_187_10'): Unable to enforce a carried dependence constraint (II = 2, distance = 1, offset = 1) between 'store' operation 0 bit ('sum_2_write_ln183', ico_conv_layer2_5.cpp:183) of variable 'sum', ico_conv_layer2_5.cpp:190 on local variable 'sum', ico_conv_layer2_5.cpp:183 and 'fadd' operation 32 bit ('sum', ico_conv_layer2_5.cpp:190).
Resolution: For help on HLS 200-880 see docs.xilinx.com/access/sources/dita/topic?Doc_Version=2024.2%20English&url=ug1448-hls-guidance&resourceid=200-880.html
WARNING: [HLS 200-880] The II Violation in module 'conv_ico_layer2_5_Pipeline_VITIS_LOOP_178_2_VITIS_LOOP_179_3_VITIS_LOOP_180_4_VI' (loop 'VITIS_LOOP_178_2_VITIS_LOOP_179_3_VITIS_LOOP_180_4_VITIS_LOOP_181_5_VITIS_LOOP_182_6_VITIS_LOOP_184_7_VITIS_LOOP_185_8_VITIS_LOOP_186_9_VITIS_LOOP_187_10'): Unable to enforce a carried dependence constraint (II = 3, distance = 1, offset = 1) between 'store' operation 0 bit ('sum_2_write_ln183', ico_conv_layer2_5.cpp:183) of variable 'sum', ico_conv_layer2_5.cpp:190 on local variable 'sum', ico_conv_layer2_5.cpp:183 and 'fadd' operation 32 bit ('sum', ico_conv_layer2_5.cpp:190).
Resolution: For help on HLS 200-880 see docs.xilinx.com/access/sources/dita/topic?Doc_Version=2024.2%20English&url=ug1448-hls-guidance&resourceid=200-880.html
WARNING: [HLS 200-880] The II Violation in module 'conv_ico_layer2_5_Pipeline_VITIS_LOOP_178_2_VITIS_LOOP_179_3_VITIS_LOOP_180_4_VI' (loop 'VITIS_LOOP_178_2_VITIS_LOOP_179_3_VITIS_LOOP_180_4_VITIS_LOOP_181_5_VITIS_LOOP_182_6_VITIS_LOOP_184_7_VITIS_LOOP_185_8_VITIS_LOOP_186_9_VITIS_LOOP_187_10'): Unable to enforce a carried dependence constraint (II = 4, distance = 1, offset = 1) between 'store' operation 0 bit ('sum_2_write_ln183', ico_conv_layer2_5.cpp:183) of variable 'sum', ico_conv_layer2_5.cpp:190 on local variable 'sum', ico_conv_layer2_5.cpp:183 and 'fadd' operation 32 bit ('sum', ico_conv_layer2_5.cpp:190).
Resolution: For help on HLS 200-880 see docs.xilinx.com/access/sources/dita/topic?Doc_Version=2024.2%20English&url=ug1448-hls-guidance&resourceid=200-880.html
WARNING: [HLS 200-880] The II Violation in module 'conv_ico_layer2_5_Pipeline_VITIS_LOOP_178_2_VITIS_LOOP_179_3_VITIS_LOOP_180_4_VI' (loop 'VITIS_LOOP_178_2_VITIS_LOOP_179_3_VITIS_LOOP_180_4_VITIS_LOOP_181_5_VITIS_LOOP_182_6_VITIS_LOOP_184_7_VITIS_LOOP_185_8_VITIS_LOOP_186_9_VITIS_LOOP_187_10'): Unable to enforce a carried dependence constraint (II = 7, distance = 1, offset = 1) between 'store' operation 0 bit ('sum_2_write_ln183', ico_conv_layer2_5.cpp:183) of variable 'sum', ico_conv_layer2_5.cpp:190 on local variable 'sum', ico_conv_layer2_5.cpp:183 and 'fadd' operation 32 bit ('sum', ico_conv_layer2_5.cpp:190).
Resolution: For help on HLS 200-880 see docs.xilinx.com/access/sources/dita/topic?Doc_Version=2024.2%20English&url=ug1448-hls-guidance&resourceid=200-880.html
WARNING: [HLS 200-880] The II Violation in module 'conv_ico_layer2_5_Pipeline_VITIS_LOOP_178_2_VITIS_LOOP_179_3_VITIS_LOOP_180_4_VI' (loop 'VITIS_LOOP_178_2_VITIS_LOOP_179_3_VITIS_LOOP_180_4_VITIS_LOOP_181_5_VITIS_LOOP_182_6_VITIS_LOOP_184_7_VITIS_LOOP_185_8_VITIS_LOOP_186_9_VITIS_LOOP_187_10'): Unable to enforce a carried dependence constraint (II = 8, distance = 1, offset = 1) between 'store' operation 0 bit ('sum_2_write_ln183', ico_conv_layer2_5.cpp:183) of variable 'sum', ico_conv_layer2_5.cpp:190 on local variable 'sum', ico_conv_layer2_5.cpp:183 and 'fadd' operation 32 bit ('sum', ico_conv_layer2_5.cpp:190).
Resolution: For help on HLS 200-880 see docs.xilinx.com/access/sources/dita/topic?Doc_Version=2024.2%20English&url=ug1448-hls-guidance&resourceid=200-880.html
INFO: [HLS 200-1470] Pipelining result : Target II = NA, Final II = 9, Depth = 26, loop 'VITIS_LOOP_178_2_VITIS_LOOP_179_3_VITIS_LOOP_180_4_VITIS_LOOP_181_5_VITIS_LOOP_182_6_VITIS_LOOP_184_7_VITIS_LOOP_185_8_VITIS_LOOP_186_9_VITIS_LOOP_187_10'
INFO: [SCHED 204-11] Finished scheduling.
INFO: [HLS 200-111] Finished Scheduling: CPU user time: 1 seconds. CPU system time: 0 seconds. Elapsed time: 0.512 seconds; current allocated memory: 743.051 MB.
INFO: [BIND 205-100] Starting micro-architecture generation ...
INFO: [BIND 205-101] Performing variable lifetime analysis.
INFO: [BIND 205-101] Exploring resource sharing.
INFO: [BIND 205-101] Binding ...
INFO: [BIND 205-100] Finished micro-architecture generation.
INFO: [HLS 200-111] Finished Binding: CPU user time: 0 seconds. CPU system time: 0 seconds. Elapsed time: 0.176 seconds; current allocated memory: 743.059 MB.
INFO: [HLS 200-10] ----------------------------------------------------------------
INFO: [HLS 200-42] -- Implementing module 'conv_ico_layer2_5_Pipeline_VITIS_LOOP_203_11_VITIS_LOOP_204_12_VITIS_LOOP_205_13' 
INFO: [HLS 200-10] ----------------------------------------------------------------
INFO: [SCHED 204-11] Starting scheduling ...
INFO: [SCHED 204-61] Pipelining loop 'VITIS_LOOP_203_11_VITIS_LOOP_204_12_VITIS_LOOP_205_13'.
INFO: [HLS 200-1470] Pipelining result : Target II = NA, Final II = 1, Depth = 5, loop 'VITIS_LOOP_203_11_VITIS_LOOP_204_12_VITIS_LOOP_205_13'
INFO: [SCHED 204-11] Finished scheduling.
INFO: [HLS 200-111] Finished Scheduling: CPU user time: 0 seconds. CPU system time: 0 seconds. Elapsed time: 0.257 seconds; current allocated memory: 743.109 MB.
INFO: [BIND 205-100] Starting micro-architecture generation ...
INFO: [BIND 205-101] Performing variable lifetime analysis.
INFO: [BIND 205-101] Exploring resource sharing.
INFO: [BIND 205-101] Binding ...
INFO: [BIND 205-100] Finished micro-architecture generation.
INFO: [HLS 200-111] Finished Binding: CPU user time: 0 seconds. CPU system time: 0 seconds. Elapsed time: 0.069 seconds; current allocated memory: 743.109 MB.
INFO: [HLS 200-10] ----------------------------------------------------------------
INFO: [HLS 200-42] -- Implementing module 'conv_ico_layer2_5_Pipeline_VITIS_LOOP_212_14_VITIS_LOOP_213_15' 
INFO: [HLS 200-10] ----------------------------------------------------------------
INFO: [SCHED 204-11] Starting scheduling ...
INFO: [SCHED 204-61] Pipelining loop 'VITIS_LOOP_212_14_VITIS_LOOP_213_15'.
WARNING: [HLS 200-885] The II Violation in module 'conv_ico_layer2_5_Pipeline_VITIS_LOOP_212_14_VITIS_LOOP_213_15' (loop 'VITIS_LOOP_212_14_VITIS_LOOP_213_15'): Unable to schedule 'load' operation 32 bit ('output_r_load_5', ico_conv_layer2_5.cpp:223) on array 'output_r' due to limited memory ports (II = 1). Please consider using a memory core with more ports or partitioning the array 'output_r'.
Resolution: For help on HLS 200-885 see docs.xilinx.com/access/sources/dita/topic?Doc_Version=2024.2%20English&url=ug1448-hls-guidance&resourceid=200-885.html
WARNING: [HLS 200-885] The II Violation in module 'conv_ico_layer2_5_Pipeline_VITIS_LOOP_212_14_VITIS_LOOP_213_15' (loop 'VITIS_LOOP_212_14_VITIS_LOOP_213_15'): Unable to schedule 'load' operation 32 bit ('output_r_load_6', ico_conv_layer2_5.cpp:224) on array 'output_r' due to limited memory ports (II = 2). Please consider using a memory core with more ports or partitioning the array 'output_r'.
Resolution: For help on HLS 200-885 see docs.xilinx.com/access/sources/dita/topic?Doc_Version=2024.2%20English&url=ug1448-hls-guidance&resourceid=200-885.html
WARNING: [HLS 200-885] The II Violation in module 'conv_ico_layer2_5_Pipeline_VITIS_LOOP_212_14_VITIS_LOOP_213_15' (loop 'VITIS_LOOP_212_14_VITIS_LOOP_213_15'): Unable to schedule 'load' operation 32 bit ('output_r_load_7', ico_conv_layer2_5.cpp:225) on array 'output_r' due to limited memory ports (II = 3). Please consider using a memory core with more ports or partitioning the array 'output_r'.
Resolution: For help on HLS 200-885 see docs.xilinx.com/access/sources/dita/topic?Doc_Version=2024.2%20English&url=ug1448-hls-guidance&resourceid=200-885.html
WARNING: [HLS 200-885] The II Violation in module 'conv_ico_layer2_5_Pipeline_VITIS_LOOP_212_14_VITIS_LOOP_213_15' (loop 'VITIS_LOOP_212_14_VITIS_LOOP_213_15'): Unable to schedule 'load' operation 32 bit ('output_r_load_8', ico_conv_layer2_5.cpp:226) on array 'output_r' due to limited memory ports (II = 4). Please consider using a memory core with more ports or partitioning the array 'output_r'.
Resolution: For help on HLS 200-885 see docs.xilinx.com/access/sources/dita/topic?Doc_Version=2024.2%20English&url=ug1448-hls-guidance&resourceid=200-885.html
WARNING: [HLS 200-885] The II Violation in module 'conv_ico_layer2_5_Pipeline_VITIS_LOOP_212_14_VITIS_LOOP_213_15' (loop 'VITIS_LOOP_212_14_VITIS_LOOP_213_15'): Unable to schedule 'load' operation 32 bit ('output_r_load_41', ico_conv_layer2_5.cpp:223) on array 'output_r' due to limited memory ports (II = 19). Please consider using a memory core with more ports or partitioning the array 'output_r'.
Resolution: For help on HLS 200-885 see docs.xilinx.com/access/sources/dita/topic?Doc_Version=2024.2%20English&url=ug1448-hls-guidance&resourceid=200-885.html
WARNING: [HLS 200-885] The II Violation in module 'conv_ico_layer2_5_Pipeline_VITIS_LOOP_212_14_VITIS_LOOP_213_15' (loop 'VITIS_LOOP_212_14_VITIS_LOOP_213_15'): Unable to schedule 'load' operation 32 bit ('output_r_load_49', ico_conv_layer2_5.cpp:222) on array 'output_r' due to limited memory ports (II = 27). Please consider using a memory core with more ports or partitioning the array 'output_r'.
Resolution: For help on HLS 200-885 see docs.xilinx.com/access/sources/dita/topic?Doc_Version=2024.2%20English&url=ug1448-hls-guidance&resourceid=200-885.html
WARNING: [HLS 200-885] The II Violation in module 'conv_ico_layer2_5_Pipeline_VITIS_LOOP_212_14_VITIS_LOOP_213_15' (loop 'VITIS_LOOP_212_14_VITIS_LOOP_213_15'): Unable to schedule 'store' operation 0 bit ('output_r_addr_61_write_ln233', ico_conv_layer2_5.cpp:233) of variable 'bitcast_ln233', ico_conv_layer2_5.cpp:233 on array 'output_r' due to limited memory ports (II = 31). Please consider using a memory core with more ports or partitioning the array 'output_r'.
Resolution: For help on HLS 200-885 see docs.xilinx.com/access/sources/dita/topic?Doc_Version=2024.2%20English&url=ug1448-hls-guidance&resourceid=200-885.html
WARNING: [HLS 200-885] The II Violation in module 'conv_ico_layer2_5_Pipeline_VITIS_LOOP_212_14_VITIS_LOOP_213_15' (loop 'VITIS_LOOP_212_14_VITIS_LOOP_213_15'): Unable to schedule 'store' operation 0 bit ('output_r_addr_63_write_ln233', ico_conv_layer2_5.cpp:233) of variable 'bitcast_ln233', ico_conv_layer2_5.cpp:233 on array 'output_r' due to limited memory ports (II = 32). Please consider using a memory core with more ports or partitioning the array 'output_r'.
Resolution: For help on HLS 200-885 see docs.xilinx.com/access/sources/dita/topic?Doc_Version=2024.2%20English&url=ug1448-hls-guidance&resourceid=200-885.html
INFO: [HLS 200-1470] Pipelining result : Target II = NA, Final II = 33, Depth = 266, loop 'VITIS_LOOP_212_14_VITIS_LOOP_213_15'
INFO: [SCHED 204-11] Finished scheduling.
INFO: [HLS 200-111] Finished Scheduling: CPU user time: 2 seconds. CPU system time: 0 seconds. Elapsed time: 1.595 seconds; current allocated memory: 744.332 MB.
INFO: [BIND 205-100] Starting micro-architecture generation ...
INFO: [BIND 205-101] Performing variable lifetime analysis.
INFO: [BIND 205-101] Exploring resource sharing.
INFO: [BIND 205-101] Binding ...
INFO: [BIND 205-100] Finished micro-architecture generation.
INFO: [HLS 200-111] Finished Binding: CPU user time: 0 seconds. CPU system time: 0 seconds. Elapsed time: 0.267 seconds; current allocated memory: 746.254 MB.
INFO: [HLS 200-10] ----------------------------------------------------------------
INFO: [HLS 200-42] -- Implementing module 'conv_ico_layer2_5' 
INFO: [HLS 200-10] ----------------------------------------------------------------
INFO: [SCHED 204-11] Starting scheduling ...
INFO: [SCHED 204-11] Finished scheduling.
INFO: [HLS 200-111] Finished Scheduling: CPU user time: 0 seconds. CPU system time: 0 seconds. Elapsed time: 0.26 seconds; current allocated memory: 746.574 MB.
INFO: [BIND 205-100] Starting micro-architecture generation ...
INFO: [BIND 205-101] Performing variable lifetime analysis.
INFO: [BIND 205-101] Exploring resource sharing.
INFO: [BIND 205-101] Binding ...
INFO: [BIND 205-100] Finished micro-architecture generation.
INFO: [HLS 200-111] Finished Binding: CPU user time: 0 seconds. CPU system time: 0 seconds. Elapsed time: 0.08 seconds; current allocated memory: 746.832 MB.
INFO: [HLS 200-10] ----------------------------------------------------------------
INFO: [HLS 200-10] -- Generating RTL for module 'pad_ico_Pipeline_VITIS_LOOP_76_2' 
INFO: [HLS 200-10] ----------------------------------------------------------------
INFO: [HLS 200-1030] Apply Unified Pipeline Control on module 'pad_ico_Pipeline_VITIS_LOOP_76_2' pipeline 'VITIS_LOOP_76_2' pipeline type 'loop pipeline'
INFO: [RTGEN 206-100] Generating core module 'fadd_32ns_32ns_32_8_full_dsp_1': 3 instance(s).
INFO: [RTGEN 206-100] Generating core module 'fdiv_32ns_32ns_32_16_no_dsp_1': 1 instance(s).
INFO: [RTGEN 206-100] Finished creating RTL model for 'pad_ico_Pipeline_VITIS_LOOP_76_2'.
INFO: [HLS 200-111] Finished Creating RTL model: CPU user time: 0 seconds. CPU system time: 0 seconds. Elapsed time: 0.366 seconds; current allocated memory: 752.211 MB.
INFO: [HLS 200-10] ----------------------------------------------------------------
INFO: [HLS 200-10] -- Generating RTL for module 'pad_ico_Pipeline_VITIS_LOOP_97_4_VITIS_LOOP_98_5' 
INFO: [HLS 200-10] ----------------------------------------------------------------
INFO: [HLS 200-1030] Apply Unified Pipeline Control on module 'pad_ico_Pipeline_VITIS_LOOP_97_4_VITIS_LOOP_98_5' pipeline 'VITIS_LOOP_97_4_VITIS_LOOP_98_5' pipeline type 'loop pipeline'
INFO: [RTGEN 206-100] Generating core module 'fadd_32ns_32ns_32_8_full_dsp_1': 1 instance(s).
INFO: [RTGEN 206-100] Finished creating RTL model for 'pad_ico_Pipeline_VITIS_LOOP_97_4_VITIS_LOOP_98_5'.
INFO: [HLS 200-111] Finished Creating RTL model: CPU user time: 1 seconds. CPU system time: 1 seconds. Elapsed time: 1.273 seconds; current allocated memory: 760.066 MB.
INFO: [HLS 200-10] ----------------------------------------------------------------
INFO: [HLS 200-10] -- Generating RTL for module 'pad_ico_Pipeline_VITIS_LOOP_107_6_VITIS_LOOP_108_7_VITIS_LOOP_109_8_VITIS_LOOP_1' 
INFO: [HLS 200-10] ----------------------------------------------------------------
INFO: [HLS 200-1030] Apply Unified Pipeline Control on module 'pad_ico_Pipeline_VITIS_LOOP_107_6_VITIS_LOOP_108_7_VITIS_LOOP_109_8_VITIS_LOOP_1' pipeline 'VITIS_LOOP_107_6_VITIS_LOOP_108_7_VITIS_LOOP_109_8_VITIS_LOOP_110_9' pipeline type 'loop pipeline'
INFO: [RTGEN 206-100] Generating core module 'mul_32s_34ns_65_5_1': 1 instance(s).
INFO: [RTGEN 206-100] Generating core module 'sparsemux_7_2_32_1_1': 1 instance(s).
INFO: [RTGEN 206-100] Generating core module 'srem_32s_7ns_32_36_1': 1 instance(s).
INFO: [RTGEN 206-100] Finished creating RTL model for 'pad_ico_Pipeline_VITIS_LOOP_107_6_VITIS_LOOP_108_7_VITIS_LOOP_109_8_VITIS_LOOP_1'.
INFO: [HLS 200-111] Finished Creating RTL model: CPU user time: 0 seconds. CPU system time: 0 seconds. Elapsed time: 0.436 seconds; current allocated memory: 762.336 MB.
INFO: [HLS 200-10] ----------------------------------------------------------------
INFO: [HLS 200-10] -- Generating RTL for module 'pad_ico_Pipeline_VITIS_LOOP_131_10_VITIS_LOOP_132_11' 
INFO: [HLS 200-10] ----------------------------------------------------------------
INFO: [HLS 200-1030] Apply Unified Pipeline Control on module 'pad_ico_Pipeline_VITIS_LOOP_131_10_VITIS_LOOP_132_11' pipeline 'VITIS_LOOP_131_10_VITIS_LOOP_132_11' pipeline type 'loop pipeline'
INFO: [RTGEN 206-100] Finished creating RTL model for 'pad_ico_Pipeline_VITIS_LOOP_131_10_VITIS_LOOP_132_11'.
INFO: [HLS 200-111] Finished Creating RTL model: CPU user time: 0 seconds. CPU system time: 1 seconds. Elapsed time: 0.681 seconds; current allocated memory: 766.004 MB.
INFO: [HLS 200-10] ----------------------------------------------------------------
INFO: [HLS 200-10] -- Generating RTL for module 'pad_ico' 
INFO: [HLS 200-10] ----------------------------------------------------------------
WARNING: [RTGEN 206-101] Setting dangling out port 'pad_ico/grp_fu_171_p_opcode' to 0.
WARNING: [RTGEN 206-101] Setting dangling out port 'pad_ico/grp_fu_175_p_opcode' to 0.
INFO: [RTGEN 206-100] Generating core module 'fadd_32ns_32ns_32_8_full_dsp_1': 2 instance(s).
INFO: [RTGEN 206-100] Generating core module 'fdiv_32ns_32ns_32_16_no_dsp_1': 2 instance(s).
INFO: [RTGEN 206-100] Finished creating RTL model for 'pad_ico'.
INFO: [RTMG 210-278] Implementing memory 'conv_ico_layer2_5_pad_ico_north_vertex_RAM_AUTO_1R1W' using auto RAMs.
INFO: [HLS 200-111] Finished Creating RTL model: CPU user time: 0 seconds. CPU system time: 0 seconds. Elapsed time: 0.34 seconds; current allocated memory: 767.387 MB.
INFO: [HLS 200-10] ----------------------------------------------------------------
INFO: [HLS 200-10] -- Generating RTL for module 'conv_ico_layer2_5_Pipeline_VITIS_LOOP_178_2_VITIS_LOOP_179_3_VITIS_LOOP_180_4_VI' 
INFO: [HLS 200-10] ----------------------------------------------------------------
INFO: [HLS 200-1030] Apply Unified Pipeline Control on module 'conv_ico_layer2_5_Pipeline_VITIS_LOOP_178_2_VITIS_LOOP_179_3_VITIS_LOOP_180_4_VI' pipeline 'VITIS_LOOP_178_2_VITIS_LOOP_179_3_VITIS_LOOP_180_4_VITIS_LOOP_181_5_VITIS_LOOP_182_6_VITIS_LOOP_184_7_VITIS_LOOP_185_8_VITIS_LOOP_186_9_VITIS_LOOP_187_10' pipeline type 'loop pipeline'
INFO: [RTGEN 206-100] Generating core module 'fadd_32ns_32ns_32_8_full_dsp_1': 1 instance(s).
INFO: [RTGEN 206-100] Generating core module 'fmul_32ns_32ns_32_5_max_dsp_1': 1 instance(s).
INFO: [RTGEN 206-100] Finished creating RTL model for 'conv_ico_layer2_5_Pipeline_VITIS_LOOP_178_2_VITIS_LOOP_179_3_VITIS_LOOP_180_4_VI'.
INFO: [HLS 200-111] Finished Creating RTL model: CPU user time: 1 seconds. CPU system time: 0 seconds. Elapsed time: 0.49 seconds; current allocated memory: 771.676 MB.
INFO: [HLS 200-10] ----------------------------------------------------------------
INFO: [HLS 200-10] -- Generating RTL for module 'conv_ico_layer2_5_Pipeline_VITIS_LOOP_203_11_VITIS_LOOP_204_12_VITIS_LOOP_205_13' 
INFO: [HLS 200-10] ----------------------------------------------------------------
INFO: [HLS 200-1030] Apply Unified Pipeline Control on module 'conv_ico_layer2_5_Pipeline_VITIS_LOOP_203_11_VITIS_LOOP_204_12_VITIS_LOOP_205_13' pipeline 'VITIS_LOOP_203_11_VITIS_LOOP_204_12_VITIS_LOOP_205_13' pipeline type 'loop pipeline'
INFO: [RTGEN 206-100] Finished creating RTL model for 'conv_ico_layer2_5_Pipeline_VITIS_LOOP_203_11_VITIS_LOOP_204_12_VITIS_LOOP_205_13'.
INFO: [HLS 200-111] Finished Creating RTL model: CPU user time: 0 seconds. CPU system time: 1 seconds. Elapsed time: 1.316 seconds; current allocated memory: 779.945 MB.
INFO: [HLS 200-10] ----------------------------------------------------------------
INFO: [HLS 200-10] -- Generating RTL for module 'conv_ico_layer2_5_Pipeline_VITIS_LOOP_212_14_VITIS_LOOP_213_15' 
INFO: [HLS 200-10] ----------------------------------------------------------------
INFO: [HLS 200-1030] Apply Unified Pipeline Control on module 'conv_ico_layer2_5_Pipeline_VITIS_LOOP_212_14_VITIS_LOOP_213_15' pipeline 'VITIS_LOOP_212_14_VITIS_LOOP_213_15' pipeline type 'loop pipeline'
INFO: [RTGEN 206-100] Generating core module 'fadd_32ns_32ns_32_8_full_dsp_1': 2 instance(s).
INFO: [RTGEN 206-100] Generating core module 'fdiv_32ns_32ns_32_16_no_dsp_1': 1 instance(s).
INFO: [RTGEN 206-100] Generating core module 'urem_4ns_4ns_4_8_1': 1 instance(s).
INFO: [RTGEN 206-100] Finished creating RTL model for 'conv_ico_layer2_5_Pipeline_VITIS_LOOP_212_14_VITIS_LOOP_213_15'.
INFO: [HLS 200-111] Finished Creating RTL model: CPU user time: 1 seconds. CPU system time: 0 seconds. Elapsed time: 0.702 seconds; current allocated memory: 784.230 MB.
INFO: [HLS 200-10] ----------------------------------------------------------------
INFO: [HLS 200-10] -- Generating RTL for module 'conv_ico_layer2_5' 
INFO: [HLS 200-10] ----------------------------------------------------------------
INFO: [RTGEN 206-500] Setting interface mode on port 'conv_ico_layer2_5/input_r' to 'ap_memory'.
INFO: [RTGEN 206-500] Setting interface mode on port 'conv_ico_layer2_5/weight_0' to 'ap_memory'.
INFO: [RTGEN 206-500] Setting interface mode on port 'conv_ico_layer2_5/weight_1' to 'ap_memory'.
INFO: [RTGEN 206-500] Setting interface mode on port 'conv_ico_layer2_5/bias_0' to 'ap_memory'.
INFO: [RTGEN 206-500] Setting interface mode on port 'conv_ico_layer2_5/bias_1' to 'ap_memory'.
INFO: [RTGEN 206-500] Setting interface mode on port 'conv_ico_layer2_5/kernel_expansion_idx' to 'ap_memory'.
INFO: [RTGEN 206-500] Setting interface mode on port 'conv_ico_layer2_5/reorder_idx' to 'ap_memory'.
INFO: [RTGEN 206-500] Setting interface mode on port 'conv_ico_layer2_5/output_r' to 'ap_memory'.
INFO: [RTGEN 206-500] Setting interface mode on function 'conv_ico_layer2_5' to 'ap_ctrl_hs'.
INFO: [RTGEN 206-100] Generating core module 'fadd_32ns_32ns_32_8_full_dsp_1': 2 instance(s).
INFO: [RTGEN 206-100] Generating core module 'fdiv_32ns_32ns_32_16_no_dsp_1': 1 instance(s).
INFO: [RTGEN 206-100] Finished creating RTL model for 'conv_ico_layer2_5'.
INFO: [RTMG 210-278] Implementing memory 'conv_ico_layer2_5_padded_frame_RAM_AUTO_1R1W' using auto RAMs.
INFO: [HLS 200-111] Finished Creating RTL model: CPU user time: 0 seconds. CPU system time: 1 seconds. Elapsed time: 1.567 seconds; current allocated memory: 793.402 MB.
INFO: [HLS 200-111] Finished Generating all RTL models: CPU user time: 1 seconds. CPU system time: 0 seconds. Elapsed time: 1.023 seconds; current allocated memory: 796.305 MB.
INFO: [HLS 200-111] Finished Updating report files: CPU user time: 1 seconds. CPU system time: 1 seconds. Elapsed time: 1.438 seconds; current allocated memory: 804.777 MB.
INFO: [VHDL 208-304] Generating VHDL RTL for conv_ico_layer2_5.
INFO: [VLOG 209-307] Generating Verilog RTL for conv_ico_layer2_5.
INFO: [HLS 200-790] **** Loop Constraint Status: All loop constraints were NOT satisfied.
INFO: [HLS 200-789] **** Estimated Fmax: 222.30 MHz
INFO: [HLS 200-2161] Finished Command csynth_design Elapsed time: 00:00:34; Allocated memory: 186.688 MB.
INFO: [HLS 200-112] Total CPU user time: 19 seconds. Total CPU system time: 9 seconds. Total elapsed time: 66.722 seconds; peak allocated memory: 805.078 MB.
