
****** Vitis HLS - High-Level Synthesis from C, C++ and OpenCL v2024.2 (64-bit)
  **** SW Build 5238294 on Nov  8 2024
  **** IP Build 5239520 on Sun Nov 10 16:12:51 MST 2024
  **** SharedData Build 5239561 on Fri Nov 08 14:39:27 MST 2024
  **** Start of session at: Tue Mar 10 11:48:33 2026
    ** Copyright 1986-2022 Xilinx, Inc. All Rights Reserved.
    ** Copyright 2022-2024 Advanced Micro Devices, Inc. All Rights Reserved.

source G:/PostGraduateFile/Xilinx/Vitis/2024.2/scripts/vitis_hls/hls.tcl -notrace
INFO: [HLS 200-10] For user 'Lenovo' on host 'laptop-lc5o154v' (Windows NT_amd64 version 10.0) on Tue Mar 10 11:48:35 +0800 2026
INFO: [HLS 200-10] In directory 'G:/3DSLED/icocnn/hls_src'
WARNING: [HLS 200-2053] The vitis_hls executable is deprecated. Consider using vitis-run --mode hls --tcl
Sourcing Tcl script 'run_hls.tcl'
=== Vitis HLS Terminal Flow ===
Project  : layer0_hls_prj
Solution : sol1
Top      : conv_ico_layer0
Part     : xc7k325tffg900-2
Clock(ns): 5.0
Mode     : synth
Removing existing project: layer0_hls_prj
INFO: [HLS 200-1510] Running: open_project layer0_hls_prj 
INFO: [HLS 200-10] Creating and opening project 'G:/3DSLED/icocnn/hls_src/layer0_hls_prj'.
INFO: [HLS 200-1510] Running: set_top conv_ico_layer0 
INFO: [HLS 200-1510] Running: add_files ico_conv_layer0.cpp 
INFO: [HLS 200-10] Adding design file 'ico_conv_layer0.cpp' to the project
INFO: [HLS 200-1510] Running: add_files ico_conv_layer0.hpp 
INFO: [HLS 200-10] Adding design file 'ico_conv_layer0.hpp' to the project
INFO: [HLS 200-1510] Running: add_files -tb test_ico_conv.cpp 
INFO: [HLS 200-10] Adding test bench file 'test_ico_conv.cpp' to the project
INFO: [HLS 200-1510] Running: open_solution -reset sol1 
INFO: [HLS 200-10] Creating and opening solution 'G:/3DSLED/icocnn/hls_src/layer0_hls_prj/sol1'.
INFO: [HLS 200-10] Cleaning up the solution database.
INFO: [HLS 200-1505] Using default flow_target 'vivado'
Resolution: For help on HLS 200-1505 see docs.xilinx.com/access/sources/dita/topic?Doc_Version=2024.2%20English&url=ug1448-hls-guidance&resourceid=200-1505.html
INFO: [HLS 200-1510] Running: set_part xc7k325tffg900-2 
INFO: [HLS 200-1611] Setting target device to 'xc7k325t-ffg900-2'
INFO: [HLS 200-1510] Running: create_clock -period 5.0 -name default 
INFO: [SYN 201-201] Setting up clock 'default' with a period of 5ns.
INFO: [HLS 200-1510] Running: csynth_design 
INFO: [HLS 200-111] Finished File checks and directory preparation: CPU user time: 0 seconds. CPU system time: 0 seconds. Elapsed time: 0.117 seconds; current allocated memory: 616.848 MB.
INFO: [HLS 200-10] Analyzing design file 'ico_conv_layer0.cpp' ... 
INFO: [HLS 200-111] Finished Source Code Analysis and Preprocessing: CPU user time: 0 seconds. CPU system time: 0 seconds. Elapsed time: 2.283 seconds; current allocated memory: 619.863 MB.
INFO: [HLS 200-777] Using interface defaults for 'Vivado' flow target.
INFO: [HLS 200-1995] There were 1,037 instructions in the design after the 'Compile/Link' phase of compilation. See the Design Size Report for more details: G:/3DSLED/icocnn/hls_src/layer0_hls_prj/sol1/syn/report/csynth_design_size.rpt
INFO: [HLS 200-1995] There were 654 instructions in the design after the 'Unroll/Inline (step 1)' phase of compilation. See the Design Size Report for more details: G:/3DSLED/icocnn/hls_src/layer0_hls_prj/sol1/syn/report/csynth_design_size.rpt
INFO: [HLS 200-1995] There were 388 instructions in the design after the 'Unroll/Inline (step 2)' phase of compilation. See the Design Size Report for more details: G:/3DSLED/icocnn/hls_src/layer0_hls_prj/sol1/syn/report/csynth_design_size.rpt
INFO: [HLS 200-1995] There were 351 instructions in the design after the 'Unroll/Inline (step 3)' phase of compilation. See the Design Size Report for more details: G:/3DSLED/icocnn/hls_src/layer0_hls_prj/sol1/syn/report/csynth_design_size.rpt
INFO: [HLS 200-1995] There were 351 instructions in the design after the 'Unroll/Inline (step 4)' phase of compilation. See the Design Size Report for more details: G:/3DSLED/icocnn/hls_src/layer0_hls_prj/sol1/syn/report/csynth_design_size.rpt
INFO: [HLS 200-1995] There were 511 instructions in the design after the 'Array/Struct (step 1)' phase of compilation. See the Design Size Report for more details: G:/3DSLED/icocnn/hls_src/layer0_hls_prj/sol1/syn/report/csynth_design_size.rpt
INFO: [HLS 200-1995] There were 433 instructions in the design after the 'Array/Struct (step 2)' phase of compilation. See the Design Size Report for more details: G:/3DSLED/icocnn/hls_src/layer0_hls_prj/sol1/syn/report/csynth_design_size.rpt
INFO: [HLS 200-1995] There were 433 instructions in the design after the 'Array/Struct (step 3)' phase of compilation. See the Design Size Report for more details: G:/3DSLED/icocnn/hls_src/layer0_hls_prj/sol1/syn/report/csynth_design_size.rpt
INFO: [HLS 200-1995] There were 433 instructions in the design after the 'Array/Struct (step 4)' phase of compilation. See the Design Size Report for more details: G:/3DSLED/icocnn/hls_src/layer0_hls_prj/sol1/syn/report/csynth_design_size.rpt
INFO: [HLS 200-1995] There were 439 instructions in the design after the 'Array/Struct (step 5)' phase of compilation. See the Design Size Report for more details: G:/3DSLED/icocnn/hls_src/layer0_hls_prj/sol1/syn/report/csynth_design_size.rpt
INFO: [HLS 200-1995] There were 439 instructions in the design after the 'Performance (step 1)' phase of compilation. See the Design Size Report for more details: G:/3DSLED/icocnn/hls_src/layer0_hls_prj/sol1/syn/report/csynth_design_size.rpt
INFO: [HLS 200-1995] There were 651 instructions in the design after the 'Performance (step 2)' phase of compilation. See the Design Size Report for more details: G:/3DSLED/icocnn/hls_src/layer0_hls_prj/sol1/syn/report/csynth_design_size.rpt
INFO: [HLS 200-1995] There were 1,958 instructions in the design after the 'Performance (step 3)' phase of compilation. See the Design Size Report for more details: G:/3DSLED/icocnn/hls_src/layer0_hls_prj/sol1/syn/report/csynth_design_size.rpt
INFO: [HLS 200-1995] There were 1,343 instructions in the design after the 'Performance (step 4)' phase of compilation. See the Design Size Report for more details: G:/3DSLED/icocnn/hls_src/layer0_hls_prj/sol1/syn/report/csynth_design_size.rpt
INFO: [HLS 200-1995] There were 1,430 instructions in the design after the 'HW Transforms (step 1)' phase of compilation. See the Design Size Report for more details: G:/3DSLED/icocnn/hls_src/layer0_hls_prj/sol1/syn/report/csynth_design_size.rpt
INFO: [HLS 200-1995] There were 1,480 instructions in the design after the 'HW Transforms (step 2)' phase of compilation. See the Design Size Report for more details: G:/3DSLED/icocnn/hls_src/layer0_hls_prj/sol1/syn/report/csynth_design_size.rpt
INFO: [HLS 214-186] Unrolling loop 'VITIS_LOOP_130_5' (ico_conv_layer0.cpp:130:39) in function 'get_kernel' completely with a factor of 3 (ico_conv_layer0.cpp:125:0)
INFO: [HLS 214-186] Unrolling loop 'VITIS_LOOP_132_6' (ico_conv_layer0.cpp:132:20) in function 'get_kernel' completely with a factor of 3 (ico_conv_layer0.cpp:125:0)
INFO: [HLS 214-178] Inlining function 'smooth_vertices(float (*) [1][5][4][8], float (*) [1][5][4][8])' into 'pad_ico(float (*) [1][5][4][8], int const (*) [5][6][10], float (*) [5][6][10])' (ico_conv_layer0.cpp:79:0)
INFO: [HLS 214-178] Inlining function 'get_kernel(float const (*) [1][1][7], int const (*) [6][1][1][9][4], float (*) [6][1][1][3][3])' into 'conv_ico_layer0(float (*) [1][1][5][4][8], float const (*) [1][1][7], float const*, int const (*) [6][1][1][9][4], int const (*) [5][6][10], float (*) [32][6][5][4][8])' (ico_conv_layer0.cpp:226:0)
INFO: [HLS 214-248] Applying array_partition to '_ZZ15conv_ico_layer0PA1_A1_A5_A4_A8_fPA1_A1_A7_KfPS5_PA6_A1_A1_A9_A4_KiPA5_A6_A10_SB_PA32_A6_S1_E6kernel': Cyclic partitioning with factor 2 on dimension 1. (ico_conv_layer0.cpp:231:0)
INFO: [HLS 214-248] Applying array_partition to 'weight': Cyclic partitioning with factor 2 on dimension 1. (ico_conv_layer0.cpp:226:0)
INFO: [HLS 214-248] Applying array_partition to 'bias': Cyclic partitioning with factor 2 on dimension 1. (ico_conv_layer0.cpp:226:0)
INFO: [HLS 214-376] automatically set the pipeline for Loop< VITIS_LOOP_32_5> at ico_conv_layer0.cpp:32:38 
INFO: [HLS 214-376] automatically set the pipeline for Loop< VITIS_LOOP_42_8> at ico_conv_layer0.cpp:42:30 
INFO: [HLS 214-376] automatically set the pipeline for Loop< VITIS_LOOP_51_11> at ico_conv_layer0.cpp:51:31 
INFO: [HLS 214-376] automatically set the pipeline for Loop< VITIS_LOOP_87_2> at ico_conv_layer0.cpp:87:26 
INFO: [HLS 214-376] automatically set the pipeline for Loop< VITIS_LOOP_98_6> at ico_conv_layer0.cpp:98:34 
INFO: [HLS 214-376] automatically set the pipeline for Loop< VITIS_LOOP_113_8> at ico_conv_layer0.cpp:113:27 
INFO: [HLS 214-376] automatically set the pipeline for Loop< VITIS_LOOP_127_2> at ico_conv_layer0.cpp:127:27 
INFO: [HLS 214-376] automatically set the pipeline for Loop< VITIS_LOOP_146_11> at ico_conv_layer0.cpp:146:40 
INFO: [HLS 214-376] automatically set the pipeline for Loop< VITIS_LOOP_165_13> at ico_conv_layer0.cpp:165:28 
INFO: [HLS 214-376] automatically set the pipeline for Loop< VITIS_LOOP_278_15> at ico_conv_layer0.cpp:278:32 
INFO: [HLS 214-376] automatically set the pipeline for Loop< VITIS_LOOP_271_13> at ico_conv_layer0.cpp:271:36 
INFO: [HLS 214-376] automatically set the pipeline for Loop< VITIS_LOOP_248_6> at ico_conv_layer0.cpp:248:43 
INFO: [HLS 214-291] Loop 'VITIS_LOOP_252_9' is marked as complete unroll implied by the pipeline pragma (ico_conv_layer0.cpp:252:55)
INFO: [HLS 214-291] Loop 'VITIS_LOOP_253_10' is marked as complete unroll implied by the pipeline pragma (ico_conv_layer0.cpp:253:60)
INFO: [HLS 214-291] Loop 'VITIS_LOOP_282_16' is marked as complete unroll implied by the pipeline pragma (ico_conv_layer0.cpp:282:36)
INFO: [HLS 214-291] Loop 'VITIS_LOOP_296_17' is marked as complete unroll implied by the pipeline pragma (ico_conv_layer0.cpp:296:36)
INFO: [HLS 214-186] Unrolling loop 'VITIS_LOOP_252_9' (ico_conv_layer0.cpp:252:55) in function 'conv_ico_layer0' completely with a factor of 3 (ico_conv_layer0.cpp:226:0)
INFO: [HLS 214-186] Unrolling loop 'VITIS_LOOP_253_10' (ico_conv_layer0.cpp:253:60) in function 'conv_ico_layer0' completely with a factor of 3 (ico_conv_layer0.cpp:226:0)
INFO: [HLS 214-186] Unrolling loop 'VITIS_LOOP_282_16' (ico_conv_layer0.cpp:282:36) in function 'conv_ico_layer0' completely with a factor of 6 (ico_conv_layer0.cpp:226:0)
INFO: [HLS 214-186] Unrolling loop 'VITIS_LOOP_296_17' (ico_conv_layer0.cpp:296:36) in function 'conv_ico_layer0' completely with a factor of 6 (ico_conv_layer0.cpp:226:0)
INFO: [HLS 214-449] Automatically partitioning array '_ZZ7pad_icoPA1_A5_A4_A8_fPA5_A6_A10_KiPA5_A6_A10_fE18input_after_smooth' dimension 1 completely based on constant index. (ico_conv_layer0.cpp:80:0)
INFO: [HLS 214-449] Automatically partitioning array '_ZZ7pad_icoPA1_A5_A4_A8_fPA5_A6_A10_KiPA5_A6_A10_fE18input_after_smooth' dimension 2 completely based on constant index. (ico_conv_layer0.cpp:80:0)
INFO: [HLS 214-449] Automatically partitioning array '_ZZ15conv_ico_layer0PA1_A1_A5_A4_A8_fPA1_A1_A7_KfPS5_PA6_A1_A1_A9_A4_KiPA5_A6_A10_SB_PA32_A6_S1_E6kernel_0' dimension 3 completely based on constant index.
INFO: [HLS 214-449] Automatically partitioning array '_ZZ15conv_ico_layer0PA1_A1_A5_A4_A8_fPA1_A1_A7_KfPS5_PA6_A1_A1_A9_A4_KiPA5_A6_A10_SB_PA32_A6_S1_E6kernel_0' dimension 4 completely based on constant index.
INFO: [HLS 214-449] Automatically partitioning array '_ZZ15conv_ico_layer0PA1_A1_A5_A4_A8_fPA1_A1_A7_KfPS5_PA6_A1_A1_A9_A4_KiPA5_A6_A10_SB_PA32_A6_S1_E6kernel_1' dimension 3 completely based on constant index.
INFO: [HLS 214-449] Automatically partitioning array '_ZZ15conv_ico_layer0PA1_A1_A5_A4_A8_fPA1_A1_A7_KfPS5_PA6_A1_A1_A9_A4_KiPA5_A6_A10_SB_PA32_A6_S1_E6kernel_1' dimension 4 completely based on constant index.
INFO: [HLS 214-449] Automatically partitioning array 'padded_frame' dimension 1 completely based on constant index. (ico_conv_layer0.cpp:238:16)
INFO: [HLS 214-270] Inferring pragma 'array_partition type=complete dim=3' for array 'conv_ico_layer0(float (*) [1][1][5][4][8], float const (*) [1][1][7], float const*, int const (*) [6][1][1][9][4], int const (*) [5][6][10], float (*) [32][6][5][4][8])::kernel' due to pipeline pragma
INFO: [HLS 214-270] Inferring pragma 'array_partition type=complete dim=5' for array 'conv_ico_layer0(float (*) [1][1][5][4][8], float const (*) [1][1][7], float const*, int const (*) [6][1][1][9][4], int const (*) [5][6][10], float (*) [32][6][5][4][8])::kernel' due to pipeline pragma
INFO: [HLS 214-270] Inferring pragma 'array_partition type=complete dim=4' for array 'conv_ico_layer0(float (*) [1][1][5][4][8], float const (*) [1][1][7], float const*, int const (*) [6][1][1][9][4], int const (*) [5][6][10], float (*) [32][6][5][4][8])::kernel' due to pipeline pragma
INFO: [HLS 214-270] Inferring pragma 'array_partition type=complete dim=6' for array 'conv_ico_layer0(float (*) [1][1][5][4][8], float const (*) [1][1][7], float const*, int const (*) [6][1][1][9][4], int const (*) [5][6][10], float (*) [32][6][5][4][8])::kernel' due to pipeline pragma
INFO: [HLS 214-270] Inferring pragma 'array_partition type=complete dim=1' for array 'pad_ico(float (*) [1][5][4][8], int const (*) [5][6][10], float (*) [5][6][10])::input_after_smooth' due to pipeline pragma (ico_conv_layer0.cpp:80:0)
INFO: [HLS 214-270] Inferring pragma 'array_partition type=complete dim=2' for array 'pad_ico(float (*) [1][5][4][8], int const (*) [5][6][10], float (*) [5][6][10])::input_after_smooth' due to pipeline pragma (ico_conv_layer0.cpp:80:0)
INFO: [HLS 214-270] Inferring pragma 'array_partition type=complete dim=1' for array 'padded_frame' due to pipeline pragma (ico_conv_layer0.cpp:238:16)
INFO: [HLS 214-270] Inferring pragma 'array_partition type=complete dim=3' for array 'padded_frame' due to pipeline pragma (ico_conv_layer0.cpp:238:16)
INFO: [HLS 214-270] Inferring pragma 'array_partition type=cyclic factor=3 dim=4' for array 'padded_frame' due to pipeline pragma (ico_conv_layer0.cpp:238:16)
INFO: [HLS 214-248] Applying array_partition to '_ZZ7pad_icoPA1_A5_A4_A8_fPA5_A6_A10_KiPA5_A6_A10_fE18input_after_smooth': Complete partitioning on dimension 1. Complete partitioning on dimension 2. (ico_conv_layer0.cpp:80:0)
INFO: [HLS 214-248] Applying array_partition to '_ZZ15conv_ico_layer0PA1_A1_A5_A4_A8_fPA1_A1_A7_KfPS5_PA6_A1_A1_A9_A4_KiPA5_A6_A10_SB_PA32_A6_S1_E6kernel_1': Complete partitioning on dimension 3. Complete partitioning on dimension 4. Complete partitioning on dimension 5. Complete partitioning on dimension 6.
INFO: [HLS 214-248] Applying array_partition to '_ZZ15conv_ico_layer0PA1_A1_A5_A4_A8_fPA1_A1_A7_KfPS5_PA6_A1_A1_A9_A4_KiPA5_A6_A10_SB_PA32_A6_S1_E6kernel_0': Complete partitioning on dimension 3. Complete partitioning on dimension 4. Complete partitioning on dimension 5. Complete partitioning on dimension 6.
INFO: [HLS 214-248] Applying array_partition to 'padded_frame': Complete partitioning on dimension 1. Complete partitioning on dimension 3. Cyclic partitioning with factor 3 on dimension 4. (ico_conv_layer0.cpp:238:16)
INFO: [HLS 200-111] Finished Compiling Optimization and Transform: CPU user time: 1 seconds. CPU system time: 0 seconds. Elapsed time: 8.631 seconds; current allocated memory: 622.266 MB.
INFO: [HLS 200-111] Finished Checking Pragmas: CPU user time: 0 seconds. CPU system time: 0 seconds. Elapsed time: 0.004 seconds; current allocated memory: 622.266 MB.
INFO: [HLS 200-10] Starting code transformations ...
INFO: [HLS 200-111] Finished Standard Transforms: CPU user time: 0 seconds. CPU system time: 0 seconds. Elapsed time: 0.118 seconds; current allocated memory: 628.328 MB.
INFO: [HLS 200-10] Checking synthesizability ...
INFO: [HLS 200-111] Finished Checking Synthesizability: CPU user time: 0 seconds. CPU system time: 0 seconds. Elapsed time: 0.127 seconds; current allocated memory: 632.516 MB.
INFO: [HLS 200-111] Finished Loop, function and other optimizations: CPU user time: 0 seconds. CPU system time: 0 seconds. Elapsed time: 0.448 seconds; current allocated memory: 656.590 MB.
INFO: [HLS 200-2061] Successfully converted nested loops 'VITIS_LOOP_31_4'(ico_conv_layer0.cpp:31:34) and 'VITIS_LOOP_32_5'(ico_conv_layer0.cpp:32:38) in function 'pad_ico' into perfectly nested loops.
INFO: [HLS 200-2061] Successfully converted nested loops 'VITIS_LOOP_30_3'(ico_conv_layer0.cpp:30:30) and 'VITIS_LOOP_31_4'(ico_conv_layer0.cpp:31:34) in function 'pad_ico' into perfectly nested loops.
INFO: [HLS 200-2061] Successfully converted nested loops 'VITIS_LOOP_97_5'(ico_conv_layer0.cpp:97:30) and 'VITIS_LOOP_98_6'(ico_conv_layer0.cpp:98:34) in function 'pad_ico' into perfectly nested loops.
INFO: [HLS 200-2061] Successfully converted nested loops 'VITIS_LOOP_96_4'(ico_conv_layer0.cpp:96:26) and 'VITIS_LOOP_97_5'(ico_conv_layer0.cpp:97:30) in function 'pad_ico' into perfectly nested loops.
INFO: [HLS 200-2061] Successfully converted nested loops 'VITIS_LOOP_126_1'(ico_conv_layer0.cpp:126:23) and 'VITIS_LOOP_127_2'(ico_conv_layer0.cpp:127:27) in function 'conv_ico_layer0' into perfectly nested loops.
INFO: [HLS 200-2061] Successfully converted nested loops 'VITIS_LOOP_143_8'(ico_conv_layer0.cpp:143:27) and 'VITIS_LOOP_146_11'(ico_conv_layer0.cpp:146:40) in function 'conv_ico_layer0' into perfectly nested loops.
INFO: [HLS 200-2061] Successfully converted nested loops 'VITIS_LOOP_142_7'(ico_conv_layer0.cpp:142:23) and 'VITIS_LOOP_143_8'(ico_conv_layer0.cpp:143:27) in function 'conv_ico_layer0' into perfectly nested loops.
INFO: [HLS 200-2061] Successfully converted nested loops 'VITIS_LOOP_164_12'(ico_conv_layer0.cpp:164:24) and 'VITIS_LOOP_165_13'(ico_conv_layer0.cpp:165:28) in function 'conv_ico_layer0' into perfectly nested loops.
INFO: [HLS 200-2061] Successfully converted nested loops 'VITIS_LOOP_247_5'(ico_conv_layer0.cpp:247:39) and 'VITIS_LOOP_248_6'(ico_conv_layer0.cpp:248:43) in function 'conv_ico_layer0' into perfectly nested loops.
INFO: [HLS 200-2061] Successfully converted nested loops 'VITIS_LOOP_246_4'(ico_conv_layer0.cpp:246:35) and 'VITIS_LOOP_247_5'(ico_conv_layer0.cpp:247:39) in function 'conv_ico_layer0' into perfectly nested loops.
INFO: [HLS 200-2061] Successfully converted nested loops 'VITIS_LOOP_245_3'(ico_conv_layer0.cpp:245:31) and 'VITIS_LOOP_246_4'(ico_conv_layer0.cpp:246:35) in function 'conv_ico_layer0' into perfectly nested loops.
INFO: [HLS 200-2061] Successfully converted nested loops 'VITIS_LOOP_244_2'(ico_conv_layer0.cpp:244:27) and 'VITIS_LOOP_245_3'(ico_conv_layer0.cpp:245:31) in function 'conv_ico_layer0' into perfectly nested loops.
INFO: [HLS 200-2061] Successfully converted nested loops 'VITIS_LOOP_270_12'(ico_conv_layer0.cpp:270:32) and 'VITIS_LOOP_271_13'(ico_conv_layer0.cpp:271:36) in function 'conv_ico_layer0' into perfectly nested loops.
INFO: [HLS 200-2061] Successfully converted nested loops 'VITIS_LOOP_269_11'(ico_conv_layer0.cpp:269:28) and 'VITIS_LOOP_270_12'(ico_conv_layer0.cpp:270:32) in function 'conv_ico_layer0' into perfectly nested loops.
INFO: [HLS 200-2061] Successfully converted nested loops 'VITIS_LOOP_277_14'(ico_conv_layer0.cpp:277:28) and 'VITIS_LOOP_278_15'(ico_conv_layer0.cpp:278:32) in function 'conv_ico_layer0' into perfectly nested loops.
INFO: [XFORM 203-541] Flattening a loop nest 'VITIS_LOOP_31_4' (ico_conv_layer0.cpp:31:34) in function 'pad_ico'.
INFO: [XFORM 203-541] Flattening a loop nest 'VITIS_LOOP_30_3' (ico_conv_layer0.cpp:30:30) in function 'pad_ico'.
INFO: [XFORM 203-541] Flattening a loop nest 'VITIS_LOOP_97_5' (ico_conv_layer0.cpp:97:30) in function 'pad_ico'.
INFO: [XFORM 203-541] Flattening a loop nest 'VITIS_LOOP_96_4' (ico_conv_layer0.cpp:96:26) in function 'pad_ico'.
INFO: [XFORM 203-541] Flattening a loop nest 'VITIS_LOOP_126_1' (ico_conv_layer0.cpp:126:23) in function 'conv_ico_layer0'.
INFO: [XFORM 203-541] Flattening a loop nest 'VITIS_LOOP_143_8' (ico_conv_layer0.cpp:143:27) in function 'conv_ico_layer0'.
INFO: [XFORM 203-541] Flattening a loop nest 'VITIS_LOOP_142_7' (ico_conv_layer0.cpp:142:23) in function 'conv_ico_layer0'.
INFO: [XFORM 203-541] Flattening a loop nest 'VITIS_LOOP_164_12' (ico_conv_layer0.cpp:164:24) in function 'conv_ico_layer0'.
INFO: [XFORM 203-541] Flattening a loop nest 'VITIS_LOOP_247_5' (ico_conv_layer0.cpp:247:39) in function 'conv_ico_layer0'.
INFO: [XFORM 203-541] Flattening a loop nest 'VITIS_LOOP_246_4' (ico_conv_layer0.cpp:246:35) in function 'conv_ico_layer0'.
INFO: [XFORM 203-541] Flattening a loop nest 'VITIS_LOOP_245_3' (ico_conv_layer0.cpp:245:31) in function 'conv_ico_layer0'.
INFO: [XFORM 203-541] Flattening a loop nest 'VITIS_LOOP_244_2' (ico_conv_layer0.cpp:244:27) in function 'conv_ico_layer0'.
INFO: [XFORM 203-541] Flattening a loop nest 'VITIS_LOOP_270_12' (ico_conv_layer0.cpp:270:32) in function 'conv_ico_layer0'.
INFO: [XFORM 203-541] Flattening a loop nest 'VITIS_LOOP_269_11' (ico_conv_layer0.cpp:269:28) in function 'conv_ico_layer0'.
INFO: [XFORM 203-541] Flattening a loop nest 'VITIS_LOOP_277_14' (ico_conv_layer0.cpp:277:28) in function 'conv_ico_layer0'.
INFO: [HLS 200-111] Finished Architecture Synthesis: CPU user time: 1 seconds. CPU system time: 0 seconds. Elapsed time: 0.754 seconds; current allocated memory: 765.496 MB.
INFO: [HLS 200-10] Starting hardware synthesis ...
INFO: [HLS 200-10] Synthesizing 'conv_ico_layer0' ...
INFO: [HLS 200-10] ----------------------------------------------------------------
INFO: [HLS 200-42] -- Implementing module 'conv_ico_layer0_Pipeline_VITIS_LOOP_126_1_VITIS_LOOP_127_2' 
INFO: [HLS 200-10] ----------------------------------------------------------------
INFO: [SCHED 204-11] Starting scheduling ...
INFO: [SCHED 204-61] Pipelining loop 'VITIS_LOOP_126_1_VITIS_LOOP_127_2'.
INFO: [HLS 200-1470] Pipelining result : Target II = NA, Final II = 1, Depth = 3, loop 'VITIS_LOOP_126_1_VITIS_LOOP_127_2'
INFO: [SCHED 204-11] Finished scheduling.
INFO: [HLS 200-111] Finished Scheduling: CPU user time: 0 seconds. CPU system time: 1 seconds. Elapsed time: 0.217 seconds; current allocated memory: 769.945 MB.
INFO: [BIND 205-100] Starting micro-architecture generation ...
INFO: [BIND 205-101] Performing variable lifetime analysis.
INFO: [BIND 205-101] Exploring resource sharing.
INFO: [BIND 205-101] Binding ...
INFO: [BIND 205-100] Finished micro-architecture generation.
INFO: [HLS 200-111] Finished Binding: CPU user time: 0 seconds. CPU system time: 0 seconds. Elapsed time: 0.055 seconds; current allocated memory: 770.977 MB.
INFO: [HLS 200-10] ----------------------------------------------------------------
INFO: [HLS 200-42] -- Implementing module 'conv_ico_layer0_Pipeline_VITIS_LOOP_142_7_VITIS_LOOP_143_8_VITIS_LOOP_146_11' 
INFO: [HLS 200-10] ----------------------------------------------------------------
INFO: [SCHED 204-11] Starting scheduling ...
INFO: [SCHED 204-61] Pipelining loop 'VITIS_LOOP_142_7_VITIS_LOOP_143_8_VITIS_LOOP_146_11'.
INFO: [HLS 200-1470] Pipelining result : Target II = NA, Final II = 1, Depth = 10, loop 'VITIS_LOOP_142_7_VITIS_LOOP_143_8_VITIS_LOOP_146_11'
INFO: [SCHED 204-11] Finished scheduling.
INFO: [HLS 200-111] Finished Scheduling: CPU user time: 0 seconds. CPU system time: 0 seconds. Elapsed time: 0.168 seconds; current allocated memory: 773.527 MB.
INFO: [BIND 205-100] Starting micro-architecture generation ...
INFO: [BIND 205-101] Performing variable lifetime analysis.
INFO: [BIND 205-101] Exploring resource sharing.
INFO: [BIND 205-101] Binding ...
INFO: [BIND 205-100] Finished micro-architecture generation.
INFO: [HLS 200-111] Finished Binding: CPU user time: 0 seconds. CPU system time: 0 seconds. Elapsed time: 0.078 seconds; current allocated memory: 773.531 MB.
INFO: [HLS 200-10] ----------------------------------------------------------------
INFO: [HLS 200-42] -- Implementing module 'conv_ico_layer0_Pipeline_VITIS_LOOP_164_12_VITIS_LOOP_165_13' 
INFO: [HLS 200-10] ----------------------------------------------------------------
INFO: [SCHED 204-11] Starting scheduling ...
INFO: [SCHED 204-61] Pipelining loop 'VITIS_LOOP_164_12_VITIS_LOOP_165_13'.
INFO: [HLS 200-1470] Pipelining result : Target II = NA, Final II = 1, Depth = 3, loop 'VITIS_LOOP_164_12_VITIS_LOOP_165_13'
INFO: [SCHED 204-11] Finished scheduling.
INFO: [HLS 200-111] Finished Scheduling: CPU user time: 0 seconds. CPU system time: 0 seconds. Elapsed time: 0.107 seconds; current allocated memory: 773.652 MB.
INFO: [BIND 205-100] Starting micro-architecture generation ...
INFO: [BIND 205-101] Performing variable lifetime analysis.
INFO: [BIND 205-101] Exploring resource sharing.
INFO: [BIND 205-101] Binding ...
INFO: [BIND 205-100] Finished micro-architecture generation.
INFO: [HLS 200-111] Finished Binding: CPU user time: 0 seconds. CPU system time: 0 seconds. Elapsed time: 0.051 seconds; current allocated memory: 773.652 MB.
INFO: [HLS 200-10] ----------------------------------------------------------------
INFO: [HLS 200-42] -- Implementing module 'pad_ico_Pipeline_VITIS_LOOP_30_3_VITIS_LOOP_31_4_VITIS_LOOP_32_5' 
INFO: [HLS 200-10] ----------------------------------------------------------------
INFO: [SCHED 204-11] Starting scheduling ...
INFO: [SCHED 204-61] Pipelining loop 'VITIS_LOOP_30_3_VITIS_LOOP_31_4_VITIS_LOOP_32_5'.
INFO: [HLS 200-1470] Pipelining result : Target II = NA, Final II = 1, Depth = 5, loop 'VITIS_LOOP_30_3_VITIS_LOOP_31_4_VITIS_LOOP_32_5'
INFO: [SCHED 204-11] Finished scheduling.
INFO: [HLS 200-111] Finished Scheduling: CPU user time: 1 seconds. CPU system time: 0 seconds. Elapsed time: 0.089 seconds; current allocated memory: 773.902 MB.
INFO: [BIND 205-100] Starting micro-architecture generation ...
INFO: [BIND 205-101] Performing variable lifetime analysis.
INFO: [BIND 205-101] Exploring resource sharing.
INFO: [BIND 205-101] Binding ...
INFO: [BIND 205-100] Finished micro-architecture generation.
INFO: [HLS 200-111] Finished Binding: CPU user time: 0 seconds. CPU system time: 0 seconds. Elapsed time: 0.052 seconds; current allocated memory: 773.980 MB.
INFO: [HLS 200-10] ----------------------------------------------------------------
INFO: [HLS 200-42] -- Implementing module 'pad_ico_Pipeline_VITIS_LOOP_42_8' 
INFO: [HLS 200-10] ----------------------------------------------------------------
INFO: [SCHED 204-11] Starting scheduling ...
INFO: [SCHED 204-61] Pipelining loop 'VITIS_LOOP_42_8'.
INFO: [HLS 200-1470] Pipelining result : Target II = NA, Final II = 1, Depth = 2, loop 'VITIS_LOOP_42_8'
INFO: [SCHED 204-11] Finished scheduling.
INFO: [HLS 200-111] Finished Scheduling: CPU user time: 0 seconds. CPU system time: 0 seconds. Elapsed time: 0.067 seconds; current allocated memory: 774.176 MB.
INFO: [BIND 205-100] Starting micro-architecture generation ...
INFO: [BIND 205-101] Performing variable lifetime analysis.
INFO: [BIND 205-101] Exploring resource sharing.
INFO: [BIND 205-101] Binding ...
INFO: [BIND 205-100] Finished micro-architecture generation.
INFO: [HLS 200-111] Finished Binding: CPU user time: 0 seconds. CPU system time: 0 seconds. Elapsed time: 0.041 seconds; current allocated memory: 774.254 MB.
INFO: [HLS 200-10] ----------------------------------------------------------------
INFO: [HLS 200-42] -- Implementing module 'pad_ico_Pipeline_VITIS_LOOP_51_11' 
INFO: [HLS 200-10] ----------------------------------------------------------------
INFO: [SCHED 204-11] Starting scheduling ...
INFO: [SCHED 204-61] Pipelining loop 'VITIS_LOOP_51_11'.
WARNING: [HLS 200-885] The II Violation in module 'pad_ico_Pipeline_VITIS_LOOP_51_11' (loop 'VITIS_LOOP_51_11'): Unable to schedule 'load' operation 32 bit ('input_r_load_5', ico_conv_layer0.cpp:63->ico_conv_layer0.cpp:81) on array 'input_r' due to limited memory ports (II = 1). Please consider using a memory core with more ports or partitioning the array 'input_r'.
Resolution: For help on HLS 200-885 see docs.xilinx.com/access/sources/dita/topic?Doc_Version=2024.2%20English&url=ug1448-hls-guidance&resourceid=200-885.html
WARNING: [HLS 200-885] The II Violation in module 'pad_ico_Pipeline_VITIS_LOOP_51_11' (loop 'VITIS_LOOP_51_11'): Unable to schedule 'load' operation 32 bit ('input_r_load_6', ico_conv_layer0.cpp:64->ico_conv_layer0.cpp:81) on array 'input_r' due to limited memory ports (II = 2). Please consider using a memory core with more ports or partitioning the array 'input_r'.
Resolution: For help on HLS 200-885 see docs.xilinx.com/access/sources/dita/topic?Doc_Version=2024.2%20English&url=ug1448-hls-guidance&resourceid=200-885.html
WARNING: [HLS 200-885] The II Violation in module 'pad_ico_Pipeline_VITIS_LOOP_51_11' (loop 'VITIS_LOOP_51_11'): Unable to schedule 'load' operation 32 bit ('input_r_load_7', ico_conv_layer0.cpp:65->ico_conv_layer0.cpp:81) on array 'input_r' due to limited memory ports (II = 3). Please consider using a memory core with more ports or partitioning the array 'input_r'.
Resolution: For help on HLS 200-885 see docs.xilinx.com/access/sources/dita/topic?Doc_Version=2024.2%20English&url=ug1448-hls-guidance&resourceid=200-885.html
WARNING: [HLS 200-885] The II Violation in module 'pad_ico_Pipeline_VITIS_LOOP_51_11' (loop 'VITIS_LOOP_51_11'): Unable to schedule 'load' operation 32 bit ('input_r_load_8', ico_conv_layer0.cpp:66->ico_conv_layer0.cpp:81) on array 'input_r' due to limited memory ports (II = 4). Please consider using a memory core with more ports or partitioning the array 'input_r'.
Resolution: For help on HLS 200-885 see docs.xilinx.com/access/sources/dita/topic?Doc_Version=2024.2%20English&url=ug1448-hls-guidance&resourceid=200-885.html
INFO: [HLS 200-1470] Pipelining result : Target II = NA, Final II = 5, Depth = 61, loop 'VITIS_LOOP_51_11'
INFO: [SCHED 204-11] Finished scheduling.
INFO: [HLS 200-111] Finished Scheduling: CPU user time: 0 seconds. CPU system time: 0 seconds. Elapsed time: 0.141 seconds; current allocated memory: 774.633 MB.
INFO: [BIND 205-100] Starting micro-architecture generation ...
INFO: [BIND 205-101] Performing variable lifetime analysis.
INFO: [BIND 205-101] Exploring resource sharing.
INFO: [BIND 205-101] Binding ...
INFO: [BIND 205-100] Finished micro-architecture generation.
INFO: [HLS 200-111] Finished Binding: CPU user time: 0 seconds. CPU system time: 0 seconds. Elapsed time: 0.075 seconds; current allocated memory: 775.117 MB.
INFO: [HLS 200-10] ----------------------------------------------------------------
INFO: [HLS 200-42] -- Implementing module 'pad_ico_Pipeline_VITIS_LOOP_87_2' 
INFO: [HLS 200-10] ----------------------------------------------------------------
INFO: [SCHED 204-11] Starting scheduling ...
INFO: [SCHED 204-61] Pipelining loop 'VITIS_LOOP_87_2'.
WARNING: [HLS 200-880] The II Violation in module 'pad_ico_Pipeline_VITIS_LOOP_87_2' (loop 'VITIS_LOOP_87_2'): Unable to enforce a carried dependence constraint (II = 1, distance = 1, offset = 1) between 'store' operation 0 bit ('smooth_south_pole_sum_write_ln84', ico_conv_layer0.cpp:84) of variable 'smooth_south_pole_sum', ico_conv_layer0.cpp:89 on local variable 'smooth_south_pole_sum', ico_conv_layer0.cpp:84 and 'fadd' operation 32 bit ('smooth_south_pole_sum', ico_conv_layer0.cpp:89).
Resolution: For help on HLS 200-880 see docs.xilinx.com/access/sources/dita/topic?Doc_Version=2024.2%20English&url=ug1448-hls-guidance&resourceid=200-880.html
WARNING: [HLS 200-880] The II Violation in module 'pad_ico_Pipeline_VITIS_LOOP_87_2' (loop 'VITIS_LOOP_87_2'): Unable to enforce a carried dependence constraint (II = 2, distance = 1, offset = 1) between 'store' operation 0 bit ('smooth_south_pole_sum_write_ln84', ico_conv_layer0.cpp:84) of variable 'smooth_south_pole_sum', ico_conv_layer0.cpp:89 on local variable 'smooth_south_pole_sum', ico_conv_layer0.cpp:84 and 'fadd' operation 32 bit ('smooth_south_pole_sum', ico_conv_layer0.cpp:89).
Resolution: For help on HLS 200-880 see docs.xilinx.com/access/sources/dita/topic?Doc_Version=2024.2%20English&url=ug1448-hls-guidance&resourceid=200-880.html
WARNING: [HLS 200-880] The II Violation in module 'pad_ico_Pipeline_VITIS_LOOP_87_2' (loop 'VITIS_LOOP_87_2'): Unable to enforce a carried dependence constraint (II = 3, distance = 1, offset = 1) between 'store' operation 0 bit ('smooth_south_pole_sum_write_ln84', ico_conv_layer0.cpp:84) of variable 'smooth_south_pole_sum', ico_conv_layer0.cpp:89 on local variable 'smooth_south_pole_sum', ico_conv_layer0.cpp:84 and 'fadd' operation 32 bit ('smooth_south_pole_sum', ico_conv_layer0.cpp:89).
Resolution: For help on HLS 200-880 see docs.xilinx.com/access/sources/dita/topic?Doc_Version=2024.2%20English&url=ug1448-hls-guidance&resourceid=200-880.html
WARNING: [HLS 200-880] The II Violation in module 'pad_ico_Pipeline_VITIS_LOOP_87_2' (loop 'VITIS_LOOP_87_2'): Unable to enforce a carried dependence constraint (II = 4, distance = 1, offset = 1) between 'store' operation 0 bit ('smooth_south_pole_sum_write_ln84', ico_conv_layer0.cpp:84) of variable 'smooth_south_pole_sum', ico_conv_layer0.cpp:89 on local variable 'smooth_south_pole_sum', ico_conv_layer0.cpp:84 and 'fadd' operation 32 bit ('smooth_south_pole_sum', ico_conv_layer0.cpp:89).
Resolution: For help on HLS 200-880 see docs.xilinx.com/access/sources/dita/topic?Doc_Version=2024.2%20English&url=ug1448-hls-guidance&resourceid=200-880.html
WARNING: [HLS 200-880] The II Violation in module 'pad_ico_Pipeline_VITIS_LOOP_87_2' (loop 'VITIS_LOOP_87_2'): Unable to enforce a carried dependence constraint (II = 7, distance = 1, offset = 1) between 'store' operation 0 bit ('smooth_south_pole_sum_write_ln84', ico_conv_layer0.cpp:84) of variable 'smooth_south_pole_sum', ico_conv_layer0.cpp:89 on local variable 'smooth_south_pole_sum', ico_conv_layer0.cpp:84 and 'fadd' operation 32 bit ('smooth_south_pole_sum', ico_conv_layer0.cpp:89).
Resolution: For help on HLS 200-880 see docs.xilinx.com/access/sources/dita/topic?Doc_Version=2024.2%20English&url=ug1448-hls-guidance&resourceid=200-880.html
WARNING: [HLS 200-880] The II Violation in module 'pad_ico_Pipeline_VITIS_LOOP_87_2' (loop 'VITIS_LOOP_87_2'): Unable to enforce a carried dependence constraint (II = 8, distance = 1, offset = 1) between 'store' operation 0 bit ('smooth_south_pole_sum_write_ln84', ico_conv_layer0.cpp:84) of variable 'smooth_south_pole_sum', ico_conv_layer0.cpp:89 on local variable 'smooth_south_pole_sum', ico_conv_layer0.cpp:84 and 'fadd' operation 32 bit ('smooth_south_pole_sum', ico_conv_layer0.cpp:89).
Resolution: For help on HLS 200-880 see docs.xilinx.com/access/sources/dita/topic?Doc_Version=2024.2%20English&url=ug1448-hls-guidance&resourceid=200-880.html
INFO: [HLS 200-1470] Pipelining result : Target II = NA, Final II = 9, Depth = 12, loop 'VITIS_LOOP_87_2'
INFO: [SCHED 204-11] Finished scheduling.
INFO: [HLS 200-111] Finished Scheduling: CPU user time: 0 seconds. CPU system time: 0 seconds. Elapsed time: 0.12 seconds; current allocated memory: 775.770 MB.
INFO: [BIND 205-100] Starting micro-architecture generation ...
INFO: [BIND 205-101] Performing variable lifetime analysis.
INFO: [BIND 205-101] Exploring resource sharing.
INFO: [BIND 205-101] Binding ...
INFO: [BIND 205-100] Finished micro-architecture generation.
INFO: [HLS 200-111] Finished Binding: CPU user time: 0 seconds. CPU system time: 0 seconds. Elapsed time: 0.052 seconds; current allocated memory: 776.059 MB.
INFO: [HLS 200-10] ----------------------------------------------------------------
INFO: [HLS 200-42] -- Implementing module 'pad_ico_Pipeline_VITIS_LOOP_96_4_VITIS_LOOP_97_5_VITIS_LOOP_98_6' 
INFO: [HLS 200-10] ----------------------------------------------------------------
INFO: [SCHED 204-11] Starting scheduling ...
INFO: [SCHED 204-61] Pipelining loop 'VITIS_LOOP_96_4_VITIS_LOOP_97_5_VITIS_LOOP_98_6'.
INFO: [HLS 200-1470] Pipelining result : Target II = NA, Final II = 1, Depth = 10, loop 'VITIS_LOOP_96_4_VITIS_LOOP_97_5_VITIS_LOOP_98_6'
INFO: [SCHED 204-11] Finished scheduling.
INFO: [HLS 200-111] Finished Scheduling: CPU user time: 0 seconds. CPU system time: 0 seconds. Elapsed time: 0.145 seconds; current allocated memory: 777.883 MB.
INFO: [BIND 205-100] Starting micro-architecture generation ...
INFO: [BIND 205-101] Performing variable lifetime analysis.
INFO: [BIND 205-101] Exploring resource sharing.
INFO: [BIND 205-101] Binding ...
INFO: [BIND 205-100] Finished micro-architecture generation.
INFO: [HLS 200-111] Finished Binding: CPU user time: 0 seconds. CPU system time: 0 seconds. Elapsed time: 0.085 seconds; current allocated memory: 777.938 MB.
INFO: [HLS 200-10] ----------------------------------------------------------------
INFO: [HLS 200-42] -- Implementing module 'pad_ico_Pipeline_VITIS_LOOP_113_8' 
INFO: [HLS 200-10] ----------------------------------------------------------------
INFO: [SCHED 204-11] Starting scheduling ...
INFO: [SCHED 204-61] Pipelining loop 'VITIS_LOOP_113_8'.
INFO: [HLS 200-1470] Pipelining result : Target II = NA, Final II = 1, Depth = 1, loop 'VITIS_LOOP_113_8'
INFO: [SCHED 204-11] Finished scheduling.
INFO: [HLS 200-111] Finished Scheduling: CPU user time: 0 seconds. CPU system time: 0 seconds. Elapsed time: 0.104 seconds; current allocated memory: 778.168 MB.
INFO: [BIND 205-100] Starting micro-architecture generation ...
INFO: [BIND 205-101] Performing variable lifetime analysis.
INFO: [BIND 205-101] Exploring resource sharing.
INFO: [BIND 205-101] Binding ...
INFO: [BIND 205-100] Finished micro-architecture generation.
INFO: [HLS 200-111] Finished Binding: CPU user time: 0 seconds. CPU system time: 0 seconds. Elapsed time: 0.05 seconds; current allocated memory: 778.172 MB.
INFO: [HLS 200-10] ----------------------------------------------------------------
INFO: [HLS 200-42] -- Implementing module 'pad_ico' 
INFO: [HLS 200-10] ----------------------------------------------------------------
INFO: [SCHED 204-11] Starting scheduling ...
INFO: [SCHED 204-11] Finished scheduling.
INFO: [HLS 200-111] Finished Scheduling: CPU user time: 0 seconds. CPU system time: 0 seconds. Elapsed time: 0.056 seconds; current allocated memory: 778.320 MB.
INFO: [BIND 205-100] Starting micro-architecture generation ...
INFO: [BIND 205-101] Performing variable lifetime analysis.
INFO: [BIND 205-101] Exploring resource sharing.
INFO: [BIND 205-101] Binding ...
INFO: [BIND 205-100] Finished micro-architecture generation.
INFO: [HLS 200-111] Finished Binding: CPU user time: 0 seconds. CPU system time: 0 seconds. Elapsed time: 0.052 seconds; current allocated memory: 778.590 MB.
INFO: [HLS 200-10] ----------------------------------------------------------------
INFO: [HLS 200-42] -- Implementing module 'conv_ico_layer0_Pipeline_VITIS_LOOP_244_2_VITIS_LOOP_245_3_VITIS_LOOP_246_4_VITI' 
INFO: [HLS 200-10] ----------------------------------------------------------------
INFO: [SCHED 204-11] Starting scheduling ...
INFO: [SCHED 204-61] Pipelining loop 'VITIS_LOOP_244_2_VITIS_LOOP_245_3_VITIS_LOOP_246_4_VITIS_LOOP_247_5_VITIS_LOOP_248_6'.
INFO: [SCHED 204-61] Discarding stage scheduling solution.
INFO: [HLS 200-1470] Pipelining result : Target II = NA, Final II = 1, Depth = 91, loop 'VITIS_LOOP_244_2_VITIS_LOOP_245_3_VITIS_LOOP_246_4_VITIS_LOOP_247_5_VITIS_LOOP_248_6'
INFO: [SCHED 204-11] Finished scheduling.
INFO: [HLS 200-111] Finished Scheduling: CPU user time: 1 seconds. CPU system time: 0 seconds. Elapsed time: 0.461 seconds; current allocated memory: 783.656 MB.
INFO: [BIND 205-100] Starting micro-architecture generation ...
INFO: [BIND 205-101] Performing variable lifetime analysis.
INFO: [BIND 205-101] Exploring resource sharing.
INFO: [BIND 205-101] Binding ...
INFO: [BIND 205-100] Finished micro-architecture generation.
INFO: [HLS 200-111] Finished Binding: CPU user time: 0 seconds. CPU system time: 0 seconds. Elapsed time: 0.145 seconds; current allocated memory: 783.660 MB.
INFO: [HLS 200-10] ----------------------------------------------------------------
INFO: [HLS 200-42] -- Implementing module 'conv_ico_layer0_Pipeline_VITIS_LOOP_269_11_VITIS_LOOP_270_12_VITIS_LOOP_271_13' 
INFO: [HLS 200-10] ----------------------------------------------------------------
INFO: [SCHED 204-11] Starting scheduling ...
INFO: [SCHED 204-61] Pipelining loop 'VITIS_LOOP_269_11_VITIS_LOOP_270_12_VITIS_LOOP_271_13'.
INFO: [HLS 200-1470] Pipelining result : Target II = NA, Final II = 1, Depth = 5, loop 'VITIS_LOOP_269_11_VITIS_LOOP_270_12_VITIS_LOOP_271_13'
INFO: [SCHED 204-11] Finished scheduling.
INFO: [HLS 200-111] Finished Scheduling: CPU user time: 0 seconds. CPU system time: 0 seconds. Elapsed time: 0.204 seconds; current allocated memory: 783.734 MB.
INFO: [BIND 205-100] Starting micro-architecture generation ...
INFO: [BIND 205-101] Performing variable lifetime analysis.
INFO: [BIND 205-101] Exploring resource sharing.
INFO: [BIND 205-101] Binding ...
INFO: [BIND 205-100] Finished micro-architecture generation.
INFO: [HLS 200-111] Finished Binding: CPU user time: 0 seconds. CPU system time: 0 seconds. Elapsed time: 0.059 seconds; current allocated memory: 783.875 MB.
INFO: [HLS 200-10] ----------------------------------------------------------------
INFO: [HLS 200-42] -- Implementing module 'conv_ico_layer0_Pipeline_VITIS_LOOP_277_14_VITIS_LOOP_278_15' 
INFO: [HLS 200-10] ----------------------------------------------------------------
INFO: [SCHED 204-11] Starting scheduling ...
INFO: [SCHED 204-61] Pipelining loop 'VITIS_LOOP_277_14_VITIS_LOOP_278_15'.
WARNING: [HLS 200-885] The II Violation in module 'conv_ico_layer0_Pipeline_VITIS_LOOP_277_14_VITIS_LOOP_278_15' (loop 'VITIS_LOOP_277_14_VITIS_LOOP_278_15'): Unable to schedule 'load' operation 32 bit ('output_r_load_5', ico_conv_layer0.cpp:288) on array 'output_r' due to limited memory ports (II = 1). Please consider using a memory core with more ports or partitioning the array 'output_r'.
Resolution: For help on HLS 200-885 see docs.xilinx.com/access/sources/dita/topic?Doc_Version=2024.2%20English&url=ug1448-hls-guidance&resourceid=200-885.html
WARNING: [HLS 200-885] The II Violation in module 'conv_ico_layer0_Pipeline_VITIS_LOOP_277_14_VITIS_LOOP_278_15' (loop 'VITIS_LOOP_277_14_VITIS_LOOP_278_15'): Unable to schedule 'load' operation 32 bit ('output_r_load_6', ico_conv_layer0.cpp:289) on array 'output_r' due to limited memory ports (II = 2). Please consider using a memory core with more ports or partitioning the array 'output_r'.
Resolution: For help on HLS 200-885 see docs.xilinx.com/access/sources/dita/topic?Doc_Version=2024.2%20English&url=ug1448-hls-guidance&resourceid=200-885.html
WARNING: [HLS 200-885] The II Violation in module 'conv_ico_layer0_Pipeline_VITIS_LOOP_277_14_VITIS_LOOP_278_15' (loop 'VITIS_LOOP_277_14_VITIS_LOOP_278_15'): Unable to schedule 'load' operation 32 bit ('output_r_load_7', ico_conv_layer0.cpp:290) on array 'output_r' due to limited memory ports (II = 3). Please consider using a memory core with more ports or partitioning the array 'output_r'.
Resolution: For help on HLS 200-885 see docs.xilinx.com/access/sources/dita/topic?Doc_Version=2024.2%20English&url=ug1448-hls-guidance&resourceid=200-885.html
WARNING: [HLS 200-885] The II Violation in module 'conv_ico_layer0_Pipeline_VITIS_LOOP_277_14_VITIS_LOOP_278_15' (loop 'VITIS_LOOP_277_14_VITIS_LOOP_278_15'): Unable to schedule 'load' operation 32 bit ('output_r_load_8', ico_conv_layer0.cpp:291) on array 'output_r' due to limited memory ports (II = 4). Please consider using a memory core with more ports or partitioning the array 'output_r'.
Resolution: For help on HLS 200-885 see docs.xilinx.com/access/sources/dita/topic?Doc_Version=2024.2%20English&url=ug1448-hls-guidance&resourceid=200-885.html
WARNING: [HLS 200-885] The II Violation in module 'conv_ico_layer0_Pipeline_VITIS_LOOP_277_14_VITIS_LOOP_278_15' (loop 'VITIS_LOOP_277_14_VITIS_LOOP_278_15'): Unable to schedule 'store' operation 0 bit ('output_r_addr_69_write_ln298', ico_conv_layer0.cpp:298) of variable 'bitcast_ln298', ico_conv_layer0.cpp:298 on array 'output_r' due to limited memory ports (II = 35). Please consider using a memory core with more ports or partitioning the array 'output_r'.
Resolution: For help on HLS 200-885 see docs.xilinx.com/access/sources/dita/topic?Doc_Version=2024.2%20English&url=ug1448-hls-guidance&resourceid=200-885.html
INFO: [HLS 200-1470] Pipelining result : Target II = NA, Final II = 36, Depth = 290, loop 'VITIS_LOOP_277_14_VITIS_LOOP_278_15'
INFO: [SCHED 204-11] Finished scheduling.
INFO: [HLS 200-111] Finished Scheduling: CPU user time: 1 seconds. CPU system time: 0 seconds. Elapsed time: 0.722 seconds; current allocated memory: 788.035 MB.
INFO: [BIND 205-100] Starting micro-architecture generation ...
INFO: [BIND 205-101] Performing variable lifetime analysis.
INFO: [BIND 205-101] Exploring resource sharing.
INFO: [BIND 205-101] Binding ...
INFO: [BIND 205-100] Finished micro-architecture generation.
INFO: [HLS 200-111] Finished Binding: CPU user time: 0 seconds. CPU system time: 0 seconds. Elapsed time: 0.23 seconds; current allocated memory: 789.371 MB.
INFO: [HLS 200-10] ----------------------------------------------------------------
INFO: [HLS 200-42] -- Implementing module 'conv_ico_layer0' 
INFO: [HLS 200-10] ----------------------------------------------------------------
INFO: [SCHED 204-11] Starting scheduling ...
INFO: [SCHED 204-11] Finished scheduling.
INFO: [HLS 200-111] Finished Scheduling: CPU user time: 0 seconds. CPU system time: 0 seconds. Elapsed time: 0.22 seconds; current allocated memory: 789.820 MB.
INFO: [BIND 205-100] Starting micro-architecture generation ...
INFO: [BIND 205-101] Performing variable lifetime analysis.
INFO: [BIND 205-101] Exploring resource sharing.
INFO: [BIND 205-101] Binding ...
INFO: [BIND 205-100] Finished micro-architecture generation.
INFO: [HLS 200-111] Finished Binding: CPU user time: 0 seconds. CPU system time: 0 seconds. Elapsed time: 0.076 seconds; current allocated memory: 790.137 MB.
INFO: [HLS 200-10] ----------------------------------------------------------------
INFO: [HLS 200-10] -- Generating RTL for module 'conv_ico_layer0_Pipeline_VITIS_LOOP_126_1_VITIS_LOOP_127_2' 
INFO: [HLS 200-10] ----------------------------------------------------------------
INFO: [HLS 200-1030] Apply Unified Pipeline Control on module 'conv_ico_layer0_Pipeline_VITIS_LOOP_126_1_VITIS_LOOP_127_2' pipeline 'VITIS_LOOP_126_1_VITIS_LOOP_127_2' pipeline type 'loop pipeline'
INFO: [RTGEN 206-100] Finished creating RTL model for 'conv_ico_layer0_Pipeline_VITIS_LOOP_126_1_VITIS_LOOP_127_2'.
INFO: [HLS 200-111] Finished Creating RTL model: CPU user time: 0 seconds. CPU system time: 0 seconds. Elapsed time: 0.145 seconds; current allocated memory: 792.449 MB.
INFO: [HLS 200-10] ----------------------------------------------------------------
INFO: [HLS 200-10] -- Generating RTL for module 'conv_ico_layer0_Pipeline_VITIS_LOOP_142_7_VITIS_LOOP_143_8_VITIS_LOOP_146_11' 
INFO: [HLS 200-10] ----------------------------------------------------------------
INFO: [HLS 200-1030] Apply Unified Pipeline Control on module 'conv_ico_layer0_Pipeline_VITIS_LOOP_142_7_VITIS_LOOP_143_8_VITIS_LOOP_146_11' pipeline 'VITIS_LOOP_142_7_VITIS_LOOP_143_8_VITIS_LOOP_146_11' pipeline type 'loop pipeline'
INFO: [RTGEN 206-100] Generating core module 'mul_4ns_6ns_9_1_1': 1 instance(s).
INFO: [RTGEN 206-100] Generating core module 'urem_4ns_3ns_2_8_1': 1 instance(s).
INFO: [RTGEN 206-100] Finished creating RTL model for 'conv_ico_layer0_Pipeline_VITIS_LOOP_142_7_VITIS_LOOP_143_8_VITIS_LOOP_146_11'.
INFO: [HLS 200-111] Finished Creating RTL model: CPU user time: 0 seconds. CPU system time: 0 seconds. Elapsed time: 0.305 seconds; current allocated memory: 796.516 MB.
INFO: [HLS 200-10] ----------------------------------------------------------------
INFO: [HLS 200-10] -- Generating RTL for module 'conv_ico_layer0_Pipeline_VITIS_LOOP_164_12_VITIS_LOOP_165_13' 
INFO: [HLS 200-10] ----------------------------------------------------------------
INFO: [HLS 200-1030] Apply Unified Pipeline Control on module 'conv_ico_layer0_Pipeline_VITIS_LOOP_164_12_VITIS_LOOP_165_13' pipeline 'VITIS_LOOP_164_12_VITIS_LOOP_165_13' pipeline type 'loop pipeline'
INFO: [RTGEN 206-100] Finished creating RTL model for 'conv_ico_layer0_Pipeline_VITIS_LOOP_164_12_VITIS_LOOP_165_13'.
INFO: [HLS 200-111] Finished Creating RTL model: CPU user time: 1 seconds. CPU system time: 1 seconds. Elapsed time: 0.397 seconds; current allocated memory: 799.590 MB.
INFO: [HLS 200-10] ----------------------------------------------------------------
INFO: [HLS 200-10] -- Generating RTL for module 'pad_ico_Pipeline_VITIS_LOOP_30_3_VITIS_LOOP_31_4_VITIS_LOOP_32_5' 
INFO: [HLS 200-10] ----------------------------------------------------------------
INFO: [HLS 200-1030] Apply Unified Pipeline Control on module 'pad_ico_Pipeline_VITIS_LOOP_30_3_VITIS_LOOP_31_4_VITIS_LOOP_32_5' pipeline 'VITIS_LOOP_30_3_VITIS_LOOP_31_4_VITIS_LOOP_32_5' pipeline type 'loop pipeline'
INFO: [RTGEN 206-100] Finished creating RTL model for 'pad_ico_Pipeline_VITIS_LOOP_30_3_VITIS_LOOP_31_4_VITIS_LOOP_32_5'.
INFO: [HLS 200-111] Finished Creating RTL model: CPU user time: 0 seconds. CPU system time: 0 seconds. Elapsed time: 0.217 seconds; current allocated memory: 800.250 MB.
INFO: [HLS 200-10] ----------------------------------------------------------------
INFO: [HLS 200-10] -- Generating RTL for module 'pad_ico_Pipeline_VITIS_LOOP_42_8' 
INFO: [HLS 200-10] ----------------------------------------------------------------
INFO: [HLS 200-1030] Apply Unified Pipeline Control on module 'pad_ico_Pipeline_VITIS_LOOP_42_8' pipeline 'VITIS_LOOP_42_8' pipeline type 'loop pipeline'
INFO: [RTGEN 206-100] Finished creating RTL model for 'pad_ico_Pipeline_VITIS_LOOP_42_8'.
INFO: [HLS 200-111] Finished Creating RTL model: CPU user time: 0 seconds. CPU system time: 0 seconds. Elapsed time: 0.215 seconds; current allocated memory: 801.707 MB.
INFO: [HLS 200-10] ----------------------------------------------------------------
INFO: [HLS 200-10] -- Generating RTL for module 'pad_ico_Pipeline_VITIS_LOOP_51_11' 
INFO: [HLS 200-10] ----------------------------------------------------------------
INFO: [HLS 200-1030] Apply Unified Pipeline Control on module 'pad_ico_Pipeline_VITIS_LOOP_51_11' pipeline 'VITIS_LOOP_51_11' pipeline type 'loop pipeline'
INFO: [RTGEN 206-100] Generating core module 'fadd_32ns_32ns_32_8_full_dsp_1': 2 instance(s).
INFO: [RTGEN 206-100] Generating core module 'fdiv_32ns_32ns_32_16_no_dsp_1': 1 instance(s).
INFO: [RTGEN 206-100] Finished creating RTL model for 'pad_ico_Pipeline_VITIS_LOOP_51_11'.
INFO: [HLS 200-111] Finished Creating RTL model: CPU user time: 0 seconds. CPU system time: 0 seconds. Elapsed time: 0.189 seconds; current allocated memory: 803.812 MB.
INFO: [HLS 200-10] ----------------------------------------------------------------
INFO: [HLS 200-10] -- Generating RTL for module 'pad_ico_Pipeline_VITIS_LOOP_87_2' 
INFO: [HLS 200-10] ----------------------------------------------------------------
INFO: [HLS 200-1030] Apply Unified Pipeline Control on module 'pad_ico_Pipeline_VITIS_LOOP_87_2' pipeline 'VITIS_LOOP_87_2' pipeline type 'loop pipeline'
INFO: [RTGEN 206-100] Generating core module 'fadd_32ns_32ns_32_8_full_dsp_1': 1 instance(s).
INFO: [RTGEN 206-100] Finished creating RTL model for 'pad_ico_Pipeline_VITIS_LOOP_87_2'.
INFO: [HLS 200-111] Finished Creating RTL model: CPU user time: 0 seconds. CPU system time: 0 seconds. Elapsed time: 0.315 seconds; current allocated memory: 805.695 MB.
INFO: [HLS 200-10] ----------------------------------------------------------------
INFO: [HLS 200-10] -- Generating RTL for module 'pad_ico_Pipeline_VITIS_LOOP_96_4_VITIS_LOOP_97_5_VITIS_LOOP_98_6' 
INFO: [HLS 200-10] ----------------------------------------------------------------
INFO: [HLS 200-1030] Apply Unified Pipeline Control on module 'pad_ico_Pipeline_VITIS_LOOP_96_4_VITIS_LOOP_97_5_VITIS_LOOP_98_6' pipeline 'VITIS_LOOP_96_4_VITIS_LOOP_97_5_VITIS_LOOP_98_6' pipeline type 'loop pipeline'
INFO: [RTGEN 206-100] Generating core module 'mul_4ns_6ns_9_1_1': 1 instance(s).
INFO: [RTGEN 206-100] Generating core module 'urem_4ns_3ns_2_8_1': 1 instance(s).
INFO: [RTGEN 206-100] Finished creating RTL model for 'pad_ico_Pipeline_VITIS_LOOP_96_4_VITIS_LOOP_97_5_VITIS_LOOP_98_6'.
INFO: [HLS 200-111] Finished Creating RTL model: CPU user time: 0 seconds. CPU system time: 0 seconds. Elapsed time: 0.234 seconds; current allocated memory: 807.801 MB.
INFO: [HLS 200-10] ----------------------------------------------------------------
INFO: [HLS 200-10] -- Generating RTL for module 'pad_ico_Pipeline_VITIS_LOOP_113_8' 
INFO: [HLS 200-10] ----------------------------------------------------------------
INFO: [RTGEN 206-100] Finished creating RTL model for 'pad_ico_Pipeline_VITIS_LOOP_113_8'.
INFO: [HLS 200-111] Finished Creating RTL model: CPU user time: 1 seconds. CPU system time: 0 seconds. Elapsed time: 0.394 seconds; current allocated memory: 810.895 MB.
INFO: [HLS 200-10] ----------------------------------------------------------------
INFO: [HLS 200-10] -- Generating RTL for module 'pad_ico' 
INFO: [HLS 200-10] ----------------------------------------------------------------
WARNING: [RTGEN 206-101] Setting dangling out port 'pad_ico/grp_fu_449_p_opcode' to 0.
WARNING: [RTGEN 206-101] Setting dangling out port 'pad_ico/grp_fu_453_p_opcode' to 0.
INFO: [RTGEN 206-100] Generating core module 'fadd_32ns_32ns_32_8_full_dsp_1': 2 instance(s).
INFO: [RTGEN 206-100] Generating core module 'fdiv_32ns_32ns_32_16_no_dsp_1': 2 instance(s).
INFO: [RTGEN 206-100] Finished creating RTL model for 'pad_ico'.
INFO: [RTMG 210-278] Implementing memory 'conv_ico_layer0_pad_ico_pad_ico_float_1_5_4_8_int_const_5_6_10_float_5_6_10_i_RAM_AUTO_1R1W' using auto RAMs.
INFO: [HLS 200-111] Finished Creating RTL model: CPU user time: 0 seconds. CPU system time: 0 seconds. Elapsed time: 0.209 seconds; current allocated memory: 813.078 MB.
INFO: [HLS 200-10] ----------------------------------------------------------------
INFO: [HLS 200-10] -- Generating RTL for module 'conv_ico_layer0_Pipeline_VITIS_LOOP_244_2_VITIS_LOOP_245_3_VITIS_LOOP_246_4_VITI' 
INFO: [HLS 200-10] ----------------------------------------------------------------
INFO: [HLS 200-1030] Apply Unified Pipeline Control on module 'conv_ico_layer0_Pipeline_VITIS_LOOP_244_2_VITIS_LOOP_245_3_VITIS_LOOP_246_4_VITI' pipeline 'VITIS_LOOP_244_2_VITIS_LOOP_245_3_VITIS_LOOP_246_4_VITIS_LOOP_247_5_VITIS_LOOP_248_6' pipeline type 'loop pipeline'
INFO: [RTGEN 206-104] Estimated max fanout for 'conv_ico_layer0_Pipeline_VITIS_LOOP_244_2_VITIS_LOOP_245_3_VITIS_LOOP_246_4_VITI' is 14995 from HDL expression: (1'b0 == ap_block_pp0_stage0_11001)
INFO: [RTGEN 206-100] Generating core module 'fadd_32ns_32ns_32_8_full_dsp_1': 9 instance(s).
INFO: [RTGEN 206-100] Generating core module 'fmul_32ns_32ns_32_5_max_dsp_1': 9 instance(s).
INFO: [RTGEN 206-100] Generating core module 'mul_4ns_6ns_9_1_1': 3 instance(s).
INFO: [RTGEN 206-100] Generating core module 'sparsemux_7_2_32_1_1': 18 instance(s).
INFO: [RTGEN 206-100] Generating core module 'sparsemux_9_2_32_1_1': 9 instance(s).
INFO: [RTGEN 206-100] Generating core module 'urem_4ns_3ns_2_8_1': 1 instance(s).
INFO: [RTGEN 206-100] Finished creating RTL model for 'conv_ico_layer0_Pipeline_VITIS_LOOP_244_2_VITIS_LOOP_245_3_VITIS_LOOP_246_4_VITI'.
INFO: [HLS 200-111] Finished Creating RTL model: CPU user time: 0 seconds. CPU system time: 0 seconds. Elapsed time: 0.568 seconds; current allocated memory: 821.531 MB.
INFO: [HLS 200-10] ----------------------------------------------------------------
INFO: [HLS 200-10] -- Generating RTL for module 'conv_ico_layer0_Pipeline_VITIS_LOOP_269_11_VITIS_LOOP_270_12_VITIS_LOOP_271_13' 
INFO: [HLS 200-10] ----------------------------------------------------------------
INFO: [HLS 200-1030] Apply Unified Pipeline Control on module 'conv_ico_layer0_Pipeline_VITIS_LOOP_269_11_VITIS_LOOP_270_12_VITIS_LOOP_271_13' pipeline 'VITIS_LOOP_269_11_VITIS_LOOP_270_12_VITIS_LOOP_271_13' pipeline type 'loop pipeline'
INFO: [RTGEN 206-100] Finished creating RTL model for 'conv_ico_layer0_Pipeline_VITIS_LOOP_269_11_VITIS_LOOP_270_12_VITIS_LOOP_271_13'.
INFO: [HLS 200-111] Finished Creating RTL model: CPU user time: 1 seconds. CPU system time: 1 seconds. Elapsed time: 0.872 seconds; current allocated memory: 829.246 MB.
INFO: [HLS 200-10] ----------------------------------------------------------------
INFO: [HLS 200-10] -- Generating RTL for module 'conv_ico_layer0_Pipeline_VITIS_LOOP_277_14_VITIS_LOOP_278_15' 
INFO: [HLS 200-10] ----------------------------------------------------------------
INFO: [HLS 200-1030] Apply Unified Pipeline Control on module 'conv_ico_layer0_Pipeline_VITIS_LOOP_277_14_VITIS_LOOP_278_15' pipeline 'VITIS_LOOP_277_14_VITIS_LOOP_278_15' pipeline type 'loop pipeline'
INFO: [RTGEN 206-100] Generating core module 'fadd_32ns_32ns_32_8_full_dsp_1': 2 instance(s).
INFO: [RTGEN 206-100] Generating core module 'fdiv_32ns_32ns_32_16_no_dsp_1': 1 instance(s).
INFO: [RTGEN 206-100] Generating core module 'urem_4ns_4ns_4_8_1': 1 instance(s).
INFO: [RTGEN 206-100] Finished creating RTL model for 'conv_ico_layer0_Pipeline_VITIS_LOOP_277_14_VITIS_LOOP_278_15'.
INFO: [HLS 200-111] Finished Creating RTL model: CPU user time: 0 seconds. CPU system time: 0 seconds. Elapsed time: 0.475 seconds; current allocated memory: 833.289 MB.
INFO: [HLS 200-10] ----------------------------------------------------------------
INFO: [HLS 200-10] -- Generating RTL for module 'conv_ico_layer0' 
INFO: [HLS 200-10] ----------------------------------------------------------------
INFO: [RTGEN 206-500] Setting interface mode on port 'conv_ico_layer0/input_r' to 'ap_memory'.
INFO: [RTGEN 206-500] Setting interface mode on port 'conv_ico_layer0/weight_0' to 'ap_memory'.
INFO: [RTGEN 206-500] Setting interface mode on port 'conv_ico_layer0/weight_1' to 'ap_memory'.
INFO: [RTGEN 206-500] Setting interface mode on port 'conv_ico_layer0/bias_0' to 'ap_memory'.
INFO: [RTGEN 206-500] Setting interface mode on port 'conv_ico_layer0/bias_1' to 'ap_memory'.
INFO: [RTGEN 206-500] Setting interface mode on port 'conv_ico_layer0/kernel_expansion_idx' to 'ap_memory'.
INFO: [RTGEN 206-500] Setting interface mode on port 'conv_ico_layer0/reorder_idx' to 'ap_memory'.
INFO: [RTGEN 206-500] Setting interface mode on port 'conv_ico_layer0/output_r' to 'ap_memory'.
INFO: [RTGEN 206-500] Setting interface mode on function 'conv_ico_layer0' to 'ap_ctrl_hs'.
INFO: [SYN 201-210] Renamed object name 'p_ZZ15conv_ico_layer0PA1_A1_A5_A4_A8_fPA1_A1_A7_KfPS5_PA6_A1_A1_A9_A4_KiPA5_A6_A1_17_RAM_AUTO_1R1W' to 'p_ZZ15conv_ico_layer0PA1_A1_A5_A4_A8_fPA1_A1_A7_KfPS5_PA6_A1_A1_A9_A4_KiPA5_Abkb' due to the length limit 80
INFO: [SYN 201-210] Renamed object name 'p_ZZ15conv_ico_layer0PA1_A1_A5_A4_A8_fPA1_A1_A7_KfPS5_PA6_A1_A1_A9_A4_KiPA5_A6_A1_16_RAM_AUTO_1R1W' to 'p_ZZ15conv_ico_layer0PA1_A1_A5_A4_A8_fPA1_A1_A7_KfPS5_PA6_A1_A1_A9_A4_KiPA5_Acud' due to the length limit 80
INFO: [SYN 201-210] Renamed object name 'p_ZZ15conv_ico_layer0PA1_A1_A5_A4_A8_fPA1_A1_A7_KfPS5_PA6_A1_A1_A9_A4_KiPA5_A6_A1_15_RAM_AUTO_1R1W' to 'p_ZZ15conv_ico_layer0PA1_A1_A5_A4_A8_fPA1_A1_A7_KfPS5_PA6_A1_A1_A9_A4_KiPA5_AdEe' due to the length limit 80
INFO: [SYN 201-210] Renamed object name 'p_ZZ15conv_ico_layer0PA1_A1_A5_A4_A8_fPA1_A1_A7_KfPS5_PA6_A1_A1_A9_A4_KiPA5_A6_A1_14_RAM_AUTO_1R1W' to 'p_ZZ15conv_ico_layer0PA1_A1_A5_A4_A8_fPA1_A1_A7_KfPS5_PA6_A1_A1_A9_A4_KiPA5_AeOg' due to the length limit 80
INFO: [SYN 201-210] Renamed object name 'p_ZZ15conv_ico_layer0PA1_A1_A5_A4_A8_fPA1_A1_A7_KfPS5_PA6_A1_A1_A9_A4_KiPA5_A6_A1_13_RAM_AUTO_1R1W' to 'p_ZZ15conv_ico_layer0PA1_A1_A5_A4_A8_fPA1_A1_A7_KfPS5_PA6_A1_A1_A9_A4_KiPA5_AfYi' due to the length limit 80
INFO: [SYN 201-210] Renamed object name 'p_ZZ15conv_ico_layer0PA1_A1_A5_A4_A8_fPA1_A1_A7_KfPS5_PA6_A1_A1_A9_A4_KiPA5_A6_A1_12_RAM_AUTO_1R1W' to 'p_ZZ15conv_ico_layer0PA1_A1_A5_A4_A8_fPA1_A1_A7_KfPS5_PA6_A1_A1_A9_A4_KiPA5_Ag8j' due to the length limit 80
INFO: [SYN 201-210] Renamed object name 'p_ZZ15conv_ico_layer0PA1_A1_A5_A4_A8_fPA1_A1_A7_KfPS5_PA6_A1_A1_A9_A4_KiPA5_A6_A1_11_RAM_AUTO_1R1W' to 'p_ZZ15conv_ico_layer0PA1_A1_A5_A4_A8_fPA1_A1_A7_KfPS5_PA6_A1_A1_A9_A4_KiPA5_Ahbi' due to the length limit 80
INFO: [SYN 201-210] Renamed object name 'p_ZZ15conv_ico_layer0PA1_A1_A5_A4_A8_fPA1_A1_A7_KfPS5_PA6_A1_A1_A9_A4_KiPA5_A6_A1_10_RAM_AUTO_1R1W' to 'p_ZZ15conv_ico_layer0PA1_A1_A5_A4_A8_fPA1_A1_A7_KfPS5_PA6_A1_A1_A9_A4_KiPA5_Aibs' due to the length limit 80
INFO: [SYN 201-210] Renamed object name 'p_ZZ15conv_ico_layer0PA1_A1_A5_A4_A8_fPA1_A1_A7_KfPS5_PA6_A1_A1_A9_A4_KiPA5_A6_A1_9_RAM_AUTO_1R1W' to 'p_ZZ15conv_ico_layer0PA1_A1_A5_A4_A8_fPA1_A1_A7_KfPS5_PA6_A1_A1_A9_A4_KiPA5_AjbC' due to the length limit 80
INFO: [SYN 201-210] Renamed object name 'p_ZZ15conv_ico_layer0PA1_A1_A5_A4_A8_fPA1_A1_A7_KfPS5_PA6_A1_A1_A9_A4_KiPA5_A6_A1_8_RAM_AUTO_1R1W' to 'p_ZZ15conv_ico_layer0PA1_A1_A5_A4_A8_fPA1_A1_A7_KfPS5_PA6_A1_A1_A9_A4_KiPA5_AkbM' due to the length limit 80
INFO: [SYN 201-210] Renamed object name 'p_ZZ15conv_ico_layer0PA1_A1_A5_A4_A8_fPA1_A1_A7_KfPS5_PA6_A1_A1_A9_A4_KiPA5_A6_A1_7_RAM_AUTO_1R1W' to 'p_ZZ15conv_ico_layer0PA1_A1_A5_A4_A8_fPA1_A1_A7_KfPS5_PA6_A1_A1_A9_A4_KiPA5_AlbW' due to the length limit 80
INFO: [SYN 201-210] Renamed object name 'p_ZZ15conv_ico_layer0PA1_A1_A5_A4_A8_fPA1_A1_A7_KfPS5_PA6_A1_A1_A9_A4_KiPA5_A6_A1_6_RAM_AUTO_1R1W' to 'p_ZZ15conv_ico_layer0PA1_A1_A5_A4_A8_fPA1_A1_A7_KfPS5_PA6_A1_A1_A9_A4_KiPA5_Amb6' due to the length limit 80
INFO: [SYN 201-210] Renamed object name 'p_ZZ15conv_ico_layer0PA1_A1_A5_A4_A8_fPA1_A1_A7_KfPS5_PA6_A1_A1_A9_A4_KiPA5_A6_A1_5_RAM_AUTO_1R1W' to 'p_ZZ15conv_ico_layer0PA1_A1_A5_A4_A8_fPA1_A1_A7_KfPS5_PA6_A1_A1_A9_A4_KiPA5_Ancg' due to the length limit 80
INFO: [SYN 201-210] Renamed object name 'p_ZZ15conv_ico_layer0PA1_A1_A5_A4_A8_fPA1_A1_A7_KfPS5_PA6_A1_A1_A9_A4_KiPA5_A6_A1_4_RAM_AUTO_1R1W' to 'p_ZZ15conv_ico_layer0PA1_A1_A5_A4_A8_fPA1_A1_A7_KfPS5_PA6_A1_A1_A9_A4_KiPA5_Aocq' due to the length limit 80
INFO: [SYN 201-210] Renamed object name 'p_ZZ15conv_ico_layer0PA1_A1_A5_A4_A8_fPA1_A1_A7_KfPS5_PA6_A1_A1_A9_A4_KiPA5_A6_A1_3_RAM_AUTO_1R1W' to 'p_ZZ15conv_ico_layer0PA1_A1_A5_A4_A8_fPA1_A1_A7_KfPS5_PA6_A1_A1_A9_A4_KiPA5_ApcA' due to the length limit 80
INFO: [SYN 201-210] Renamed object name 'p_ZZ15conv_ico_layer0PA1_A1_A5_A4_A8_fPA1_A1_A7_KfPS5_PA6_A1_A1_A9_A4_KiPA5_A6_A1_2_RAM_AUTO_1R1W' to 'p_ZZ15conv_ico_layer0PA1_A1_A5_A4_A8_fPA1_A1_A7_KfPS5_PA6_A1_A1_A9_A4_KiPA5_AqcK' due to the length limit 80
INFO: [SYN 201-210] Renamed object name 'p_ZZ15conv_ico_layer0PA1_A1_A5_A4_A8_fPA1_A1_A7_KfPS5_PA6_A1_A1_A9_A4_KiPA5_A6_A1_1_RAM_AUTO_1R1W' to 'p_ZZ15conv_ico_layer0PA1_A1_A5_A4_A8_fPA1_A1_A7_KfPS5_PA6_A1_A1_A9_A4_KiPA5_ArcU' due to the length limit 80
INFO: [SYN 201-210] Renamed object name 'p_ZZ15conv_ico_layer0PA1_A1_A5_A4_A8_fPA1_A1_A7_KfPS5_PA6_A1_A1_A9_A4_KiPA5_A6_A1_RAM_AUTO_1R1W' to 'p_ZZ15conv_ico_layer0PA1_A1_A5_A4_A8_fPA1_A1_A7_KfPS5_PA6_A1_A1_A9_A4_KiPA5_Asc4' due to the length limit 80
INFO: [RTGEN 206-100] Generating core module 'fadd_32ns_32ns_32_8_full_dsp_1': 2 instance(s).
INFO: [RTGEN 206-100] Generating core module 'fdiv_32ns_32ns_32_16_no_dsp_1': 1 instance(s).
INFO: [RTGEN 206-100] Finished creating RTL model for 'conv_ico_layer0'.
INFO: [RTMG 210-278] Implementing memory 'conv_ico_layer0_p_ZZ15conv_ico_layer0PA1_A1_A5_A4_A8_fPA1_A1_A7_KfPS5_PA6_A1_A1_A9_A4_KiPA5_Abkb' using auto RAMs.
INFO: [RTMG 210-278] Implementing memory 'conv_ico_layer0_padded_frame_RAM_AUTO_1R1W' using auto RAMs.
INFO: [HLS 200-111] Finished Creating RTL model: CPU user time: 1 seconds. CPU system time: 0 seconds. Elapsed time: 1.242 seconds; current allocated memory: 843.730 MB.
INFO: [HLS 200-111] Finished Generating all RTL models: CPU user time: 0 seconds. CPU system time: 1 seconds. Elapsed time: 0.966 seconds; current allocated memory: 849.270 MB.
INFO: [HLS 200-111] Finished Updating report files: CPU user time: 1 seconds. CPU system time: 0 seconds. Elapsed time: 1.155 seconds; current allocated memory: 857.609 MB.
INFO: [VHDL 208-304] Generating VHDL RTL for conv_ico_layer0.
INFO: [VLOG 209-307] Generating Verilog RTL for conv_ico_layer0.
INFO: [HLS 200-790] **** Loop Constraint Status: All loop constraints were NOT satisfied.
INFO: [HLS 200-789] **** Estimated Fmax: 222.30 MHz
INFO: [HLS 200-2161] Finished Command csynth_design Elapsed time: 00:00:24; Allocated memory: 241.945 MB.
INFO: [HLS 200-112] Total CPU user time: 15 seconds. Total CPU system time: 6 seconds. Total elapsed time: 31.189 seconds; peak allocated memory: 858.715 MB.
