
****** Vitis HLS - High-Level Synthesis from C, C++ and OpenCL v2024.2 (64-bit)
  **** SW Build 5238294 on Nov  8 2024
  **** IP Build 5239520 on Sun Nov 10 16:12:51 MST 2024
  **** SharedData Build 5239561 on Fri Nov 08 14:39:27 MST 2024
  **** Start of session at: Tue Jun  2 16:14:47 2026
    ** Copyright 1986-2022 Xilinx, Inc. All Rights Reserved.
    ** Copyright 2022-2024 Advanced Micro Devices, Inc. All Rights Reserved.

source G:/PostGraduateFile/Xilinx/Vitis/2024.2/scripts/vitis_hls/hls.tcl -notrace
INFO: [HLS 200-10] For user 'Lenovo' on host 'laptop-lc5o154v' (Windows NT_amd64 version 10.0) on Tue Jun 02 16:14:48 +0800 2026
INFO: [HLS 200-10] In directory 'G:/3DSLED/icocnn/hls_src/HLS/stage1_ifan_c8_r2'
WARNING: [HLS 200-2053] The vitis_hls executable is deprecated. Consider using vitis-run --mode hls --tcl
Sourcing Tcl script 'run_hls.tcl'
=== Vitis HLS Terminal Flow ===
Project  : stage1_ifan_c8_r2_temporal_r1_hls_prj
ProjRoot : G:\3DSLED\icocnn\hls_src\HLS\stage1_ifan_c8_r2\_hls_work
SrcDir   : G:/3DSLED/icocnn/hls_src/HLS/stage1_ifan_c8_r2
Solution : sol1
Top      : ifan_temporal_r1_top
Part     : xc7k325tffg900-2
Clock(ns): 5.0
Mode     : synth
Module   : temporal
CppFlags : 
INFO: [HLS 200-1510] Running: open_project -reset G:/3DSLED/icocnn/hls_src/HLS/stage1_ifan_c8_r2/_hls_work/stage1_ifan_c8_r2_temporal_r1_hls_prj 
INFO: [HLS 200-10] Opening and resetting project 'G:/3DSLED/icocnn/hls_src/HLS/stage1_ifan_c8_r2/_hls_work/stage1_ifan_c8_r2_temporal_r1_hls_prj'.
INFO: [HLS 200-1510] Running: set_top ifan_temporal_r1_top 
INFO: [HLS 200-1510] Running: add_files G:/3DSLED/icocnn/hls_src/HLS/stage1_ifan_c8_r2/_hls_work/temporal_r1/ifan_temporal_r1.cpp 
INFO: [HLS 200-10] Adding design file 'G:/3DSLED/icocnn/hls_src/HLS/stage1_ifan_c8_r2/_hls_work/temporal_r1/ifan_temporal_r1.cpp' to the project
INFO: [HLS 200-1510] Running: add_files G:/3DSLED/icocnn/hls_src/HLS/stage1_ifan_c8_r2/_hls_work/temporal_r1/ifan_temporal_r1.hpp 
INFO: [HLS 200-10] Adding design file 'G:/3DSLED/icocnn/hls_src/HLS/stage1_ifan_c8_r2/_hls_work/temporal_r1/ifan_temporal_r1.hpp' to the project
INFO: [HLS 200-1510] Running: add_files G:/3DSLED/icocnn/hls_src/HLS/stage1_ifan_c8_r2/_hls_work/full_stage1_legacy/ifan_stage1.hpp 
INFO: [HLS 200-10] Adding design file 'G:/3DSLED/icocnn/hls_src/HLS/stage1_ifan_c8_r2/_hls_work/full_stage1_legacy/ifan_stage1.hpp' to the project
INFO: [HLS 200-1510] Running: add_files -tb G:/3DSLED/icocnn/hls_src/HLS/stage1_ifan_c8_r2/_hls_work/temporal_r1/test_ifan_temporal_r1.cpp 
INFO: [HLS 200-10] Adding test bench file 'G:/3DSLED/icocnn/hls_src/HLS/stage1_ifan_c8_r2/_hls_work/temporal_r1/test_ifan_temporal_r1.cpp' to the project
INFO: [HLS 200-1510] Running: open_solution -reset sol1 
INFO: [HLS 200-10] Creating and opening solution 'G:/3DSLED/icocnn/hls_src/HLS/stage1_ifan_c8_r2/_hls_work/stage1_ifan_c8_r2_temporal_r1_hls_prj/sol1'.
INFO: [HLS 200-10] Cleaning up the solution database.
INFO: [HLS 200-1505] Using default flow_target 'vivado'
Resolution: For help on HLS 200-1505 see docs.xilinx.com/access/sources/dita/topic?Doc_Version=2024.2%20English&url=ug1448-hls-guidance&resourceid=200-1505.html
INFO: [HLS 200-1510] Running: set_part xc7k325tffg900-2 
INFO: [HLS 200-1611] Setting target device to 'xc7k325t-ffg900-2'
INFO: [HLS 200-1510] Running: create_clock -period 5.0 -name default 
INFO: [SYN 201-201] Setting up clock 'default' with a period of 5ns.
INFO: [HLS 200-1510] Running: csynth_design 
INFO: [HLS 200-111] Finished File checks and directory preparation: CPU user time: 0 seconds. CPU system time: 0 seconds. Elapsed time: 0.122 seconds; current allocated memory: 617.773 MB.
INFO: [HLS 200-10] Analyzing design file 'temporal_r1/ifan_temporal_r1.cpp' ... 
INFO: [HLS 200-111] Finished Source Code Analysis and Preprocessing: CPU user time: 0 seconds. CPU system time: 0 seconds. Elapsed time: 6.031 seconds; current allocated memory: 620.668 MB.
INFO: [HLS 200-777] Using interface defaults for 'Vivado' flow target.
INFO: [HLS 200-1995] There were 4,031 instructions in the design after the 'Compile/Link' phase of compilation. See the Design Size Report for more details: G:/3DSLED/icocnn/hls_src/HLS/stage1_ifan_c8_r2/_hls_work/stage1_ifan_c8_r2_temporal_r1_hls_prj/sol1/syn/report/csynth_design_size.rpt
INFO: [HLS 200-1995] There were 11,113 instructions in the design after the 'Unroll/Inline (step 1)' phase of compilation. See the Design Size Report for more details: G:/3DSLED/icocnn/hls_src/HLS/stage1_ifan_c8_r2/_hls_work/stage1_ifan_c8_r2_temporal_r1_hls_prj/sol1/syn/report/csynth_design_size.rpt
INFO: [HLS 200-1995] There were 5,404 instructions in the design after the 'Unroll/Inline (step 2)' phase of compilation. See the Design Size Report for more details: G:/3DSLED/icocnn/hls_src/HLS/stage1_ifan_c8_r2/_hls_work/stage1_ifan_c8_r2_temporal_r1_hls_prj/sol1/syn/report/csynth_design_size.rpt
INFO: [HLS 200-1995] There were 5,073 instructions in the design after the 'Unroll/Inline (step 3)' phase of compilation. See the Design Size Report for more details: G:/3DSLED/icocnn/hls_src/HLS/stage1_ifan_c8_r2/_hls_work/stage1_ifan_c8_r2_temporal_r1_hls_prj/sol1/syn/report/csynth_design_size.rpt
INFO: [HLS 200-1995] There were 4,753 instructions in the design after the 'Unroll/Inline (step 4)' phase of compilation. See the Design Size Report for more details: G:/3DSLED/icocnn/hls_src/HLS/stage1_ifan_c8_r2/_hls_work/stage1_ifan_c8_r2_temporal_r1_hls_prj/sol1/syn/report/csynth_design_size.rpt
INFO: [HLS 200-1995] There were 7,359 instructions in the design after the 'Array/Struct (step 1)' phase of compilation. See the Design Size Report for more details: G:/3DSLED/icocnn/hls_src/HLS/stage1_ifan_c8_r2/_hls_work/stage1_ifan_c8_r2_temporal_r1_hls_prj/sol1/syn/report/csynth_design_size.rpt
INFO: [HLS 200-1995] There were 5,428 instructions in the design after the 'Array/Struct (step 2)' phase of compilation. See the Design Size Report for more details: G:/3DSLED/icocnn/hls_src/HLS/stage1_ifan_c8_r2/_hls_work/stage1_ifan_c8_r2_temporal_r1_hls_prj/sol1/syn/report/csynth_design_size.rpt
INFO: [HLS 200-1995] There were 5,428 instructions in the design after the 'Array/Struct (step 3)' phase of compilation. See the Design Size Report for more details: G:/3DSLED/icocnn/hls_src/HLS/stage1_ifan_c8_r2/_hls_work/stage1_ifan_c8_r2_temporal_r1_hls_prj/sol1/syn/report/csynth_design_size.rpt
INFO: [HLS 200-1995] There were 5,428 instructions in the design after the 'Array/Struct (step 4)' phase of compilation. See the Design Size Report for more details: G:/3DSLED/icocnn/hls_src/HLS/stage1_ifan_c8_r2/_hls_work/stage1_ifan_c8_r2_temporal_r1_hls_prj/sol1/syn/report/csynth_design_size.rpt
INFO: [HLS 200-1995] There were 5,428 instructions in the design after the 'Array/Struct (step 5)' phase of compilation. See the Design Size Report for more details: G:/3DSLED/icocnn/hls_src/HLS/stage1_ifan_c8_r2/_hls_work/stage1_ifan_c8_r2_temporal_r1_hls_prj/sol1/syn/report/csynth_design_size.rpt
INFO: [HLS 200-1995] There were 5,428 instructions in the design after the 'Performance (step 1)' phase of compilation. See the Design Size Report for more details: G:/3DSLED/icocnn/hls_src/HLS/stage1_ifan_c8_r2/_hls_work/stage1_ifan_c8_r2_temporal_r1_hls_prj/sol1/syn/report/csynth_design_size.rpt
INFO: [HLS 200-1995] There were 5,424 instructions in the design after the 'Performance (step 2)' phase of compilation. See the Design Size Report for more details: G:/3DSLED/icocnn/hls_src/HLS/stage1_ifan_c8_r2/_hls_work/stage1_ifan_c8_r2_temporal_r1_hls_prj/sol1/syn/report/csynth_design_size.rpt
INFO: [HLS 200-1995] There were 5,408 instructions in the design after the 'Performance (step 3)' phase of compilation. See the Design Size Report for more details: G:/3DSLED/icocnn/hls_src/HLS/stage1_ifan_c8_r2/_hls_work/stage1_ifan_c8_r2_temporal_r1_hls_prj/sol1/syn/report/csynth_design_size.rpt
INFO: [HLS 200-1995] There were 5,408 instructions in the design after the 'Performance (step 4)' phase of compilation. See the Design Size Report for more details: G:/3DSLED/icocnn/hls_src/HLS/stage1_ifan_c8_r2/_hls_work/stage1_ifan_c8_r2_temporal_r1_hls_prj/sol1/syn/report/csynth_design_size.rpt
INFO: [HLS 200-1995] There were 5,451 instructions in the design after the 'HW Transforms' phase of compilation. See the Design Size Report for more details: G:/3DSLED/icocnn/hls_src/HLS/stage1_ifan_c8_r2/_hls_work/stage1_ifan_c8_r2_temporal_r1_hls_prj/sol1/syn/report/csynth_design_size.rpt
INFO: [HLS 200-1995] There were 5,389 instructions in the design after the 'HW Transforms (step 2)' phase of compilation. See the Design Size Report for more details: G:/3DSLED/icocnn/hls_src/HLS/stage1_ifan_c8_r2/_hls_work/stage1_ifan_c8_r2_temporal_r1_hls_prj/sol1/syn/report/csynth_design_size.rpt
INFO: [HLS 214-291] Loop 'VITIS_LOOP_76_12' is marked as complete unroll implied by the pipeline pragma (temporal_r1/ifan_temporal_r1.cpp:76:20)
INFO: [HLS 214-291] Loop 'VITIS_LOOP_83_13' is marked as complete unroll implied by the pipeline pragma (temporal_r1/ifan_temporal_r1.cpp:83:51)
INFO: [HLS 214-291] Loop 'VITIS_LOOP_84_14' is marked as complete unroll implied by the pipeline pragma (temporal_r1/ifan_temporal_r1.cpp:84:55)
INFO: [HLS 214-291] Loop 'VITIS_LOOP_86_15' is marked as complete unroll implied by the pipeline pragma (temporal_r1/ifan_temporal_r1.cpp:86:20)
INFO: [HLS 214-186] Unrolling loop 'VITIS_LOOP_76_12' (temporal_r1/ifan_temporal_r1.cpp:76:20) in function 'ifan_temporal_r1_engine' completely with a factor of 2 (temporal_r1/ifan_temporal_r1.cpp:38:0)
INFO: [HLS 214-186] Unrolling loop 'VITIS_LOOP_83_13' (temporal_r1/ifan_temporal_r1.cpp:83:51) in function 'ifan_temporal_r1_engine' completely with a factor of 4 (temporal_r1/ifan_temporal_r1.cpp:38:0)
INFO: [HLS 214-186] Unrolling loop 'VITIS_LOOP_84_14' (temporal_r1/ifan_temporal_r1.cpp:84:55) in function 'ifan_temporal_r1_engine' completely with a factor of 5 (temporal_r1/ifan_temporal_r1.cpp:38:0)
INFO: [HLS 214-186] Unrolling loop 'VITIS_LOOP_86_15' (temporal_r1/ifan_temporal_r1.cpp:86:20) in function 'ifan_temporal_r1_engine' completely with a factor of 2 (temporal_r1/ifan_temporal_r1.cpp:38:0)
INFO: [HLS 214-186] Unrolling loop 'VITIS_LOOP_20_1' (temporal_r1/ifan_temporal_r1.cpp:20:22) in function 'stage_temporal_weight_tile' completely with a factor of 2 (temporal_r1/ifan_temporal_r1.cpp:19:0)
INFO: [HLS 214-178] Inlining function 'stage_temporal_weight_tile(float const (*) [8][5], int, ap_fixed<14, 3, (ap_q_mode)0, (ap_o_mode)0, 0> (*) [8][5])' into 'ifan_temporal_r1_engine(float (*) [8][6][5][2][4], float const (*) [8][5], float const*, float (*) [8][6][5][2][4])' (temporal_r1/ifan_temporal_r1.cpp:38:0)
INFO: [HLS 214-178] Inlining function 'temporal_to_data_t(ap_fixed<40, 18, (ap_q_mode)0, (ap_o_mode)0, 0>)' into 'ifan_temporal_r1_engine(float (*) [8][6][5][2][4], float const (*) [8][5], float const*, float (*) [8][6][5][2][4])' (temporal_r1/ifan_temporal_r1.cpp:38:0)
INFO: [HLS 214-248] Applying array_partition to 'staged_input': Complete partitioning on dimension 2. (temporal_r1/ifan_temporal_r1.cpp:43:29)
INFO: [HLS 214-248] Applying array_partition to 'causal_window': Complete partitioning on dimension 2. Cyclic partitioning with factor 2 on dimension 3. (temporal_r1/ifan_temporal_r1.cpp:45:10)
INFO: [HLS 214-248] Applying array_partition to 'staged_weight': Complete partitioning on dimension 1. Cyclic partitioning with factor 2 on dimension 2. Complete partitioning on dimension 3. (temporal_r1/ifan_temporal_r1.cpp:68:34)
INFO: [HLS 214-248] Applying array_partition to 'weight': Cyclic partitioning with factor 2 on dimension 1. Complete partitioning on dimension 3. (temporal_r1/ifan_temporal_r1.cpp:111:0)
INFO: [HLS 214-248] Applying array_partition to 'bias': Cyclic partitioning with factor 2 on dimension 1. (temporal_r1/ifan_temporal_r1.cpp:111:0)
INFO: [HLS 214-364] Automatically inlining function 'temporal_to_weight_t(float)' to improve effectiveness of pipeline pragma in function 'ifan_temporal_r1_engine(float (*) [8][6][5][2][4], float const (*) [8][5], float const*, float (*) [8][6][5][2][4])' (temporal_r1/ifan_temporal_r1.cpp:27:32)
INFO: [HLS 200-111] Finished Compiling Optimization and Transform: CPU user time: 0 seconds. CPU system time: 0 seconds. Elapsed time: 13.542 seconds; current allocated memory: 622.699 MB.
INFO: [HLS 200-111] Finished Checking Pragmas: CPU user time: 0 seconds. CPU system time: 0 seconds. Elapsed time: 0.008 seconds; current allocated memory: 622.699 MB.
INFO: [HLS 200-10] Starting code transformations ...
INFO: [HLS 200-111] Finished Standard Transforms: CPU user time: 1 seconds. CPU system time: 0 seconds. Elapsed time: 0.496 seconds; current allocated memory: 635.973 MB.
INFO: [HLS 200-10] Checking synthesizability ...
WARNING: [SYNCHK 200-23] temporal_r1/ifan_temporal_r1.cpp:52: variable-indexed range selection may cause suboptimal QoR.
INFO: [SYNCHK 200-10] 0 error(s), 1 warning(s).
INFO: [HLS 200-111] Finished Checking Synthesizability: CPU user time: 0 seconds. CPU system time: 0 seconds. Elapsed time: 0.386 seconds; current allocated memory: 639.906 MB.
WARNING: [XFORM 203-561] Updating loop lower bound from 0 to 6 for loop 'VITIS_LOOP_74_11' (temporal_r1/ifan_temporal_r1.cpp:74:52) in function 'ifan_temporal_r1_engine'.
WARNING: [XFORM 203-561] Updating loop lower bound from 0 to 4 for loop 'VITIS_LOOP_67_10' (temporal_r1/ifan_temporal_r1.cpp:68:25) in function 'ifan_temporal_r1_engine'.
WARNING: [XFORM 203-561] Updating loop lower bound from 0 to 4 for loop 'VITIS_LOOP_42_4' (temporal_r1/ifan_temporal_r1.cpp:43:21) in function 'ifan_temporal_r1_engine'.
WARNING: [XFORM 203-561] Updating loop lower bound from 0 to 2 for loop 'VITIS_LOOP_41_3' (temporal_r1/ifan_temporal_r1.cpp:41:39) in function 'ifan_temporal_r1_engine'.
WARNING: [XFORM 203-561] Updating loop lower bound from 0 to 5 for loop 'VITIS_LOOP_40_2' (temporal_r1/ifan_temporal_r1.cpp:40:35) in function 'ifan_temporal_r1_engine'.
WARNING: [XFORM 203-561] Updating loop lower bound from 0 to 6 for loop 'VITIS_LOOP_39_1' (temporal_r1/ifan_temporal_r1.cpp:39:31) in function 'ifan_temporal_r1_engine'.
INFO: [XFORM 203-401] Performing if-conversion on hyperblock from (temporal_r1/ifan_temporal_r1.cpp:51:9) to (temporal_r1/ifan_temporal_r1.cpp:52:22) in function 'ifan_temporal_r1_engine'... converting 29 basic blocks.
INFO: [XFORM 203-401] Performing if-conversion on hyperblock from (temporal_r1/ifan_temporal_r1.cpp:60:9) to (temporal_r1/ifan_temporal_r1.cpp:61:26) in function 'ifan_temporal_r1_engine'... converting 3 basic blocks.
INFO: [XFORM 203-401] Performing if-conversion on hyperblock from (temporal_r1/ifan_temporal_r1.cpp:25:9) to (temporal_r1/ifan_temporal_r1.cpp:26:28) in function 'ifan_temporal_r1_engine'... converting 29 basic blocks.
INFO: [XFORM 203-401] Performing if-conversion on hyperblock from (temporal_r1/ifan_temporal_r1.cpp:25:9) to (temporal_r1/ifan_temporal_r1.cpp:26:28) in function 'ifan_temporal_r1_engine'... converting 29 basic blocks.
INFO: [XFORM 203-401] Performing if-conversion on hyperblock from (temporal_r1/ifan_temporal_r1.cpp:75:9) to (temporal_r1/ifan_temporal_r1.cpp:74:43) in function 'ifan_temporal_r1_engine'... converting 45 basic blocks.
INFO: [HLS 200-111] Finished Loop, function and other optimizations: CPU user time: 3 seconds. CPU system time: 0 seconds. Elapsed time: 2.435 seconds; current allocated memory: 678.102 MB.
INFO: [HLS 200-2061] Successfully converted nested loops 'VITIS_LOOP_49_5'(temporal_r1/ifan_temporal_r1.cpp:49:19) and 'VITIS_LOOP_50_6'(temporal_r1/ifan_temporal_r1.cpp:50:42) in function 'ifan_temporal_r1_engine' into perfectly nested loops.
INFO: [HLS 200-2061] Successfully converted nested loops 'VITIS_LOOP_57_8'(temporal_r1/ifan_temporal_r1.cpp:57:42) and 'VITIS_LOOP_59_9'(temporal_r1/ifan_temporal_r1.cpp:59:46) in function 'ifan_temporal_r1_engine' into perfectly nested loops.
INFO: [HLS 200-2061] Successfully converted nested loops 'VITIS_LOOP_56_7'(temporal_r1/ifan_temporal_r1.cpp:56:38) and 'VITIS_LOOP_57_8'(temporal_r1/ifan_temporal_r1.cpp:57:42) in function 'ifan_temporal_r1_engine' into perfectly nested loops.
INFO: [HLS 200-2061] Successfully converted nested loops 'VITIS_LOOP_23_2'(temporal_r1/ifan_temporal_r1.cpp:23:26) and 'VITIS_LOOP_24_3'(temporal_r1/ifan_temporal_r1.cpp:24:30) in function 'ifan_temporal_r1_engine' into perfectly nested loops.
INFO: [HLS 200-2061] Successfully converted nested loops 'VITIS_LOOP_23_2'(temporal_r1/ifan_temporal_r1.cpp:23:26) and 'VITIS_LOOP_24_3'(temporal_r1/ifan_temporal_r1.cpp:24:30) in function 'ifan_temporal_r1_engine' into perfectly nested loops.
INFO: [XFORM 203-541] Flattening a loop nest 'VITIS_LOOP_49_5' (temporal_r1/ifan_temporal_r1.cpp:49:19) in function 'ifan_temporal_r1_engine'.
INFO: [XFORM 203-541] Flattening a loop nest 'VITIS_LOOP_57_8' (temporal_r1/ifan_temporal_r1.cpp:57:42) in function 'ifan_temporal_r1_engine'.
INFO: [XFORM 203-541] Flattening a loop nest 'VITIS_LOOP_56_7' (temporal_r1/ifan_temporal_r1.cpp:56:38) in function 'ifan_temporal_r1_engine'.
INFO: [XFORM 203-541] Flattening a loop nest 'VITIS_LOOP_23_2' (temporal_r1/ifan_temporal_r1.cpp:23:26) in function 'ifan_temporal_r1_engine'.
INFO: [XFORM 203-541] Flattening a loop nest 'VITIS_LOOP_23_2' (temporal_r1/ifan_temporal_r1.cpp:23:26) in function 'ifan_temporal_r1_engine'.
INFO: [HLS 200-111] Finished Architecture Synthesis: CPU user time: 1 seconds. CPU system time: 0 seconds. Elapsed time: 1.69 seconds; current allocated memory: 724.230 MB.
INFO: [HLS 200-10] Starting hardware synthesis ...
INFO: [HLS 200-10] Synthesizing 'ifan_temporal_r1_top' ...
INFO: [HLS 200-10] ----------------------------------------------------------------
INFO: [HLS 200-42] -- Implementing module 'ifan_temporal_r1_engine_Pipeline_VITIS_LOOP_49_5_VITIS_LOOP_50_6' 
INFO: [HLS 200-10] ----------------------------------------------------------------
INFO: [SCHED 204-11] Starting scheduling ...
INFO: [SCHED 204-61] Pipelining loop 'VITIS_LOOP_49_5_VITIS_LOOP_50_6'.
INFO: [HLS 200-1470] Pipelining result : Target II = 1, Final II = 1, Depth = 12, loop 'VITIS_LOOP_49_5_VITIS_LOOP_50_6'
INFO: [SCHED 204-11] Finished scheduling.
INFO: [HLS 200-111] Finished Scheduling: CPU user time: 1 seconds. CPU system time: 0 seconds. Elapsed time: 0.307 seconds; current allocated memory: 730.688 MB.
INFO: [BIND 205-100] Starting micro-architecture generation ...
INFO: [BIND 205-101] Performing variable lifetime analysis.
INFO: [BIND 205-101] Exploring resource sharing.
INFO: [BIND 205-101] Binding ...
INFO: [BIND 205-100] Finished micro-architecture generation.
INFO: [HLS 200-111] Finished Binding: CPU user time: 0 seconds. CPU system time: 0 seconds. Elapsed time: 0.084 seconds; current allocated memory: 731.746 MB.
INFO: [HLS 200-10] ----------------------------------------------------------------
INFO: [HLS 200-42] -- Implementing module 'ifan_temporal_r1_engine_Pipeline_VITIS_LOOP_56_7_VITIS_LOOP_57_8_VITIS_LOOP_59_9' 
INFO: [HLS 200-10] ----------------------------------------------------------------
INFO: [SCHED 204-11] Starting scheduling ...
INFO: [HLS 200-1457] Automatically inferring inferring RAM_1WNR storage type for array 'causal_window_9'. Use bind_storage pragma to override this type.
INFO: [HLS 200-1457] Automatically inferring inferring RAM_1WNR storage type for array 'causal_window_8'. Use bind_storage pragma to override this type.
INFO: [HLS 200-1457] Automatically inferring inferring RAM_1WNR storage type for array 'causal_window_1'. Use bind_storage pragma to override this type.
INFO: [HLS 200-1457] Automatically inferring inferring RAM_1WNR storage type for array 'causal_window'. Use bind_storage pragma to override this type.
INFO: [HLS 200-1457] Automatically inferring inferring RAM_1WNR storage type for array 'causal_window_3'. Use bind_storage pragma to override this type.
INFO: [HLS 200-1457] Automatically inferring inferring RAM_1WNR storage type for array 'causal_window_2'. Use bind_storage pragma to override this type.
INFO: [HLS 200-1457] Automatically inferring inferring RAM_1WNR storage type for array 'causal_window_5'. Use bind_storage pragma to override this type.
INFO: [HLS 200-1457] Automatically inferring inferring RAM_1WNR storage type for array 'causal_window_4'. Use bind_storage pragma to override this type.
INFO: [HLS 200-1457] Automatically inferring inferring RAM_1WNR storage type for array 'causal_window_7'. Use bind_storage pragma to override this type.
INFO: [HLS 200-1457] Automatically inferring inferring RAM_1WNR storage type for array 'causal_window_6'. Use bind_storage pragma to override this type.
INFO: [SCHED 204-61] Pipelining loop 'VITIS_LOOP_56_7_VITIS_LOOP_57_8_VITIS_LOOP_59_9'.
INFO: [HLS 200-1470] Pipelining result : Target II = 1, Final II = 1, Depth = 4, loop 'VITIS_LOOP_56_7_VITIS_LOOP_57_8_VITIS_LOOP_59_9'
WARNING: [HLS 200-871] Estimated clock period (3.867 ns) exceeds the target (target clock period: 5.000 ns, clock uncertainty: 1.350 ns, effective delay budget: 3.650 ns).
Resolution: For help on HLS 200-871 see docs.xilinx.com/access/sources/dita/topic?Doc_Version=2024.2%20English&url=ug1448-hls-guidance&resourceid=200-871.html
WARNING: [HLS 200-1016] The critical path in module 'ifan_temporal_r1_engine_Pipeline_VITIS_LOOP_56_7_VITIS_LOOP_57_8_VITIS_LOOP_59_9' consists of the following:
	'load' operation 4 bit ('ci_load', temporal_r1/ifan_temporal_r1.cpp:59) on local variable 'ci', temporal_r1/ifan_temporal_r1.cpp:59 [37]  (0.000 ns)
	'icmp' operation 1 bit ('icmp_ln59', temporal_r1/ifan_temporal_r1.cpp:59) [46]  (1.019 ns)
	'and' operation 1 bit ('and_ln56', temporal_r1/ifan_temporal_r1.cpp:56) [47]  (0.479 ns)
	'or' operation 1 bit ('empty', temporal_r1/ifan_temporal_r1.cpp:56) [50]  (0.000 ns)
	'select' operation 4 bit ('ci_2_mid2', temporal_r1/ifan_temporal_r1.cpp:56) [51]  (0.517 ns)
	'add' operation 4 bit ('add_ln59', temporal_r1/ifan_temporal_r1.cpp:59) [148]  (1.019 ns)
	'store' operation 0 bit ('ci_write_ln59', temporal_r1/ifan_temporal_r1.cpp:59) of variable 'add_ln59', temporal_r1/ifan_temporal_r1.cpp:59 on local variable 'ci', temporal_r1/ifan_temporal_r1.cpp:59 [155]  (0.833 ns)

Resolution: For help on HLS 200-1016 see docs.xilinx.com/access/sources/dita/topic?Doc_Version=2024.2%20English&url=ug1448-hls-guidance&resourceid=200-1016.html
INFO: [SCHED 204-11] Finished scheduling.
INFO: [HLS 200-111] Finished Scheduling: CPU user time: 0 seconds. CPU system time: 0 seconds. Elapsed time: 0.214 seconds; current allocated memory: 732.730 MB.
INFO: [BIND 205-100] Starting micro-architecture generation ...
INFO: [BIND 205-101] Performing variable lifetime analysis.
INFO: [BIND 205-101] Exploring resource sharing.
INFO: [BIND 205-101] Binding ...
INFO: [BIND 205-100] Finished micro-architecture generation.
INFO: [HLS 200-111] Finished Binding: CPU user time: 0 seconds. CPU system time: 0 seconds. Elapsed time: 0.066 seconds; current allocated memory: 733.102 MB.
INFO: [HLS 200-10] ----------------------------------------------------------------
INFO: [HLS 200-42] -- Implementing module 'ifan_temporal_r1_engine_Pipeline_VITIS_LOOP_23_2_VITIS_LOOP_24_3' 
INFO: [HLS 200-10] ----------------------------------------------------------------
INFO: [SCHED 204-11] Starting scheduling ...
INFO: [SCHED 204-61] Pipelining loop 'VITIS_LOOP_23_2_VITIS_LOOP_24_3'.
INFO: [HLS 200-1470] Pipelining result : Target II = 1, Final II = 1, Depth = 10, loop 'VITIS_LOOP_23_2_VITIS_LOOP_24_3'
INFO: [SCHED 204-11] Finished scheduling.
INFO: [HLS 200-111] Finished Scheduling: CPU user time: 0 seconds. CPU system time: 0 seconds. Elapsed time: 0.169 seconds; current allocated memory: 735.145 MB.
INFO: [BIND 205-100] Starting micro-architecture generation ...
INFO: [BIND 205-101] Performing variable lifetime analysis.
INFO: [BIND 205-101] Exploring resource sharing.
INFO: [BIND 205-101] Binding ...
INFO: [BIND 205-100] Finished micro-architecture generation.
INFO: [HLS 200-111] Finished Binding: CPU user time: 0 seconds. CPU system time: 0 seconds. Elapsed time: 0.09 seconds; current allocated memory: 735.145 MB.
INFO: [HLS 200-10] ----------------------------------------------------------------
INFO: [HLS 200-42] -- Implementing module 'ifan_temporal_r1_engine_Pipeline_VITIS_LOOP_23_2_VITIS_LOOP_24_32' 
INFO: [HLS 200-10] ----------------------------------------------------------------
INFO: [SCHED 204-11] Starting scheduling ...
INFO: [SCHED 204-61] Pipelining loop 'VITIS_LOOP_23_2_VITIS_LOOP_24_3'.
INFO: [HLS 200-1470] Pipelining result : Target II = 1, Final II = 1, Depth = 10, loop 'VITIS_LOOP_23_2_VITIS_LOOP_24_3'
INFO: [SCHED 204-11] Finished scheduling.
INFO: [HLS 200-111] Finished Scheduling: CPU user time: 0 seconds. CPU system time: 0 seconds. Elapsed time: 0.183 seconds; current allocated memory: 736.934 MB.
INFO: [BIND 205-100] Starting micro-architecture generation ...
INFO: [BIND 205-101] Performing variable lifetime analysis.
INFO: [BIND 205-101] Exploring resource sharing.
INFO: [BIND 205-101] Binding ...
INFO: [BIND 205-100] Finished micro-architecture generation.
INFO: [HLS 200-111] Finished Binding: CPU user time: 0 seconds. CPU system time: 0 seconds. Elapsed time: 0.094 seconds; current allocated memory: 737.203 MB.
INFO: [HLS 200-10] ----------------------------------------------------------------
INFO: [HLS 200-42] -- Implementing module 'ifan_temporal_r1_engine_Pipeline_VITIS_LOOP_74_11' 
INFO: [HLS 200-10] ----------------------------------------------------------------
INFO: [SCHED 204-11] Starting scheduling ...
INFO: [HLS 200-1457] Automatically inferring inferring RAM_1WNR storage type for array 'causal_window_9'. Use bind_storage pragma to override this type.
INFO: [HLS 200-1457] Automatically inferring inferring RAM_1WNR storage type for array 'causal_window_8'. Use bind_storage pragma to override this type.
INFO: [HLS 200-1457] Automatically inferring inferring RAM_1WNR storage type for array 'causal_window_7'. Use bind_storage pragma to override this type.
INFO: [HLS 200-1457] Automatically inferring inferring RAM_1WNR storage type for array 'causal_window_6'. Use bind_storage pragma to override this type.
INFO: [HLS 200-1457] Automatically inferring inferring RAM_1WNR storage type for array 'causal_window_5'. Use bind_storage pragma to override this type.
INFO: [HLS 200-1457] Automatically inferring inferring RAM_1WNR storage type for array 'causal_window_4'. Use bind_storage pragma to override this type.
INFO: [HLS 200-1457] Automatically inferring inferring RAM_1WNR storage type for array 'causal_window_3'. Use bind_storage pragma to override this type.
INFO: [HLS 200-1457] Automatically inferring inferring RAM_1WNR storage type for array 'causal_window_2'. Use bind_storage pragma to override this type.
INFO: [HLS 200-1457] Automatically inferring inferring RAM_1WNR storage type for array 'causal_window_1'. Use bind_storage pragma to override this type.
INFO: [HLS 200-1457] Automatically inferring inferring RAM_1WNR storage type for array 'causal_window'. Use bind_storage pragma to override this type.
INFO: [SCHED 204-61] Pipelining loop 'VITIS_LOOP_74_11'.
INFO: [HLS 200-1470] Pipelining result : Target II = 1, Final II = 1, Depth = 72, loop 'VITIS_LOOP_74_11'
INFO: [SCHED 204-11] Finished scheduling.
INFO: [HLS 200-111] Finished Scheduling: CPU user time: 3 seconds. CPU system time: 0 seconds. Elapsed time: 2.409 seconds; current allocated memory: 797.672 MB.
INFO: [BIND 205-100] Starting micro-architecture generation ...
INFO: [BIND 205-101] Performing variable lifetime analysis.
INFO: [BIND 205-101] Exploring resource sharing.
INFO: [BIND 205-101] Binding ...
INFO: [BIND 205-100] Finished micro-architecture generation.
INFO: [HLS 200-111] Finished Binding: CPU user time: 0 seconds. CPU system time: 0 seconds. Elapsed time: 0.963 seconds; current allocated memory: 813.730 MB.
INFO: [HLS 200-10] ----------------------------------------------------------------
INFO: [HLS 200-42] -- Implementing module 'ifan_temporal_r1_engine' 
INFO: [HLS 200-10] ----------------------------------------------------------------
INFO: [SCHED 204-11] Starting scheduling ...
INFO: [SCHED 204-11] Finished scheduling.
INFO: [HLS 200-111] Finished Scheduling: CPU user time: 1 seconds. CPU system time: 1 seconds. Elapsed time: 1.136 seconds; current allocated memory: 813.730 MB.
INFO: [BIND 205-100] Starting micro-architecture generation ...
INFO: [BIND 205-101] Performing variable lifetime analysis.
INFO: [BIND 205-101] Exploring resource sharing.
INFO: [BIND 205-101] Binding ...
INFO: [BIND 205-100] Finished micro-architecture generation.
INFO: [HLS 200-111] Finished Binding: CPU user time: 1 seconds. CPU system time: 0 seconds. Elapsed time: 0.174 seconds; current allocated memory: 813.730 MB.
INFO: [HLS 200-10] ----------------------------------------------------------------
INFO: [HLS 200-42] -- Implementing module 'ifan_temporal_r1_top' 
INFO: [HLS 200-10] ----------------------------------------------------------------
INFO: [SCHED 204-11] Starting scheduling ...
INFO: [SCHED 204-11] Finished scheduling.
INFO: [HLS 200-111] Finished Scheduling: CPU user time: 0 seconds. CPU system time: 0 seconds. Elapsed time: 0.234 seconds; current allocated memory: 813.730 MB.
INFO: [BIND 205-100] Starting micro-architecture generation ...
INFO: [BIND 205-101] Performing variable lifetime analysis.
INFO: [BIND 205-101] Exploring resource sharing.
INFO: [BIND 205-101] Binding ...
INFO: [BIND 205-100] Finished micro-architecture generation.
INFO: [HLS 200-111] Finished Binding: CPU user time: 0 seconds. CPU system time: 0 seconds. Elapsed time: 0.07 seconds; current allocated memory: 813.730 MB.
INFO: [HLS 200-10] ----------------------------------------------------------------
INFO: [HLS 200-10] -- Generating RTL for module 'ifan_temporal_r1_engine_Pipeline_VITIS_LOOP_49_5_VITIS_LOOP_50_6' 
INFO: [HLS 200-10] ----------------------------------------------------------------
INFO: [HLS 200-1030] Apply Unified Pipeline Control on module 'ifan_temporal_r1_engine_Pipeline_VITIS_LOOP_49_5_VITIS_LOOP_50_6' pipeline 'VITIS_LOOP_49_5_VITIS_LOOP_50_6' pipeline type 'loop pipeline'
INFO: [RTGEN 206-100] Generating core module 'bitselect_1ns_54ns_32s_1_1_1': 2 instance(s).
INFO: [RTGEN 206-100] Generating core module 'fpext_32ns_64_2_no_dsp_1': 1 instance(s).
INFO: [RTGEN 206-100] Generating core module 'sparsemux_7_2_16_1_1': 2 instance(s).
INFO: [RTGEN 206-100] Generating core module 'sparsemux_7_2_1_1_1': 3 instance(s).
INFO: [RTGEN 206-100] Finished creating RTL model for 'ifan_temporal_r1_engine_Pipeline_VITIS_LOOP_49_5_VITIS_LOOP_50_6'.
INFO: [HLS 200-111] Finished Creating RTL model: CPU user time: 0 seconds. CPU system time: 0 seconds. Elapsed time: 0.218 seconds; current allocated memory: 813.730 MB.
INFO: [HLS 200-10] ----------------------------------------------------------------
INFO: [HLS 200-10] -- Generating RTL for module 'ifan_temporal_r1_engine_Pipeline_VITIS_LOOP_56_7_VITIS_LOOP_57_8_VITIS_LOOP_59_9' 
INFO: [HLS 200-10] ----------------------------------------------------------------
INFO: [HLS 200-1030] Apply Unified Pipeline Control on module 'ifan_temporal_r1_engine_Pipeline_VITIS_LOOP_56_7_VITIS_LOOP_57_8_VITIS_LOOP_59_9' pipeline 'VITIS_LOOP_56_7_VITIS_LOOP_57_8_VITIS_LOOP_59_9' pipeline type 'loop pipeline'
INFO: [RTGEN 206-100] Generating core module 'sparsemux_17_3_16_1_1': 1 instance(s).
INFO: [RTGEN 206-100] Finished creating RTL model for 'ifan_temporal_r1_engine_Pipeline_VITIS_LOOP_56_7_VITIS_LOOP_57_8_VITIS_LOOP_59_9'.
INFO: [HLS 200-111] Finished Creating RTL model: CPU user time: 0 seconds. CPU system time: 0 seconds. Elapsed time: 0.797 seconds; current allocated memory: 813.730 MB.
INFO: [HLS 200-10] ----------------------------------------------------------------
INFO: [HLS 200-10] -- Generating RTL for module 'ifan_temporal_r1_engine_Pipeline_VITIS_LOOP_23_2_VITIS_LOOP_24_3' 
INFO: [HLS 200-10] ----------------------------------------------------------------
INFO: [HLS 200-1030] Apply Unified Pipeline Control on module 'ifan_temporal_r1_engine_Pipeline_VITIS_LOOP_23_2_VITIS_LOOP_24_3' pipeline 'VITIS_LOOP_23_2_VITIS_LOOP_24_3' pipeline type 'loop pipeline'
INFO: [RTGEN 206-100] Generating core module 'bitselect_1ns_54ns_32s_1_1_1': 2 instance(s).
INFO: [RTGEN 206-100] Generating core module 'fpext_32ns_64_2_no_dsp_1': 1 instance(s).
INFO: [RTGEN 206-100] Generating core module 'sparsemux_11_3_32_1_1': 1 instance(s).
INFO: [RTGEN 206-100] Generating core module 'sparsemux_7_2_14_1_1': 2 instance(s).
INFO: [RTGEN 206-100] Generating core module 'sparsemux_7_2_1_1_1': 3 instance(s).
INFO: [RTGEN 206-100] Finished creating RTL model for 'ifan_temporal_r1_engine_Pipeline_VITIS_LOOP_23_2_VITIS_LOOP_24_3'.
INFO: [HLS 200-111] Finished Creating RTL model: CPU user time: 1 seconds. CPU system time: 0 seconds. Elapsed time: 0.551 seconds; current allocated memory: 813.730 MB.
INFO: [HLS 200-10] ----------------------------------------------------------------
INFO: [HLS 200-10] -- Generating RTL for module 'ifan_temporal_r1_engine_Pipeline_VITIS_LOOP_23_2_VITIS_LOOP_24_32' 
INFO: [HLS 200-10] ----------------------------------------------------------------
INFO: [HLS 200-1030] Apply Unified Pipeline Control on module 'ifan_temporal_r1_engine_Pipeline_VITIS_LOOP_23_2_VITIS_LOOP_24_32' pipeline 'VITIS_LOOP_23_2_VITIS_LOOP_24_3' pipeline type 'loop pipeline'
INFO: [RTGEN 206-100] Generating core module 'bitselect_1ns_54ns_32s_1_1_1': 2 instance(s).
INFO: [RTGEN 206-100] Generating core module 'fpext_32ns_64_2_no_dsp_1': 1 instance(s).
INFO: [RTGEN 206-100] Generating core module 'sparsemux_11_3_32_1_1': 1 instance(s).
INFO: [RTGEN 206-100] Generating core module 'sparsemux_7_2_14_1_1': 2 instance(s).
INFO: [RTGEN 206-100] Generating core module 'sparsemux_7_2_1_1_1': 3 instance(s).
INFO: [RTGEN 206-100] Finished creating RTL model for 'ifan_temporal_r1_engine_Pipeline_VITIS_LOOP_23_2_VITIS_LOOP_24_32'.
INFO: [HLS 200-111] Finished Creating RTL model: CPU user time: 0 seconds. CPU system time: 1 seconds. Elapsed time: 0.835 seconds; current allocated memory: 813.730 MB.
INFO: [HLS 200-10] ----------------------------------------------------------------
INFO: [HLS 200-10] -- Generating RTL for module 'ifan_temporal_r1_engine_Pipeline_VITIS_LOOP_74_11' 
INFO: [HLS 200-10] ----------------------------------------------------------------
INFO: [HLS 200-1030] Apply Unified Pipeline Control on module 'ifan_temporal_r1_engine_Pipeline_VITIS_LOOP_74_11' pipeline 'VITIS_LOOP_74_11' pipeline type 'loop pipeline'
INFO: [RTGEN 206-104] Estimated max fanout for 'ifan_temporal_r1_engine_Pipeline_VITIS_LOOP_74_11' is 28787 from HDL expression: (1'b0 == ap_block_pp0_stage0_11001)
INFO: [RTGEN 206-100] Generating core module 'bitselect_1ns_40ns_32s_1_1_1': 2 instance(s).
INFO: [RTGEN 206-100] Generating core module 'bitselect_1ns_54ns_32s_1_1_1': 2 instance(s).
INFO: [RTGEN 206-100] Generating core module 'ctlz_40_40_1_1': 2 instance(s).
INFO: [RTGEN 206-100] Generating core module 'mul_26s_25s_51_5_1': 80 instance(s).
INFO: [RTGEN 206-100] Generating core module 'sparsemux_7_2_1_1_1': 2 instance(s).
INFO: [RTGEN 206-100] Generating core module 'sparsemux_7_2_40_1_1': 2 instance(s).
INFO: [RTGEN 206-100] Finished creating RTL model for 'ifan_temporal_r1_engine_Pipeline_VITIS_LOOP_74_11'.
INFO: [HLS 200-111] Finished Creating RTL model: CPU user time: 2 seconds. CPU system time: 0 seconds. Elapsed time: 2.592 seconds; current allocated memory: 835.852 MB.
INFO: [HLS 200-10] ----------------------------------------------------------------
INFO: [HLS 200-10] -- Generating RTL for module 'ifan_temporal_r1_engine' 
INFO: [HLS 200-10] ----------------------------------------------------------------
INFO: [RTGEN 206-100] Generating core module 'bitselect_1ns_54ns_32s_1_1_1': 2 instance(s).
INFO: [RTGEN 206-100] Generating core module 'fpext_32ns_64_2_no_dsp_1': 3 instance(s).
INFO: [RTGEN 206-100] Finished creating RTL model for 'ifan_temporal_r1_engine'.
INFO: [RTMG 210-278] Implementing memory 'ifan_temporal_r1_top_ifan_temporal_r1_engine_staged_input_RAM_AUTO_1R1W' using auto RAMs.
INFO: [HLS 200-2167] Implementing memory 'ifan_temporal_r1_top_ifan_temporal_r1_engine_causal_window_RAM_1WNR_AUTO_1R1W' using auto RAMs with 3 copies to ensure enough ports to satisfy II or latency constraints.
INFO: [RTMG 210-278] Implementing memory 'ifan_temporal_r1_top_ifan_temporal_r1_engine_staged_weight_RAM_AUTO_1R1W' using auto RAMs.
INFO: [HLS 200-111] Finished Creating RTL model: CPU user time: 3 seconds. CPU system time: 7 seconds. Elapsed time: 9.231 seconds; current allocated memory: 886.730 MB.
INFO: [HLS 200-10] ----------------------------------------------------------------
INFO: [HLS 200-10] -- Generating RTL for module 'ifan_temporal_r1_top' 
INFO: [HLS 200-10] ----------------------------------------------------------------
INFO: [RTGEN 206-500] Setting interface mode on port 'ifan_temporal_r1_top/input_r' to 'ap_memory'.
INFO: [RTGEN 206-500] Setting interface mode on port 'ifan_temporal_r1_top/weight_0_0' to 'ap_memory'.
INFO: [RTGEN 206-500] Setting interface mode on port 'ifan_temporal_r1_top/weight_0_1' to 'ap_memory'.
INFO: [RTGEN 206-500] Setting interface mode on port 'ifan_temporal_r1_top/weight_0_2' to 'ap_memory'.
INFO: [RTGEN 206-500] Setting interface mode on port 'ifan_temporal_r1_top/weight_0_3' to 'ap_memory'.
INFO: [RTGEN 206-500] Setting interface mode on port 'ifan_temporal_r1_top/weight_0_4' to 'ap_memory'.
INFO: [RTGEN 206-500] Setting interface mode on port 'ifan_temporal_r1_top/weight_1_0' to 'ap_memory'.
INFO: [RTGEN 206-500] Setting interface mode on port 'ifan_temporal_r1_top/weight_1_1' to 'ap_memory'.
INFO: [RTGEN 206-500] Setting interface mode on port 'ifan_temporal_r1_top/weight_1_2' to 'ap_memory'.
INFO: [RTGEN 206-500] Setting interface mode on port 'ifan_temporal_r1_top/weight_1_3' to 'ap_memory'.
INFO: [RTGEN 206-500] Setting interface mode on port 'ifan_temporal_r1_top/weight_1_4' to 'ap_memory'.
INFO: [RTGEN 206-500] Setting interface mode on port 'ifan_temporal_r1_top/bias_0' to 'ap_memory'.
INFO: [RTGEN 206-500] Setting interface mode on port 'ifan_temporal_r1_top/bias_1' to 'ap_memory'.
INFO: [RTGEN 206-500] Setting interface mode on port 'ifan_temporal_r1_top/output_r' to 'ap_memory'.
INFO: [RTGEN 206-500] Setting interface mode on function 'ifan_temporal_r1_top' to 'ap_ctrl_hs'.
INFO: [RTGEN 206-100] Finished creating RTL model for 'ifan_temporal_r1_top'.
INFO: [HLS 200-111] Finished Creating RTL model: CPU user time: 1 seconds. CPU system time: 0 seconds. Elapsed time: 1.31 seconds; current allocated memory: 896.578 MB.
INFO: [HLS 200-111] Finished Generating all RTL models: CPU user time: 0 seconds. CPU system time: 1 seconds. Elapsed time: 1.023 seconds; current allocated memory: 902.852 MB.
INFO: [HLS 200-111] Finished Updating report files: CPU user time: 2 seconds. CPU system time: 0 seconds. Elapsed time: 1.808 seconds; current allocated memory: 930.918 MB.
INFO: [VHDL 208-304] Generating VHDL RTL for ifan_temporal_r1_top.
INFO: [VLOG 209-307] Generating Verilog RTL for ifan_temporal_r1_top.
INFO: [HLS 200-790] **** Loop Constraint Status: All loop constraints were satisfied.
INFO: [HLS 200-789] **** Estimated Fmax: 258.60 MHz
INFO: [HLS 200-2161] Finished Command csynth_design Elapsed time: 00:00:49; Allocated memory: 313.230 MB.
INFO: [HLS 200-112] Total CPU user time: 25 seconds. Total CPU system time: 12 seconds. Total elapsed time: 55.188 seconds; peak allocated memory: 930.918 MB.
